Archive member included to satisfy reference by file (symbol)

third_party/psyq/lib\libapi.a(counter.o)
                              tools.o (GetRCnt)
third_party/psyq/lib\libc.a(c47.o)
                              tools.o (rand)
third_party/psyq/lib\libc.a(c48.o)
                              tools.o (srand)
third_party/psyq/lib\libc.a(c63.o)
                              main.o (printf)
third_party/psyq/lib\libcd.a(cdplay.o)
                              main.o (CdPlay)
third_party/psyq/lib\libcd.a(event.o)
                              main.o (CdInit)
third_party/psyq/lib\libcd.a(s_011.o)
                              third_party/psyq/lib\libcd.a(cdplay.o) (CdIntstr)
third_party/psyq/lib\libcd.a(s_012.o)
                              third_party/psyq/lib\libcd.a(cdplay.o) (CdSync)
third_party/psyq/lib\libcd.a(s_015.o)
                              third_party/psyq/lib\libcd.a(cdplay.o) (CdReadyCallback)
third_party/psyq/lib\libcd.a(s_016.o)
                              third_party/psyq/lib\libcd.a(cdplay.o) (CdControl)
third_party/psyq/lib\libcd.a(toc.o)
                              tools.o (CdGetToc)
third_party/psyq/lib\libcd.a(bios_1.o)
                              third_party/psyq/lib\libcd.a(event.o) (CD_cbready)
third_party/psyq/lib\libcd.a(s_014.o)
                              third_party/psyq/lib\libcd.a(toc.o) (CdSyncCallback)
third_party/psyq/lib\libetc.a(intr.o)
                              third_party/psyq/lib\libcd.a(bios_1.o) (CheckCallback)
third_party/psyq/lib\libetc.a(intr_dma.o)
                              third_party/psyq/lib\libetc.a(intr.o) (startIntrDMA)
third_party/psyq/lib\libetc.a(intr_vb.o)
                              third_party/psyq/lib\libetc.a(intr.o) (startIntrVSync)
third_party/psyq/lib\libetc.a(pad.o)
                              main.o (PadRead)
third_party/psyq/lib\libetc.a(vmode.o)
                              main.o (SetVideoMode)
third_party/psyq/lib\libetc.a(vsync.o)
                              main.o (VSync)
third_party/psyq/lib\libgpu.a(font.o)
                              main.o (FntFlush)
third_party/psyq/lib\libgpu.a(p00.o)
                              main.o (GetTPage)
third_party/psyq/lib\libgpu.a(p06.o)
                              third_party/psyq/lib\libgpu.a(font.o) (AddPrim)
third_party/psyq/lib\libgpu.a(p09.o)
                              third_party/psyq/lib\libgpu.a(font.o) (TermPrim)
third_party/psyq/lib\libgpu.a(p10.o)
                              third_party/psyq/lib\libgpu.a(font.o) (SetSemiTrans)
third_party/psyq/lib\libgpu.a(p20.o)
                              third_party/psyq/lib\libgpu.a(font.o) (SetSprt8)
third_party/psyq/lib\libgpu.a(p26.o)
                              third_party/psyq/lib\libgpu.a(font.o) (SetTile)
third_party/psyq/lib\libgpu.a(p41.o)
                              third_party/psyq/lib\libgpu.a(font.o) (SetDrawMode)
third_party/psyq/lib\libgpu.a(sys.o)
                              main.o (ClearImage2)
third_party/psyq/lib\libgpu.a(e00.o)
                              third_party/psyq/lib\libgpu.a(font.o) (LoadTPage)
third_party/psyq/lib\libgpu.a(e02.o)
                              third_party/psyq/lib\libgpu.a(font.o) (LoadClut2)
third_party/psyq/lib\libgpu.a(p01.o)
                              third_party/psyq/lib\libgpu.a(e02.o) (GetClut)
third_party/psyq/lib\libgs.a(2d_sp0.o)
                              main.o (GsSortSprite)
third_party/psyq/lib\libgs.a(global.o)
                              third_party/psyq/lib\libgs.a(2d_sp0.o) (GsOUT_PACKET_P)
third_party/psyq/lib\libgs.a(gs_001.o)
                              third_party/psyq/lib\libgs.a(2d_sp0.o) (GsORGOFSY)
third_party/psyq/lib\libgs.a(gs_0021.o)
                              main.o (GsGetActiveBuff)
third_party/psyq/lib\libgs.a(gs_0022.o)
                              third_party/psyq/lib\libgs.a(gs_001.o) (GsSetDrawBuffOffset)
third_party/psyq/lib\libgs.a(gs_003.o)
                              third_party/psyq/lib\libgs.a(gs_001.o) (GsSetDrawBuffClip)
third_party/psyq/lib\libgs.a(gs_010.o)
                              main.o (GsSwapDispBuff)
third_party/psyq/lib\libgs.a(gs_103.o)
                              main.o (GsDefDispBuff)
third_party/psyq/lib\libgs.a(gs_104.o)
                              third_party/psyq/lib\libgs.a(gs_001.o) (HWD0)
third_party/psyq/lib\libgs.a(gs_107.o)
                              third_party/psyq/lib\libgs.a(gs_001.o) (GsLIGHTWSMATRIX)
third_party/psyq/lib\libgs.a(gs_111.o)
                              main.o (GsDrawOt)
third_party/psyq/lib\libgs.a(gs_113.o)
                              main.o (GsClearOt)
third_party/psyq/lib\libgs.a(gs_121.o)
                              third_party/psyq/lib\libgs.a(gs_001.o) (gte_init)
third_party/psyq/lib\libgs.a(gs_122.o)
                              main.o (GsGetTimInfo)
third_party/psyq/lib\libgs.a(gs_124.o)
                              main.o (GsSetWorkBase)
third_party/psyq/lib\libgs.a(gs_128.o)
                              third_party/psyq/lib\libgs.a(2d_sp0.o) (GsIDMATRIX)
third_party/psyq/lib\libgs.a(2d_com1.o)
                              third_party/psyq/lib\libgs.a(2d_sp0.o) (_make_packet)
third_party/psyq/lib\libgte.a(cmb_00.o)
                              third_party/psyq/lib\libgs.a(2d_sp0.o) (RotTransPers4)
third_party/psyq/lib\libgte.a(fgo_01.o)
                              third_party/psyq/lib\libgs.a(2d_sp0.o) (RotMatrix)
third_party/psyq/lib\libgte.a(msc00.o)
                              third_party/psyq/lib\libgs.a(gs_121.o) (InitGeom)
third_party/psyq/lib\libgte.a(msc01.o)
                              third_party/psyq/lib\libgs.a(gs_107.o) (SquareRoot0)
third_party/psyq/lib\libgte.a(mtx_07.o)
                              third_party/psyq/lib\libgs.a(2d_sp0.o) (TransMatrix)
third_party/psyq/lib\libgte.a(mtx_08.o)
                              third_party/psyq/lib\libgs.a(2d_sp0.o) (ScaleMatrix)
third_party/psyq/lib\libgte.a(mtx_09.o)
                              third_party/psyq/lib\libgs.a(2d_sp0.o) (SetRotMatrix)
third_party/psyq/lib\libgte.a(mtx_11.o)
                              third_party/psyq/lib\libgs.a(gs_107.o) (SetColorMatrix)
third_party/psyq/lib\libgte.a(mtx_12.o)
                              third_party/psyq/lib\libgs.a(2d_sp0.o) (SetTransMatrix)
third_party/psyq/lib\libgte.a(patchgte.o)
                              third_party/psyq/lib\libgte.a(msc00.o) (_patch_gte)
third_party/psyq/lib\libgte.a(reg09.o)
                              third_party/psyq/lib\libgs.a(2d_sp0.o) (ReadGeomScreen)
third_party/psyq/lib\libgte.a(reg11.o)
                              third_party/psyq/lib\libgs.a(gs_121.o) (SetFarColor)
third_party/psyq/lib\libgte.a(reg12.o)
                              third_party/psyq/lib\libgs.a(gs_0022.o) (SetGeomOffset)
third_party/psyq/lib\libgte.a(sqrtbl.o)
                              third_party/psyq/lib\libgte.a(msc01.o) (SQRT)
third_party/psyq/lib\libgte.a(cstbl.o)
                              third_party/psyq/lib\libgte.a(fgo_01.o) (rcossin_tbl)
third_party/psyq/lib\libspu.a(s_gca.o)
                              main.o (SpuGetCommonAttr)
third_party/psyq/lib\libspu.a(s_i.o)
                              main.o (SpuInit)
third_party/psyq/lib\libspu.a(s_ini.o)
                              third_party/psyq/lib\libspu.a(s_i.o) (_SpuInit)
third_party/psyq/lib\libspu.a(s_m.o)
                              third_party/psyq/lib\libspu.a(s_ini.o) (_spu_memList)
third_party/psyq/lib\libspu.a(s_rmp0.o)
                              third_party/psyq/lib\libspu.a(s_ini.o) (_spu_rev_startaddr)
third_party/psyq/lib\libspu.a(s_sccm.o)
                              main.o (SpuSetCommonCDMix)
third_party/psyq/lib\libspu.a(s_sccv.o)
                              main.o (SpuSetCommonCDVolume)
third_party/psyq/lib\libspu.a(s_scmv.o)
                              main.o (SpuSetCommonMasterVolume)
third_party/psyq/lib\libspu.a(spu.o)
                              third_party/psyq/lib\libspu.a(s_ini.o) (_spu_FiDMA)
third_party/psyq/lib\libspu.a(s_dcb.o)
                              third_party/psyq/lib\libspu.a(s_ini.o) (_SpuDataCallback)
third_party/psyq/lib\libapi.a(a07.o)
                              third_party/psyq/lib\libcd.a(event.o) (DeliverEvent)
third_party/psyq/lib\libapi.a(a08.o)
                              third_party/psyq/lib\libspu.a(s_ini.o) (OpenEvent)
third_party/psyq/lib\libapi.a(a12.o)
                              third_party/psyq/lib\libspu.a(s_ini.o) (EnableEvent)
third_party/psyq/lib\libapi.a(a22.o)
                              third_party/psyq/lib\libetc.a(pad.o) (PAD_dr)
third_party/psyq/lib\libapi.a(a23.o)
                              third_party/psyq/lib\libetc.a(intr.o) (ReturnFromException)
third_party/psyq/lib\libapi.a(a24.o)
                              third_party/psyq/lib\libetc.a(intr.o) (ResetEntryInt)
third_party/psyq/lib\libapi.a(a25.o)
                              third_party/psyq/lib\libetc.a(intr.o) (HookEntryInt)
third_party/psyq/lib\libapi.a(a36.o)
                              third_party/psyq/lib\libetc.a(intr.o) (EnterCriticalSection)
third_party/psyq/lib\libapi.a(a37.o)
                              third_party/psyq/lib\libetc.a(intr.o) (ExitCriticalSection)
third_party/psyq/lib\libapi.a(a91.o)
                              third_party/psyq/lib\libetc.a(intr.o) (ChangeClearPAD)
third_party/psyq/lib\libapi.a(c114.o)
                              third_party/psyq/lib\libetc.a(intr.o) (_96_remove)
third_party/psyq/lib\libapi.a(c68.o)
                              third_party/psyq/lib\libgte.a(patchgte.o) (FlushCache)
third_party/psyq/lib\libapi.a(c73.o)
                              third_party/psyq/lib\libgpu.a(sys.o) (GPU_cw)
third_party/psyq/lib\libapi.a(l10.o)
                              third_party/psyq/lib\libetc.a(intr.o) (ChangeClearRCnt)
third_party/psyq/lib\libapi.a(pad.o)
                              third_party/psyq/lib\libetc.a(pad.o) (PAD_init)
third_party/psyq/lib\libapi.a(patch.o)
                              third_party/psyq/lib\libapi.a(pad.o) (_patch_pad)
third_party/psyq/lib\libapi.a(a18.o)
                              third_party/psyq/lib\libapi.a(pad.o) (InitPAD2)
third_party/psyq/lib\libapi.a(a19.o)
                              third_party/psyq/lib\libapi.a(pad.o) (StartPAD2)
third_party/psyq/lib\libapi.a(a21.o)
                              third_party/psyq/lib\libapi.a(pad.o) (PAD_init2)
third_party/psyq/lib\libapi.a(chclrpad.o)
                              third_party/psyq/lib\libapi.a(pad.o) (_remove_ChgclrPAD)
third_party/psyq/lib\libapi.a(l02.o)
                              third_party/psyq/lib\libapi.a(pad.o) (SysEnqIntRP)
third_party/psyq/lib\libapi.a(l03.o)
                              third_party/psyq/lib\libapi.a(pad.o) (SysDeqIntRP)
third_party/psyq/lib\libc.a(a63.o)
                              third_party/psyq/lib\libcd.a(bios_1.o) (puts)
third_party/psyq/lib\libc.a(c19.o)
                              third_party/psyq/lib\libetc.a(intr.o) (setjmp)
third_party/psyq/lib\libc.a(c27.o)
                              third_party/psyq/lib\libgpu.a(font.o) (strlen)
third_party/psyq/lib\libc.a(c42.o)
                              third_party/psyq/lib\libgpu.a(sys.o) (memcpy)
third_party/psyq/lib\libc.a(c43.o)
                              third_party/psyq/lib\libgpu.a(font.o) (memset)

Discarded input sections

 .text          0x0000000000000000        0x0 third_party/nugget/common/crt0/crt0.o
 .bss           0x0000000000000000        0x0 third_party/nugget/common/crt0/crt0.o
 .MIPS.abiflags
                0x0000000000000000       0x18 third_party/nugget/common/crt0/crt0.o
 .text          0x0000000000000000        0x0 main.o
 .bss           0x0000000000000000        0x0 main.o
 .reginfo       0x0000000000000000       0x18 main.o
 .MIPS.abiflags
                0x0000000000000000       0x18 main.o
 .pdr           0x0000000000000000      0x160 main.o
 .sbss.image1_addr
                0x0000000000000000        0x4 main.o
 .sbss.cdInfoGetlocp
                0x0000000000000000        0x8 main.o
 .text          0x0000000000000000        0x0 tools.o
 .bss           0x0000000000000000        0x0 tools.o
 .reginfo       0x0000000000000000       0x18 tools.o
 .MIPS.abiflags
                0x0000000000000000       0x18 tools.o
 .pdr           0x0000000000000000      0x120 tools.o
 .text.drawTextAtPosition
                0x0000000000000000       0x74 tools.o
 .text          0x0000000000000000       0x80 third_party/psyq/lib\libgs.a(gs_104.o)
 .text          0x0000000000000000      0x570 third_party/psyq/lib\libgs.a(gs_107.o)
 .text          0x0000000000000000       0x90 third_party/psyq/lib\libgte.a(msc01.o)
 .text          0x0000000000000000       0x30 third_party/psyq/lib\libgte.a(mtx_11.o)

Memory Configuration

Name             Origin             Length             Attributes
loader           0x000000008000f800 0x0000000000000800
ram              0x0000000080010000 0x00000000001f0000 xrw
dcache           0x000000001f800000 0x0000000000000400
*default*        0x0000000000000000 0xffffffffffffffff

Linker script and memory map

LOAD third_party/nugget/common/crt0/crt0.o
LOAD main.o
LOAD tools.o
START GROUP
LOAD third_party/psyq/lib\libapi.a
LOAD third_party/psyq/lib\libc.a
LOAD third_party/psyq/lib\libc2.a
LOAD third_party/psyq/lib\libcard.a
LOAD third_party/psyq/lib\libcd.a
LOAD third_party/psyq/lib\libcomb.a
LOAD third_party/psyq/lib\libds.a
LOAD third_party/psyq/lib\libetc.a
LOAD third_party/psyq/lib\libgpu.a
LOAD third_party/psyq/lib\libgs.a
LOAD third_party/psyq/lib\libgte.a
LOAD third_party/psyq/lib\libgun.a
LOAD third_party/psyq/lib\libhmd.a
LOAD third_party/psyq/lib\libmath.a
LOAD third_party/psyq/lib\libmcrd.a
LOAD third_party/psyq/lib\libmcx.a
LOAD third_party/psyq/lib\libpad.a
LOAD third_party/psyq/lib\libpress.a
LOAD third_party/psyq/lib\libsio.a
LOAD third_party/psyq/lib\libsnd.a
LOAD third_party/psyq/lib\libspu.a
LOAD third_party/psyq/lib\libtap.a
END GROUP
                0x000000008004e6e8                __heap_base = __bss_end
                0x0000000080010000                TLOAD_ADDR = DEFINED (TLOAD_ADDR)?TLOAD_ADDR:0x80010000
                0x0000000080200000                __ram_top = (ORIGIN (ram) + LENGTH (ram))
                0x00000000801fff00                __sp = (__ram_top - 0x100)
                0x000000001f800000                __dcache = ORIGIN (dcache)
                0x000000001f800400                __dcache_top = (ORIGIN (dcache) + LENGTH (dcache))
                0x00000000000066e8                __bss_len = (__bss_end - __bss_start)
                0x000000000000b360                __ftext_len = (__ftext_end - __ftext_start)
                0x000000000002cca0                __fdata_len = (__fdata_end - __fdata_start)
                0x0000000080200000                __stack_start = (ORIGIN (ram) + LENGTH (ram))

.PSX_EXE_Header
                0x000000008000f800      0x800
                0x000000008000f800        0x1 BYTE 0x50
                0x000000008000f801        0x1 BYTE 0x53
                0x000000008000f802        0x1 BYTE 0x2d
                0x000000008000f803        0x1 BYTE 0x58
                0x000000008000f804        0x1 BYTE 0x20
                0x000000008000f805        0x1 BYTE 0x45
                0x000000008000f806        0x1 BYTE 0x58
                0x000000008000f807        0x1 BYTE 0x45
                0x000000008000f808        0x4 LONG 0x0
                0x000000008000f80c        0x4 LONG 0x0
                0x000000008000f810        0x4 LONG 0x80010000 ABSOLUTE (_start)
                0x000000008000f814        0x4 LONG 0x0
                0x000000008000f818        0x4 LONG 0x80010000 TLOAD_ADDR
                0x000000008000f81c        0x4 LONG 0x38000 (__ftext_len + __fdata_len)
                0x000000008000f820        0x4 LONG 0x0
                0x000000008000f824        0x4 LONG 0x0
                0x000000008000f828        0x4 LONG 0x0
                0x000000008000f82c        0x4 LONG 0x0
                0x000000008000f830        0x4 LONG 0x801fff00 DEFINED (_sp)?ABSOLUTE (_sp):0x801fff00
                0x000000008000f834        0x4 LONG 0x0
                0x0000000080010000                . = (. + 0x7c8)
 *fill*         0x000000008000f838      0x7c8 
                0x0000000080010000                __ftext_start = ABSOLUTE (.)

.text           0x0000000080010000     0xb360
 *(.start)
 .start         0x0000000080010000       0x64 third_party/nugget/common/crt0/crt0.o
                0x0000000080010000                _start
 *(.init)
 *(SORT_NONE(.fini))
 *(.text.unlikely .text.*_unlikely .text.unlikely.*)
 *(.text.exit .text.exit.*)
 *(.text.startup .text.startup.*)
 .text.startup.main
                0x0000000080010064       0x8c main.o
                0x0000000080010064                main
 *(.text.hot .text.hot.*)
 *(.text .stub .text.* .gnu.linkonce.t.*)
 .text.initSpu  0x00000000800100f0       0x90 main.o
                0x00000000800100f0                initSpu
 .text.initFont
                0x0000000080010180      0x128 main.o
                0x0000000080010180                initFont
 .text.clearVRAM
                0x00000000800102a8       0x50 main.o
                0x00000000800102a8                clearVRAM
 .text.initGraphics
                0x00000000800102f8      0x130 main.o
                0x00000000800102f8                initGraphics
 .text.initImage
                0x0000000080010428      0x14c main.o
                0x0000000080010428                initImage
 .text.display  0x0000000080010574      0x114 main.o
                0x0000000080010574                display
 .text.calculateCurrentTrackLength
                0x0000000080010688      0x200 main.o
                0x0000000080010688                calculateCurrentTrackLength
 .text.getTableOfContents
                0x0000000080010888      0x234 main.o
                0x0000000080010888                getTableOfContents
 .text.playerInformationLogic
                0x0000000080010abc      0x234 main.o
                0x0000000080010abc                playerInformationLogic
 .text.readControllerInput
                0x0000000080010cf0      0x59c main.o
                0x0000000080010cf0                readControllerInput
 .text.FntColor
                0x000000008001128c       0x74 tools.o
                0x000000008001128c                FntColor
 .text.bcdToDecimal
                0x0000000080011300       0x1c tools.o
                0x0000000080011300                bcdToDecimal
 .text.convertBcdValuesToDecimal
                0x000000008001131c       0x5c tools.o
                0x000000008001131c                convertBcdValuesToDecimal
 .text.isValueInArray
                0x0000000080011378       0x3c tools.o
                0x0000000080011378                isValueInArray
 .text.selectCustomTracks
                0x00000000800113b4      0x140 tools.o
                0x00000000800113b4                selectCustomTracks
 .text.shuffleFunction
                0x00000000800114f4      0x12c tools.o
                0x00000000800114f4                shuffleFunction
 .text.shuffleModeSelection
                0x0000000080011620       0xf8 tools.o
                0x0000000080011620                shuffleModeSelection
 .text.checkDriveLidStatus
                0x0000000080011718      0x1c4 tools.o
                0x0000000080011718                checkDriveLidStatus
 *fill*         0x00000000800118dc        0x4 
 .text          0x00000000800118e0      0x170 third_party/psyq/lib\libapi.a(counter.o)
                0x00000000800118e0                SetRCnt
                0x000000008001197c                GetRCnt
                0x00000000800119b4                StartRCnt
                0x00000000800119e4                StopRCnt
                0x0000000080011a18                ResetRCnt
 .text          0x0000000080011a50       0x10 third_party/psyq/lib\libc.a(c47.o)
                0x0000000080011a50                rand
 .text          0x0000000080011a60       0x10 third_party/psyq/lib\libc.a(c48.o)
                0x0000000080011a60                srand
 .text          0x0000000080011a70       0x10 third_party/psyq/lib\libc.a(c63.o)
                0x0000000080011a70                printf
 .text          0x0000000080011a80      0x560 third_party/psyq/lib\libcd.a(cdplay.o)
                0x0000000080011a80                CdPlay
 .text          0x0000000080011fe0      0x150 third_party/psyq/lib\libcd.a(event.o)
                0x0000000080011fe0                CdInit
 .text          0x0000000080012130       0x40 third_party/psyq/lib\libcd.a(s_011.o)
                0x0000000080012130                CdIntstr
 .text          0x0000000080012170       0x20 third_party/psyq/lib\libcd.a(s_012.o)
                0x0000000080012170                CdSync
 .text          0x0000000080012190       0x20 third_party/psyq/lib\libcd.a(s_015.o)
                0x0000000080012190                CdReadyCallback
 .text          0x00000000800121b0      0x3c0 third_party/psyq/lib\libcd.a(s_016.o)
                0x00000000800121b0                CdControl
                0x00000000800122ec                CdControlF
                0x0000000080012420                CdControlB
 .text          0x0000000080012570      0x250 third_party/psyq/lib\libcd.a(toc.o)
                0x0000000080012570                CdGetToc
                0x0000000080012594                CdGetToc2
 .text          0x00000000800127c0     0x1580 third_party/psyq/lib\libcd.a(bios_1.o)
                0x0000000080012d24                CD_sync
                0x0000000080012fa4                CD_ready
                0x000000008001326c                CD_cw
                0x0000000080013678                CD_vol
                0x0000000080013700                CD_flush
                0x00000000800137d4                CD_initvol
                0x00000000800138c4                CD_initintr
                0x0000000080013910                CD_init
                0x0000000080013af0                CD_datasync
                0x0000000080013c58                CD_set_test_parmnum
 .text          0x0000000080013d40       0x20 third_party/psyq/lib\libcd.a(s_014.o)
                0x0000000080013d40                CdSyncCallback
 .text          0x0000000080013d60      0x6c0 third_party/psyq/lib\libetc.a(intr.o)
                0x0000000080013d60                ResetCallback
                0x0000000080013d90                InterruptCallback
                0x0000000080013dc0                DMACallback
                0x0000000080013df0                VSyncCallback
                0x0000000080013e24                VSyncCallbacks
                0x0000000080013e54                StopCallback
                0x0000000080013e84                RestartCallback
                0x0000000080013eb4                CheckCallback
                0x0000000080013ec4                GetIntrMask
                0x0000000080013edc                SetIntrMask
 .text          0x0000000080014420      0x2a0 third_party/psyq/lib\libetc.a(intr_dma.o)
                0x0000000080014420                startIntrDMA
 .text          0x00000000800146c0      0x120 third_party/psyq/lib\libetc.a(intr_vb.o)
                0x00000000800146c0                startIntrVSync
 .text          0x00000000800147e0       0x80 third_party/psyq/lib\libetc.a(pad.o)
                0x00000000800147e0                PadInit
                0x000000008001482c                PadRead
 .text          0x0000000080014860       0x30 third_party/psyq/lib\libetc.a(vmode.o)
                0x0000000080014860                SetVideoMode
                0x0000000080014874                GetVideoMode
 .text          0x0000000080014890      0x210 third_party/psyq/lib\libetc.a(vsync.o)
                0x0000000080014890                VSync
 .text          0x0000000080014aa0      0xa80 third_party/psyq/lib\libgpu.a(font.o)
                0x0000000080014aa0                SetDumpFnt
                0x0000000080014ae0                FntLoad
                0x0000000080014b80                FntOpen
                0x0000000080014e3c                FntFlush
                0x0000000080015158                FntPrint
 .text          0x0000000080015520       0x40 third_party/psyq/lib\libgpu.a(p00.o)
                0x0000000080015520                GetTPage
 .text          0x0000000080015560       0x40 third_party/psyq/lib\libgpu.a(p06.o)
                0x0000000080015560                AddPrim
 .text          0x00000000800155a0       0x20 third_party/psyq/lib\libgpu.a(p09.o)
                0x00000000800155a0                TermPrim
 .text          0x00000000800155c0       0x30 third_party/psyq/lib\libgpu.a(p10.o)
                0x00000000800155c0                SetSemiTrans
 .text          0x00000000800155f0       0x20 third_party/psyq/lib\libgpu.a(p20.o)
                0x00000000800155f0                SetSprt8
 .text          0x0000000080015610       0x20 third_party/psyq/lib\libgpu.a(p26.o)
                0x0000000080015610                SetTile
 .text          0x0000000080015630       0xa0 third_party/psyq/lib\libgpu.a(p41.o)
                0x0000000080015630                SetDrawMode
 .text          0x00000000800156d0     0x2f00 third_party/psyq/lib\libgpu.a(sys.o)
                0x00000000800156d0                ResetGraph
                0x0000000080015844                SetGraphDebug
                0x00000000800158a0                SetGraphQueue
                0x0000000080015944                GetGraphDebug
                0x0000000080015954                DrawSyncCallback
                0x00000000800159b4                SetDispMask
                0x0000000080015a4c                DrawSync
                0x0000000080015bd0                ClearImage
                0x0000000080015c60                ClearImage2
                0x0000000080015cf8                LoadImage
                0x0000000080015d58                StoreImage
                0x0000000080015db8                MoveImage
                0x0000000080015e70                ClearOTag
                0x0000000080015f38                ClearOTagR
                0x0000000080015fe4                DrawPrim
                0x0000000080016040                DrawOTag
                0x00000000800160b0                PutDrawEnv
                0x0000000080016170                DrawOTagEnv
                0x0000000080016248                GetDrawEnv
                0x000000008001627c                PutDispEnv
                0x0000000080016774                GetDispEnv
                0x00000000800167a8                GetODE
                0x00000000800167d8                SetDrawArea
                0x0000000080016858                SetDrawOffset
                0x0000000080016898                SetDrawEnv
                0x0000000080018168                LoadImage2
                0x0000000080018254                StoreImage2
                0x0000000080018340                MoveImage2
                0x0000000080018484                DrawOTag2
                0x0000000080018580                _GPU_ResetCallback
 .text          0x00000000800185d0       0xf0 third_party/psyq/lib\libgpu.a(e00.o)
                0x00000000800185d0                LoadTPage
 .text          0x00000000800186c0       0x70 third_party/psyq/lib\libgpu.a(e02.o)
                0x00000000800186c0                LoadClut2
 .text          0x0000000080018730       0x20 third_party/psyq/lib\libgpu.a(p01.o)
                0x0000000080018730                GetClut
 .text          0x0000000080018750      0x500 third_party/psyq/lib\libgs.a(2d_sp0.o)
                0x0000000080018750                GsSortSprite
 .text          0x0000000080018c50      0x550 third_party/psyq/lib\libgs.a(gs_001.o)
                0x0000000080018c50                GsInitGraph
                0x0000000080018de0                GsInitGraph2
                0x0000000080019068                GsSortClear
 .text          0x00000000800191a0       0x10 third_party/psyq/lib\libgs.a(gs_0021.o)
                0x00000000800191a0                GsGetActiveBuff
 .text          0x00000000800191b0      0x110 third_party/psyq/lib\libgs.a(gs_0022.o)
                0x00000000800191b0                GsSetDrawBuffOffset
 .text          0x00000000800192c0       0x80 third_party/psyq/lib\libgs.a(gs_003.o)
                0x00000000800192c0                GsSetDrawBuffClip
 .text          0x0000000080019340       0xb0 third_party/psyq/lib\libgs.a(gs_010.o)
                0x0000000080019340                GsSwapDispBuff
 .text          0x00000000800193f0       0xa0 third_party/psyq/lib\libgs.a(gs_103.o)
                0x00000000800193f0                GsDefDispBuff
 .text          0x0000000080019490       0x30 third_party/psyq/lib\libgs.a(gs_111.o)
                0x0000000080019490                GsDrawOt
 .text          0x00000000800194c0       0x60 third_party/psyq/lib\libgs.a(gs_113.o)
                0x00000000800194c0                GsClearOt
 .text          0x0000000080019520       0x50 third_party/psyq/lib\libgs.a(gs_121.o)
                0x0000000080019520                gte_init
 .text          0x0000000080019570       0xf0 third_party/psyq/lib\libgs.a(gs_122.o)
                0x0000000080019570                GsGetTimInfo
 .text          0x0000000080019660       0x10 third_party/psyq/lib\libgs.a(gs_124.o)
                0x0000000080019660                GsSetWorkBase
 .text          0x0000000080019670       0xa0 third_party/psyq/lib\libgs.a(2d_com1.o)
                0x0000000080019670                _make_packet
 .text          0x0000000080019710       0x80 third_party/psyq/lib\libgte.a(cmb_00.o)
                0x0000000080019710                RotTransPers4
 .text          0x0000000080019790      0x290 third_party/psyq/lib\libgte.a(fgo_01.o)
                0x0000000080019790                RotMatrix
 .text          0x0000000080019a20       0x90 third_party/psyq/lib\libgte.a(msc00.o)
                0x0000000080019a28                InitGeom
 .text          0x0000000080019ab0       0x30 third_party/psyq/lib\libgte.a(mtx_07.o)
                0x0000000080019ab0                TransMatrix
 .text          0x0000000080019ae0      0x140 third_party/psyq/lib\libgte.a(mtx_08.o)
                0x0000000080019ae0                ScaleMatrix
 .text          0x0000000080019c20       0x30 third_party/psyq/lib\libgte.a(mtx_09.o)
                0x0000000080019c20                SetRotMatrix
 .text          0x0000000080019c50       0x20 third_party/psyq/lib\libgte.a(mtx_12.o)
                0x0000000080019c50                SetTransMatrix
 .text          0x0000000080019c70       0xe0 third_party/psyq/lib\libgte.a(patchgte.o)
                0x0000000080019c70                _patch_gte
 .text          0x0000000080019d50       0x10 third_party/psyq/lib\libgte.a(reg09.o)
                0x0000000080019d50                ReadGeomScreen
 .text          0x0000000080019d60       0x20 third_party/psyq/lib\libgte.a(reg11.o)
                0x0000000080019d60                SetFarColor
 .text          0x0000000080019d80       0x20 third_party/psyq/lib\libgte.a(reg12.o)
                0x0000000080019d80                SetGeomOffset
 .text          0x0000000080019da0      0x310 third_party/psyq/lib\libspu.a(s_gca.o)
                0x0000000080019da0                SpuGetCommonAttr
 .text          0x000000008001a0b0       0x20 third_party/psyq/lib\libspu.a(s_i.o)
                0x000000008001a0b0                SpuInit
 .text          0x000000008001a0d0      0x160 third_party/psyq/lib\libspu.a(s_ini.o)
                0x000000008001a0d0                _SpuInit
                0x000000008001a1b8                SpuStart
 .text          0x000000008001a230       0x40 third_party/psyq/lib\libspu.a(s_sccm.o)
                0x000000008001a230                SpuSetCommonCDMix
 .text          0x000000008001a270       0x20 third_party/psyq/lib\libspu.a(s_sccv.o)
                0x000000008001a270                SpuSetCommonCDVolume
 .text          0x000000008001a290       0x20 third_party/psyq/lib\libspu.a(s_scmv.o)
                0x000000008001a290                SpuSetCommonMasterVolume
 .text          0x000000008001a2b0      0xb40 third_party/psyq/lib\libspu.a(spu.o)
                0x000000008001a2b0                _spu_init
                0x000000008001a6f0                _spu_FiDMA
                0x000000008001a7ac                _spu_Fr_
                0x000000008001a854                _spu_t
                0x000000008001aad4                _spu_Fw
                0x000000008001ab58                _spu_Fr
                0x000000008001abbc                _spu_FsetRXX
                0x000000008001ac00                _spu_FsetRXXa
                0x000000008001aca4                _spu_FgetRXXa
                0x000000008001ace0                _spu_FsetPCR
                0x000000008001ad88                _spu_Fw1ts
 .text          0x000000008001adf0       0x30 third_party/psyq/lib\libspu.a(s_dcb.o)
                0x000000008001adf0                _SpuDataCallback
 .text          0x000000008001ae20       0x10 third_party/psyq/lib\libapi.a(a07.o)
                0x000000008001ae20                DeliverEvent
 .text          0x000000008001ae30       0x10 third_party/psyq/lib\libapi.a(a08.o)
                0x000000008001ae30                OpenEvent
 .text          0x000000008001ae40       0x10 third_party/psyq/lib\libapi.a(a12.o)
                0x000000008001ae40                EnableEvent
 .text          0x000000008001ae50       0x10 third_party/psyq/lib\libapi.a(a22.o)
                0x000000008001ae50                PAD_dr
 .text          0x000000008001ae60       0x10 third_party/psyq/lib\libapi.a(a23.o)
                0x000000008001ae60                ReturnFromException
 .text          0x000000008001ae70       0x10 third_party/psyq/lib\libapi.a(a24.o)
                0x000000008001ae70                ResetEntryInt
 .text          0x000000008001ae80       0x10 third_party/psyq/lib\libapi.a(a25.o)
                0x000000008001ae80                HookEntryInt
 .text          0x000000008001ae90       0x10 third_party/psyq/lib\libapi.a(a36.o)
                0x000000008001ae90                EnterCriticalSection
 .text          0x000000008001aea0       0x10 third_party/psyq/lib\libapi.a(a37.o)
                0x000000008001aea0                ExitCriticalSection
 .text          0x000000008001aeb0       0x10 third_party/psyq/lib\libapi.a(a91.o)
                0x000000008001aeb0                ChangeClearPAD
 .text          0x000000008001aec0       0x20 third_party/psyq/lib\libapi.a(c114.o)
                0x000000008001aec8                _96_remove
 .text          0x000000008001aee0       0x10 third_party/psyq/lib\libapi.a(c68.o)
                0x000000008001aee0                FlushCache
 .text          0x000000008001aef0       0x10 third_party/psyq/lib\libapi.a(c73.o)
                0x000000008001aef0                GPU_cw
 .text          0x000000008001af00       0x10 third_party/psyq/lib\libapi.a(l10.o)
                0x000000008001af00                ChangeClearRCnt
 .text          0x000000008001af10      0x290 third_party/psyq/lib\libapi.a(pad.o)
                0x000000008001af10                SetInitPadFlag
                0x000000008001af1c                ReadInitPadFlag
                0x000000008001af2c                PAD_init
                0x000000008001afbc                InitPAD
                0x000000008001b04c                StartPAD
 .text          0x000000008001b1a0       0xa0 third_party/psyq/lib\libapi.a(patch.o)
                0x000000008001b1a0                EnablePAD
                0x000000008001b1b4                DisablePAD
                0x000000008001b1c8                _patch_pad
 .text          0x000000008001b240       0x10 third_party/psyq/lib\libapi.a(a18.o)
                0x000000008001b240                InitPAD2
 .text          0x000000008001b250       0x10 third_party/psyq/lib\libapi.a(a19.o)
                0x000000008001b250                StartPAD2
 .text          0x000000008001b260       0x10 third_party/psyq/lib\libapi.a(a21.o)
                0x000000008001b260                PAD_init2
 .text          0x000000008001b270       0x70 third_party/psyq/lib\libapi.a(chclrpad.o)
                0x000000008001b270                _remove_ChgclrPAD
 .text          0x000000008001b2e0       0x10 third_party/psyq/lib\libapi.a(l02.o)
                0x000000008001b2e0                SysEnqIntRP
 .text          0x000000008001b2f0       0x10 third_party/psyq/lib\libapi.a(l03.o)
                0x000000008001b2f0                SysDeqIntRP
 .text          0x000000008001b300       0x20 third_party/psyq/lib\libc.a(a63.o)
                0x000000008001b308                puts
 .text          0x000000008001b320       0x10 third_party/psyq/lib\libc.a(c19.o)
                0x000000008001b320                setjmp
 .text          0x000000008001b330       0x10 third_party/psyq/lib\libc.a(c27.o)
                0x000000008001b330                strlen
 .text          0x000000008001b340       0x10 third_party/psyq/lib\libc.a(c42.o)
                0x000000008001b340                memcpy
 .text          0x000000008001b350       0x10 third_party/psyq/lib\libc.a(c43.o)
                0x000000008001b350                memset
                0x000000008001b360                . = ALIGN (0x10)
 *(.init)
                0x000000008001b360                . = ALIGN (0x10)
 *(.fini)
                0x000000008001b360                . = ALIGN (0x10)
                0x000000008001b360                __text_end = .
                0x000000008001b360                __ftext_end = ABSOLUTE (.)
                0x000000008001b360                __fdata_start = ABSOLUTE (.)

.rodata         0x000000008001b360      0xc80
 *(.rodata .rodata.* .rdata .rdata.* .gnu.linkonce.r.*)
 .rodata        0x000000008001b360       0x10 third_party/nugget/common/crt0/crt0.o
 .rodata.initSpu.str1.4
                0x000000008001b370       0x59 main.o
 *fill*         0x000000008001b3c9        0x3 
 .rodata.clearVRAM.str1.4
                0x000000008001b3cc        0xf main.o
 *fill*         0x000000008001b3db        0x1 
 .rodata.initGraphics.str1.4
                0x000000008001b3dc       0xaa main.o
 *fill*         0x000000008001b486        0x2 
 .rodata.calculateCurrentTrackLength.str1.4
                0x000000008001b488       0x47 main.o
 *fill*         0x000000008001b4cf        0x1 
 .rodata.getTableOfContents.str1.4
                0x000000008001b4d0       0x61 main.o
 *fill*         0x000000008001b531        0x3 
 .rodata.playerInformationLogic.str1.4
                0x000000008001b534       0x7e main.o
                                         0x82 (size before relaxing)
 *fill*         0x000000008001b5b2        0x2 
 .rodata.readControllerInput.str1.4
                0x000000008001b5b4      0x1af main.o
 *fill*         0x000000008001b763        0x1 
 .rodata.selectCustomTracks.str1.4
                0x000000008001b764       0x21 tools.o
                                         0x29 (size before relaxing)
 *fill*         0x000000008001b785        0x3 
 .rodata.shuffleFunction.str1.4
                0x000000008001b788       0x2a tools.o
                                         0x3a (size before relaxing)
 *fill*         0x000000008001b7b2        0x2 
 .rodata.shuffleModeSelection.str1.4
                0x000000008001b7b4       0x22 tools.o
                                         0x33 (size before relaxing)
 *fill*         0x000000008001b7d6        0x2 
 .rodata.checkDriveLidStatus.str1.4
                0x000000008001b7d8       0xaa tools.o
 *fill*         0x000000008001b882        0x6 
 .rdata         0x000000008001b888       0x90 third_party/psyq/lib\libcd.a(cdplay.o)
 .rdata         0x000000008001b918       0x20 third_party/psyq/lib\libcd.a(event.o)
 .rdata         0x000000008001b938       0x10 third_party/psyq/lib\libcd.a(s_011.o)
 .rdata         0x000000008001b948       0x40 third_party/psyq/lib\libcd.a(toc.o)
 .rdata         0x000000008001b988      0x260 third_party/psyq/lib\libcd.a(bios_1.o)
 .rdata         0x000000008001bbe8       0x70 third_party/psyq/lib\libetc.a(intr.o)
 .rdata         0x000000008001bc58       0x30 third_party/psyq/lib\libetc.a(intr_dma.o)
 .rdata         0x000000008001bc88       0x10 third_party/psyq/lib\libetc.a(vsync.o)
 .rdata         0x000000008001bc98       0xa0 third_party/psyq/lib\libgpu.a(font.o)
 .rdata         0x000000008001bd38      0x220 third_party/psyq/lib\libgpu.a(sys.o)
 .rdata         0x000000008001bf58       0x30 third_party/psyq/lib\libgs.a(2d_com1.o)
 .rdata         0x000000008001bf88       0x50 third_party/psyq/lib\libspu.a(spu.o)
                0x000000008001bfe0                . = ALIGN (0x10)
 *fill*         0x000000008001bfd8        0x8 
                0x000000008001bfe0                __preinit_array_start = .
 *(.preinit_array)
                0x000000008001bfe0                __preinit_array_end = .
                0x000000008001bfe0                . = ALIGN (0x10)
                0x000000008001bfe0                __init_array_start = .
 *(SORT_BY_NAME(.init_array.*))
 *(.init_array)
                0x000000008001bfe0                . = ALIGN (0x10)
 *crtbegin.o(.ctors)
 *(EXCLUDE_FILE(*crtend.o) .ctors)
 *(SORT_BY_NAME(.ctors.*))
 *crtend.o(.ctors)
                0x000000008001bfe0                __init_array_end = .
                0x000000008001bfe0                . = ALIGN (0x10)
                0x000000008001bfe0                __fini_array_start = .
 *(.fini_array)
 *(SORT_BY_NAME(.fini_array.*))
 *crtbegin.o(.dtors)
 *(EXCLUDE_FILE(*crtend.o) .dtors)
 *(SORT_BY_NAME(.dtors.*))
 *crtend.o(.dtors)
                0x000000008001bfe0                __fini_array_end = .
                0x000000008001bfe0                __build_id = .
 *(.note.gnu.build-id)
                0x000000008001bfe0                __build_id_end = .

.rel.dyn        0x000000008001bfe0        0x0
 .rel.dyn       0x000000008001bfe0        0x0 third_party/psyq/lib\libgpu.a(sys.o)

.rodata1
 *(.rodata1)
                0x000000008001bfe0                __data_start = .

.data           0x000000008001bfe0    0x2c020
 *(.data .data.* .gnu.linkonce.d.*)
 .data          0x000000008001bfe0        0x0 third_party/nugget/common/crt0/crt0.o
 .data          0x000000008001bfe0        0x0 main.o
 .data.direction.4
                0x000000008001bfe0        0xc main.o
 .data.newVolumeLevelCd.10
                0x000000008001bfec        0x4 main.o
 .data.image    0x000000008001bff0    0x25814 main.o
                0x000000008001bff0                image
 .data          0x0000000080041804        0x0 tools.o
 *fill*         0x0000000080041804        0x4 50414444
 .data          0x0000000080041808       0x20 third_party/psyq/lib\libapi.a(counter.o)
 .data          0x0000000080041828      0x1b0 third_party/psyq/lib\libcd.a(cdplay.o)
 .data          0x00000000800419d8       0x10 third_party/psyq/lib\libcd.a(event.o)
                0x00000000800419d8                CD_cbread
                0x00000000800419dc                CD_read_dma_mode
 .data          0x00000000800419e8       0x80 third_party/psyq/lib\libcd.a(s_016.o)
 .data          0x0000000080041a68      0x310 third_party/psyq/lib\libcd.a(bios_1.o)
                0x0000000080041a70                CD_cbsync
                0x0000000080041a74                CD_cbready
                0x0000000080041a78                CD_debug
                0x0000000080041a7c                CD_status
                0x0000000080041a80                CD_status1
                0x0000000080041a84                CD_nopen
                0x0000000080041a88                CD_pos
                0x0000000080041a8c                CD_mode
                0x0000000080041a8d                CD_com
                0x0000000080041a90                DS_active
                0x0000000080041a94                CD_comstr
                0x0000000080041b14                CD_intstr
 .data          0x0000000080041d78     0x1100 third_party/psyq/lib\libetc.a(intr.o)
 .data          0x0000000080042e78       0x30 third_party/psyq/lib\libetc.a(intr_dma.o)
 .data          0x0000000080042ea8       0x30 third_party/psyq/lib\libetc.a(intr_vb.o)
                0x0000000080042ec8                Vcount
 .data          0x0000000080042ed8       0x10 third_party/psyq/lib\libetc.a(vmode.o)
 .data          0x0000000080042ee8       0x20 third_party/psyq/lib\libetc.a(vsync.o)
                0x0000000080042ef8                Hcount
 .data          0x0000000080042f08      0xb90 third_party/psyq/lib\libgpu.a(font.o)
                0x0000000080042f08                Font
 .data          0x0000000080043a98      0x1a0 third_party/psyq/lib\libgpu.a(sys.o)
                0x0000000080043ae4                GPU_printf
                0x0000000080043ae8                GEnv
                0x0000000080043c10                _qin
                0x0000000080043c14                _qout
 .data          0x0000000080043c38       0x10 third_party/psyq/lib\libgs.a(global.o)
                0x0000000080043c38                GsADIVZ
                0x0000000080043c3c                GsADIVW
                0x0000000080043c3e                GsADIVH
 .data          0x0000000080043c48       0x10 third_party/psyq/lib\libgs.a(gs_001.o)
 .data          0x0000000080043c58       0x10 third_party/psyq/lib\libgte.a(msc00.o)
 .data          0x0000000080043c68      0x180 third_party/psyq/lib\libgte.a(sqrtbl.o)
                0x0000000080043c68                SQRT
 .data          0x0000000080043de8     0x4000 third_party/psyq/lib\libgte.a(cstbl.o)
                0x0000000080043de8                rcossin_tbl
 .data          0x0000000080047de8       0x80 third_party/psyq/lib\libspu.a(s_ini.o)
                0x0000000080047df0                _spu_EVdma
                0x0000000080047df4                _spu_keystat
                0x0000000080047df8                _spu_trans_mode
                0x0000000080047dfc                _spu_rev_flag
                0x0000000080047e00                _spu_rev_reserve_wa
                0x0000000080047e04                _spu_rev_offsetaddr
                0x0000000080047e08                _spu_rev_attr
                0x0000000080047e1c                _spu_RQvoice
                0x0000000080047e20                _spu_RQmask
                0x0000000080047e24                _spu_voice_centerNote
                0x0000000080047e54                _spu_env
                0x0000000080047e58                _spu_isCalled
 .data          0x0000000080047e68       0x10 third_party/psyq/lib\libspu.a(s_m.o)
                0x0000000080047e68                _spu_AllocBlockNum
                0x0000000080047e6c                _spu_AllocLastNum
                0x0000000080047e70                _spu_memList
 .data          0x0000000080047e78       0x30 third_party/psyq/lib\libspu.a(s_rmp0.o)
                0x0000000080047e78                _spu_rev_startaddr
 .data          0x0000000080047ea8       0x60 third_party/psyq/lib\libspu.a(spu.o)
                0x0000000080047ea8                _spu_RXX
                0x0000000080047ec0                _spu_tsa
                0x0000000080047ec4                _spu_transMode
                0x0000000080047ec8                _spu_addrMode
                0x0000000080047ecc                _spu_mem_mode
                0x0000000080047ed0                _spu_mem_mode_plus
                0x0000000080047ed4                _spu_mem_mode_unit
                0x0000000080047ed8                _spu_mem_mode_unitM
                0x0000000080047edc                _spu_inTransfer
                0x0000000080047ee0                _spu_transferCallback
                0x0000000080047ee4                _spu_IRQCallback
 .data          0x0000000080047f08       0x10 third_party/psyq/lib\libapi.a(pad.o)
 *(.data1)
 *(.sdata .sdata.* .gnu.linkonce.s.*)
 .sdata.repeat  0x0000000080047f18        0x1 main.o
                0x0000000080047f18                repeat
 *fill*         0x0000000080047f19        0x3 50414444
 .sdata.__stacksize
                0x0000000080047f1c        0x4 main.o
                0x0000000080047f1c                __stacksize
 .sdata.__ramsize
                0x0000000080047f20        0x4 main.o
                0x0000000080047f20                __ramsize
 *(.sdata2 .sdata2.* .gnu.linkonce.s2.*)
 *(.got.plt)
 *(.got)
                0x0000000080048000                . = ALIGN (0x800)
 *fill*         0x0000000080047f24       0xdc 50414444
                0x0000000080048000                __data_end = .
                0x0000000080048000                __fdata_end = .
                0x0000000080048000                __bss_start = .

.sbss           0x0000000080048000     0x66e8
 *(.dynsbss)
 *(.sbss .sbss.* .gnu.linkonce.sb.*)
 .sbss.selectedShuffleMode
                0x0000000080048000        0x1 main.o
                0x0000000080048000                selectedShuffleMode
 .sbss.shuffle  0x0000000080048001        0x1 main.o
                0x0000000080048001                shuffle
 *fill*         0x0000000080048002        0x2 
 .sbss.debounceTimer
                0x0000000080048004        0x4 main.o
                0x0000000080048004                debounceTimer
 .sbss.numTracks
                0x0000000080048008        0x4 main.o
                0x0000000080048008                numTracks
 .sbss.currentbuffer
                0x000000008004800c        0x4 main.o
                0x000000008004800c                currentbuffer
 .sbss.currentTrackTimeInSeconds
                0x0000000080048010        0x4 main.o
                0x0000000080048010                currentTrackTimeInSeconds
 .sbss.result   0x0000000080048014        0x8 main.o
                0x0000000080048014                result
 .sbss.fntColorBG
                0x000000008004801c        0x4 tools.o
                0x000000008004801c                fntColorBG
 .sbss.fntColor
                0x0000000080048020        0x4 tools.o
                0x0000000080048020                fntColor
 *(.scommon)
 *(.dynbss)
 *(.bss .bss.* .gnu.linkonce.b.*)
 .bss.oldTrack.0
                0x0000000080048024        0x1 main.o
 .bss.hasTrackChanged.1
                0x0000000080048025        0x1 main.o
 *fill*         0x0000000080048026        0x2 
 .bss.fontColours.5
                0x0000000080048028        0x3 main.o
 *fill*         0x000000008004802b        0x1 
 .bss.colorIndex.6
                0x000000008004802c        0x4 main.o
 .bss.mute.7    0x0000000080048030        0x1 main.o
 .bss.pause.8   0x0000000080048031        0x1 main.o
 *fill*         0x0000000080048032        0x2 
 .bss.shuffledTracks
                0x0000000080048034      0x194 main.o
                0x0000000080048034                shuffledTracks
 .bss.decimalValues
                0x00000000800481c8       0x20 main.o
                0x00000000800481c8                decimalValues
 .bss.loc       0x00000000800481e8      0x190 main.o
                0x00000000800481e8                loc
 .bss.image1    0x0000000080048378       0x48 main.o
                0x0000000080048378                image1
 .bss.GPUOutputPacket
                0x00000000800483c0      0x258 main.o
                0x00000000800483c0                GPUOutputPacket
 .bss.OrderingTable
                0x0000000080048618       0x10 main.o
                0x0000000080048618                OrderingTable
 .bss.WorldOrderingTable
                0x0000000080048628       0x28 main.o
                0x0000000080048628                WorldOrderingTable
 .bss           0x0000000080048650      0x1a0 third_party/psyq/lib\libcd.a(cdplay.o)
 .bss           0x00000000800487f0       0x34 third_party/psyq/lib\libcd.a(bios_1.o)
                0x0000000080048820                StMode
 *fill*         0x0000000080048824        0x4 
 .bss           0x0000000080048828       0x14 third_party/psyq/lib\libetc.a(pad.o)
                0x0000000080048838                PadIdentifier
 *fill*         0x000000008004883c        0x4 
 .bss           0x0000000080048840     0x4410 third_party/psyq/lib\libgpu.a(font.o)
 .bss           0x000000008004cc50     0x1850 third_party/psyq/lib\libgpu.a(sys.o)
                0x000000008004cca0                _que
 .bss           0x000000008004e4a0       0x54 third_party/psyq/lib\libgs.a(global.o)
                0x000000008004e4a0                GsOUT_PACKET_P
                0x000000008004e4a8                GsMATE_C
                0x000000008004e4b0                GsLMODE
                0x000000008004e4b8                GsLIGNR
                0x000000008004e4c0                GsLIOFF
                0x000000008004e4c8                GsZOVER
                0x000000008004e4d0                GsBACKC
                0x000000008004e4d8                GsNDIV
                0x000000008004e4e0                GsTRATE
                0x000000008004e4e8                GsTON
                0x000000008004e4f0                GsDISPON
 *fill*         0x000000008004e4f4        0x4 
 .bss           0x000000008004e4f8       0xea third_party/psyq/lib\libgs.a(gs_001.o)
                0x000000008004e518                PSDIDX
                0x000000008004e520                GsDRAWENV
                0x000000008004e580                GsDISPENV
                0x000000008004e598                PSDGPU
                0x000000008004e5a0                PSDBASEX
                0x000000008004e5a8                PSDBASEY
                0x000000008004e5b0                POSITION
                0x000000008004e5b8                CLIP2
                0x000000008004e5c0                PSDCNT
                0x000000008004e5c8                PSDOFSX
                0x000000008004e5d0                PSDOFSY
                0x000000008004e5d8                GsORGOFSX
                0x000000008004e5e0                GsORGOFSY
 *fill*         0x000000008004e5e2        0x6 
 .bss           0x000000008004e5e8       0x24 third_party/psyq/lib\libgs.a(gs_104.o)
                0x000000008004e5e8                HWD0
                0x000000008004e5f0                VWD0
                0x000000008004e5f8                GsCLIP3near
                0x000000008004e600                GsLIGHT_MODE
                0x000000008004e608                GsCLIP3far
 *fill*         0x000000008004e60c        0x4 
 .bss           0x000000008004e610       0x40 third_party/psyq/lib\libgs.a(gs_107.o)
                0x000000008004e610                GsLIGHTWSMATRIX
                0x000000008004e630                _LC
 .bss           0x000000008004e650       0x40 third_party/psyq/lib\libgs.a(gs_128.o)
                0x000000008004e650                GsIDMATRIX
                0x000000008004e670                GsIDMATRIX2
 .bss           0x000000008004e690       0x10 third_party/psyq/lib\libgte.a(patchgte.o)
 .bss           0x000000008004e6a0       0x14 third_party/psyq/lib\libspu.a(spu.o)
                0x000000008004e6a0                _spu_RQ
 *fill*         0x000000008004e6b4        0x4 
 .bss           0x000000008004e6b8       0x10 third_party/psyq/lib\libapi.a(pad.o)
                0x000000008004e6b8                _apiPadPatch
 .bss           0x000000008004e6c8       0x10 third_party/psyq/lib\libapi.a(patch.o)
 .bss           0x000000008004e6d8       0x10 third_party/psyq/lib\libapi.a(chclrpad.o)
 *(COMMON)
                0x000000008004e6e8                . = ALIGN (0x4)
                0x000000008004e6e8                __bss_end = .
                0x000000008004e6e8                __heap_start = __heap_base
                0x000000008000f800                . = (ADDR (.text) - 0x800)
                0x000000008000f800                __end = .

/DISCARD/
 *(.MIPS.abiflags)

/DISCARD/
 *(.rel.iplt)
 *(.rela.iplt)
 *(.rel.plt)
 *(.rela.plt)
 *(.plt)
 *(.iplt)

/DISCARD/
 *(.note.GNU-stack)
 *(.gnu_debuglink)
 *(.gnu.lto_*)

.scratchpad
 *(.scratchpad)
OUTPUT(fuckityfuckity.elf elf32-littlemips)

.reginfo        0x0000000000000000       0x18
 .reginfo       0x0000000000000000       0x18 third_party/nugget/common/crt0/crt0.o

.pdr            0x0000000000000000        0x0
 .pdr           0x0000000000000000        0x0 third_party/nugget/common/crt0/crt0.o

.gnu.attributes
                0x0000000000000000       0x10
 .gnu.attributes
                0x0000000000000000       0x10 third_party/nugget/common/crt0/crt0.o
 .gnu.attributes
                0x0000000000000010       0x10 main.o
 .gnu.attributes
                0x0000000000000020       0x10 tools.o

.mdebug.abi32   0x0000000000000000        0x0
 .mdebug.abi32  0x0000000000000000        0x0 main.o
 .mdebug.abi32  0x0000000000000000        0x0 tools.o

.comment        0x0000000000000000       0x12
 .comment       0x0000000000000000       0x12 main.o
                                         0x13 (size before relaxing)
 .comment       0x0000000000000012       0x13 tools.o

.note           0x0000000000000000     0x2d50
 .note          0x0000000000000000       0x74 third_party/psyq/lib\libapi.a(counter.o)
 .note          0x0000000000000074       0x74 third_party/psyq/lib\libc.a(c47.o)
 .note          0x00000000000000e8       0x74 third_party/psyq/lib\libc.a(c48.o)
 .note          0x000000000000015c       0x74 third_party/psyq/lib\libc.a(c63.o)
 .note          0x00000000000001d0       0x74 third_party/psyq/lib\libcd.a(cdplay.o)
 .note          0x0000000000000244       0x74 third_party/psyq/lib\libcd.a(event.o)
 .note          0x00000000000002b8       0x74 third_party/psyq/lib\libcd.a(s_011.o)
 .note          0x000000000000032c       0x74 third_party/psyq/lib\libcd.a(s_012.o)
 .note          0x00000000000003a0       0x74 third_party/psyq/lib\libcd.a(s_015.o)
 .note          0x0000000000000414       0x74 third_party/psyq/lib\libcd.a(s_016.o)
 .note          0x0000000000000488       0x74 third_party/psyq/lib\libcd.a(toc.o)
 .note          0x00000000000004fc       0x74 third_party/psyq/lib\libcd.a(bios_1.o)
 .note          0x0000000000000570       0x74 third_party/psyq/lib\libcd.a(s_014.o)
 .note          0x00000000000005e4       0x74 third_party/psyq/lib\libetc.a(intr.o)
 .note          0x0000000000000658       0x74 third_party/psyq/lib\libetc.a(intr_dma.o)
 .note          0x00000000000006cc       0x74 third_party/psyq/lib\libetc.a(intr_vb.o)
 .note          0x0000000000000740       0x74 third_party/psyq/lib\libetc.a(pad.o)
 .note          0x00000000000007b4       0x74 third_party/psyq/lib\libetc.a(vmode.o)
 .note          0x0000000000000828       0x74 third_party/psyq/lib\libetc.a(vsync.o)
 .note          0x000000000000089c       0x74 third_party/psyq/lib\libgpu.a(font.o)
 .note          0x0000000000000910       0x74 third_party/psyq/lib\libgpu.a(p00.o)
 .note          0x0000000000000984       0x74 third_party/psyq/lib\libgpu.a(p06.o)
 .note          0x00000000000009f8       0x74 third_party/psyq/lib\libgpu.a(p09.o)
 .note          0x0000000000000a6c       0x74 third_party/psyq/lib\libgpu.a(p10.o)
 .note          0x0000000000000ae0       0x74 third_party/psyq/lib\libgpu.a(p20.o)
 .note          0x0000000000000b54       0x74 third_party/psyq/lib\libgpu.a(p26.o)
 .note          0x0000000000000bc8       0x74 third_party/psyq/lib\libgpu.a(p41.o)
 .note          0x0000000000000c3c       0x74 third_party/psyq/lib\libgpu.a(sys.o)
 .note          0x0000000000000cb0       0x74 third_party/psyq/lib\libgpu.a(e00.o)
 .note          0x0000000000000d24       0x74 third_party/psyq/lib\libgpu.a(e02.o)
 .note          0x0000000000000d98       0x74 third_party/psyq/lib\libgpu.a(p01.o)
 .note          0x0000000000000e0c       0x74 third_party/psyq/lib\libgs.a(2d_sp0.o)
 .note          0x0000000000000e80       0x74 third_party/psyq/lib\libgs.a(global.o)
 .note          0x0000000000000ef4       0x74 third_party/psyq/lib\libgs.a(gs_001.o)
 .note          0x0000000000000f68       0x74 third_party/psyq/lib\libgs.a(gs_0021.o)
 .note          0x0000000000000fdc       0x74 third_party/psyq/lib\libgs.a(gs_0022.o)
 .note          0x0000000000001050       0x74 third_party/psyq/lib\libgs.a(gs_003.o)
 .note          0x00000000000010c4       0x74 third_party/psyq/lib\libgs.a(gs_010.o)
 .note          0x0000000000001138       0x74 third_party/psyq/lib\libgs.a(gs_103.o)
 .note          0x00000000000011ac       0x74 third_party/psyq/lib\libgs.a(gs_104.o)
 .note          0x0000000000001220       0x74 third_party/psyq/lib\libgs.a(gs_107.o)
 .note          0x0000000000001294       0x74 third_party/psyq/lib\libgs.a(gs_111.o)
 .note          0x0000000000001308       0x74 third_party/psyq/lib\libgs.a(gs_113.o)
 .note          0x000000000000137c       0x74 third_party/psyq/lib\libgs.a(gs_121.o)
 .note          0x00000000000013f0       0x74 third_party/psyq/lib\libgs.a(gs_122.o)
 .note          0x0000000000001464       0x74 third_party/psyq/lib\libgs.a(gs_124.o)
 .note          0x00000000000014d8       0x74 third_party/psyq/lib\libgs.a(gs_128.o)
 .note          0x000000000000154c       0x74 third_party/psyq/lib\libgs.a(2d_com1.o)
 .note          0x00000000000015c0       0x74 third_party/psyq/lib\libgte.a(cmb_00.o)
 .note          0x0000000000001634       0x74 third_party/psyq/lib\libgte.a(fgo_01.o)
 .note          0x00000000000016a8       0x74 third_party/psyq/lib\libgte.a(msc00.o)
 .note          0x000000000000171c       0x74 third_party/psyq/lib\libgte.a(msc01.o)
 .note          0x0000000000001790       0x74 third_party/psyq/lib\libgte.a(mtx_07.o)
 .note          0x0000000000001804       0x74 third_party/psyq/lib\libgte.a(mtx_08.o)
 .note          0x0000000000001878       0x74 third_party/psyq/lib\libgte.a(mtx_09.o)
 .note          0x00000000000018ec       0x74 third_party/psyq/lib\libgte.a(mtx_11.o)
 .note          0x0000000000001960       0x74 third_party/psyq/lib\libgte.a(mtx_12.o)
 .note          0x00000000000019d4       0x74 third_party/psyq/lib\libgte.a(patchgte.o)
 .note          0x0000000000001a48       0x74 third_party/psyq/lib\libgte.a(reg09.o)
 .note          0x0000000000001abc       0x74 third_party/psyq/lib\libgte.a(reg11.o)
 .note          0x0000000000001b30       0x74 third_party/psyq/lib\libgte.a(reg12.o)
 .note          0x0000000000001ba4       0x74 third_party/psyq/lib\libgte.a(sqrtbl.o)
 .note          0x0000000000001c18       0x74 third_party/psyq/lib\libgte.a(cstbl.o)
 .note          0x0000000000001c8c       0x74 third_party/psyq/lib\libspu.a(s_gca.o)
 .note          0x0000000000001d00       0x74 third_party/psyq/lib\libspu.a(s_i.o)
 .note          0x0000000000001d74       0x74 third_party/psyq/lib\libspu.a(s_ini.o)
 .note          0x0000000000001de8       0x74 third_party/psyq/lib\libspu.a(s_m.o)
 .note          0x0000000000001e5c       0x74 third_party/psyq/lib\libspu.a(s_rmp0.o)
 .note          0x0000000000001ed0       0x74 third_party/psyq/lib\libspu.a(s_sccm.o)
 .note          0x0000000000001f44       0x74 third_party/psyq/lib\libspu.a(s_sccv.o)
 .note          0x0000000000001fb8       0x74 third_party/psyq/lib\libspu.a(s_scmv.o)
 .note          0x000000000000202c       0x74 third_party/psyq/lib\libspu.a(spu.o)
 .note          0x00000000000020a0       0x74 third_party/psyq/lib\libspu.a(s_dcb.o)
 .note          0x0000000000002114       0x74 third_party/psyq/lib\libapi.a(a07.o)
 .note          0x0000000000002188       0x74 third_party/psyq/lib\libapi.a(a08.o)
 .note          0x00000000000021fc       0x74 third_party/psyq/lib\libapi.a(a12.o)
 .note          0x0000000000002270       0x74 third_party/psyq/lib\libapi.a(a22.o)
 .note          0x00000000000022e4       0x74 third_party/psyq/lib\libapi.a(a23.o)
 .note          0x0000000000002358       0x74 third_party/psyq/lib\libapi.a(a24.o)
 .note          0x00000000000023cc       0x74 third_party/psyq/lib\libapi.a(a25.o)
 .note          0x0000000000002440       0x74 third_party/psyq/lib\libapi.a(a36.o)
 .note          0x00000000000024b4       0x74 third_party/psyq/lib\libapi.a(a37.o)
 .note          0x0000000000002528       0x74 third_party/psyq/lib\libapi.a(a91.o)
 .note          0x000000000000259c       0x74 third_party/psyq/lib\libapi.a(c114.o)
 .note          0x0000000000002610       0x74 third_party/psyq/lib\libapi.a(c68.o)
 .note          0x0000000000002684       0x74 third_party/psyq/lib\libapi.a(c73.o)
 .note          0x00000000000026f8       0x74 third_party/psyq/lib\libapi.a(l10.o)
 .note          0x000000000000276c       0x74 third_party/psyq/lib\libapi.a(pad.o)
 .note          0x00000000000027e0       0x74 third_party/psyq/lib\libapi.a(patch.o)
 .note          0x0000000000002854       0x74 third_party/psyq/lib\libapi.a(a18.o)
 .note          0x00000000000028c8       0x74 third_party/psyq/lib\libapi.a(a19.o)
 .note          0x000000000000293c       0x74 third_party/psyq/lib\libapi.a(a21.o)
 .note          0x00000000000029b0       0x74 third_party/psyq/lib\libapi.a(chclrpad.o)
 .note          0x0000000000002a24       0x74 third_party/psyq/lib\libapi.a(l02.o)
 .note          0x0000000000002a98       0x74 third_party/psyq/lib\libapi.a(l03.o)
 .note          0x0000000000002b0c       0x74 third_party/psyq/lib\libc.a(a63.o)
 .note          0x0000000000002b80       0x74 third_party/psyq/lib\libc.a(c19.o)
 .note          0x0000000000002bf4       0x74 third_party/psyq/lib\libc.a(c27.o)
 .note          0x0000000000002c68       0x74 third_party/psyq/lib\libc.a(c42.o)
 .note          0x0000000000002cdc       0x74 third_party/psyq/lib\libc.a(c43.o)

.debug_line     0x0000000000000000     0x1203
 .debug_line    0x0000000000000000       0x5b third_party/nugget/common/crt0/crt0.o
 .debug_line    0x000000000000005b      0xbe7 main.o
 .debug_line    0x0000000000000c42      0x5c1 tools.o

.debug_line_str
                0x0000000000000000       0x26
 .debug_line_str
                0x0000000000000000       0x26 third_party/nugget/common/crt0/crt0.o
                                         0x4c (size before relaxing)

.debug_info     0x0000000000000000     0x265e
 .debug_info    0x0000000000000000       0x24 third_party/nugget/common/crt0/crt0.o
 .debug_info    0x0000000000000024     0x1c0e main.o
 .debug_info    0x0000000000001c32      0xa2c tools.o

.debug_abbrev   0x0000000000000000      0x72b
 .debug_abbrev  0x0000000000000000       0x14 third_party/nugget/common/crt0/crt0.o
 .debug_abbrev  0x0000000000000014      0x3db main.o
 .debug_abbrev  0x00000000000003ef      0x33c tools.o

.debug_aranges  0x0000000000000000       0xf0
 .debug_aranges
                0x0000000000000000       0x20 third_party/nugget/common/crt0/crt0.o
 .debug_aranges
                0x0000000000000020       0x70 main.o
 .debug_aranges
                0x0000000000000090       0x60 tools.o

.debug_str      0x0000000000000000      0x92e
 .debug_str     0x0000000000000000       0x3b third_party/nugget/common/crt0/crt0.o
 .debug_str     0x000000000000003b      0x816 main.o
                                        0x88b (size before relaxing)
 .debug_str     0x0000000000000851       0xdd tools.o
                                        0x421 (size before relaxing)

.debug_loclists
                0x0000000000000000      0x6ba
 .debug_loclists
                0x0000000000000000      0x468 main.o
 .debug_loclists
                0x0000000000000468      0x252 tools.o

.debug_rnglists
                0x0000000000000000      0x17f
 .debug_rnglists
                0x0000000000000000      0x110 main.o
 .debug_rnglists
                0x0000000000000110       0x6f tools.o

.debug_frame    0x0000000000000000      0x380
 .debug_frame   0x0000000000000000      0x20c main.o
 .debug_frame   0x000000000000020c      0x174 tools.o
