Archive member included to satisfy reference by file (symbol)

third_party/psyq/lib\libapi.a(counter.o)
                              main.o (GetRCnt)
third_party/psyq/lib\libc.a(c47.o)
                              main.o (rand)
third_party/psyq/lib\libc.a(c48.o)
                              main.o (srand)
third_party/psyq/lib\libc.a(c63.o)
                              main.o (printf)
third_party/psyq/lib\libcd.a(event.o)
                              main.o (CdInit)
third_party/psyq/lib\libcd.a(s_016.o)
                              main.o (CdControlB)
third_party/psyq/lib\libcd.a(toc.o)
                              main.o (CdGetToc)
third_party/psyq/lib\libcd.a(bios_1.o)
                              third_party/psyq/lib\libcd.a(event.o) (CD_cbready)
third_party/psyq/lib\libcd.a(s_014.o)
                              third_party/psyq/lib\libcd.a(toc.o) (CdSyncCallback)
third_party/psyq/lib\libetc.a(intr.o)
                              third_party/psyq/lib\libcd.a(bios_1.o) (CheckCallback)
third_party/psyq/lib\libetc.a(intr_dma.o)
                              third_party/psyq/lib\libetc.a(intr.o) (startIntrDMA)
third_party/psyq/lib\libetc.a(intr_vb.o)
                              third_party/psyq/lib\libetc.a(intr.o) (startIntrVSync)
third_party/psyq/lib\libetc.a(pad.o)
                              main.o (PadRead)
third_party/psyq/lib\libetc.a(vmode.o)
                              main.o (SetVideoMode)
third_party/psyq/lib\libetc.a(vsync.o)
                              main.o (VSync)
third_party/psyq/lib\libgpu.a(font.o)
                              main.o (FntFlush)
third_party/psyq/lib\libgpu.a(p00.o)
                              main.o (GetTPage)
third_party/psyq/lib\libgpu.a(p06.o)
                              third_party/psyq/lib\libgpu.a(font.o) (AddPrim)
third_party/psyq/lib\libgpu.a(p09.o)
                              third_party/psyq/lib\libgpu.a(font.o) (TermPrim)
third_party/psyq/lib\libgpu.a(p10.o)
                              third_party/psyq/lib\libgpu.a(font.o) (SetSemiTrans)
third_party/psyq/lib\libgpu.a(p20.o)
                              third_party/psyq/lib\libgpu.a(font.o) (SetSprt8)
third_party/psyq/lib\libgpu.a(p26.o)
                              third_party/psyq/lib\libgpu.a(font.o) (SetTile)
third_party/psyq/lib\libgpu.a(p41.o)
                              third_party/psyq/lib\libgpu.a(font.o) (SetDrawMode)
third_party/psyq/lib\libgpu.a(sys.o)
                              main.o (ClearImage2)
third_party/psyq/lib\libgpu.a(e00.o)
                              third_party/psyq/lib\libgpu.a(font.o) (LoadTPage)
third_party/psyq/lib\libgpu.a(e02.o)
                              third_party/psyq/lib\libgpu.a(font.o) (LoadClut2)
third_party/psyq/lib\libgpu.a(p01.o)
                              third_party/psyq/lib\libgpu.a(e02.o) (GetClut)
third_party/psyq/lib\libgs.a(2d_sp0.o)
                              main.o (GsSortSprite)
third_party/psyq/lib\libgs.a(global.o)
                              third_party/psyq/lib\libgs.a(2d_sp0.o) (GsOUT_PACKET_P)
third_party/psyq/lib\libgs.a(gs_001.o)
                              third_party/psyq/lib\libgs.a(2d_sp0.o) (GsORGOFSY)
third_party/psyq/lib\libgs.a(gs_0021.o)
                              main.o (GsGetActiveBuff)
third_party/psyq/lib\libgs.a(gs_0022.o)
                              third_party/psyq/lib\libgs.a(gs_001.o) (GsSetDrawBuffOffset)
third_party/psyq/lib\libgs.a(gs_003.o)
                              third_party/psyq/lib\libgs.a(gs_001.o) (GsSetDrawBuffClip)
third_party/psyq/lib\libgs.a(gs_010.o)
                              main.o (GsSwapDispBuff)
third_party/psyq/lib\libgs.a(gs_103.o)
                              main.o (GsDefDispBuff)
third_party/psyq/lib\libgs.a(gs_104.o)
                              third_party/psyq/lib\libgs.a(gs_001.o) (HWD0)
third_party/psyq/lib\libgs.a(gs_107.o)
                              third_party/psyq/lib\libgs.a(gs_001.o) (GsLIGHTWSMATRIX)
third_party/psyq/lib\libgs.a(gs_111.o)
                              main.o (GsDrawOt)
third_party/psyq/lib\libgs.a(gs_113.o)
                              main.o (GsClearOt)
third_party/psyq/lib\libgs.a(gs_121.o)
                              third_party/psyq/lib\libgs.a(gs_001.o) (gte_init)
third_party/psyq/lib\libgs.a(gs_122.o)
                              main.o (GsGetTimInfo)
third_party/psyq/lib\libgs.a(gs_124.o)
                              main.o (GsSetWorkBase)
third_party/psyq/lib\libgs.a(gs_128.o)
                              third_party/psyq/lib\libgs.a(2d_sp0.o) (GsIDMATRIX)
third_party/psyq/lib\libgs.a(2d_com1.o)
                              third_party/psyq/lib\libgs.a(2d_sp0.o) (_make_packet)
third_party/psyq/lib\libgte.a(cmb_00.o)
                              third_party/psyq/lib\libgs.a(2d_sp0.o) (RotTransPers4)
third_party/psyq/lib\libgte.a(fgo_01.o)
                              third_party/psyq/lib\libgs.a(2d_sp0.o) (RotMatrix)
third_party/psyq/lib\libgte.a(msc00.o)
                              third_party/psyq/lib\libgs.a(gs_121.o) (InitGeom)
third_party/psyq/lib\libgte.a(msc01.o)
                              third_party/psyq/lib\libgs.a(gs_107.o) (SquareRoot0)
third_party/psyq/lib\libgte.a(mtx_07.o)
                              third_party/psyq/lib\libgs.a(2d_sp0.o) (TransMatrix)
third_party/psyq/lib\libgte.a(mtx_08.o)
                              third_party/psyq/lib\libgs.a(2d_sp0.o) (ScaleMatrix)
third_party/psyq/lib\libgte.a(mtx_09.o)
                              third_party/psyq/lib\libgs.a(2d_sp0.o) (SetRotMatrix)
third_party/psyq/lib\libgte.a(mtx_11.o)
                              third_party/psyq/lib\libgs.a(gs_107.o) (SetColorMatrix)
third_party/psyq/lib\libgte.a(mtx_12.o)
                              third_party/psyq/lib\libgs.a(2d_sp0.o) (SetTransMatrix)
third_party/psyq/lib\libgte.a(patchgte.o)
                              third_party/psyq/lib\libgte.a(msc00.o) (_patch_gte)
third_party/psyq/lib\libgte.a(reg09.o)
                              third_party/psyq/lib\libgs.a(2d_sp0.o) (ReadGeomScreen)
third_party/psyq/lib\libgte.a(reg11.o)
                              third_party/psyq/lib\libgs.a(gs_121.o) (SetFarColor)
third_party/psyq/lib\libgte.a(reg12.o)
                              third_party/psyq/lib\libgs.a(gs_0022.o) (SetGeomOffset)
third_party/psyq/lib\libgte.a(sqrtbl.o)
                              third_party/psyq/lib\libgte.a(msc01.o) (SQRT)
third_party/psyq/lib\libgte.a(cstbl.o)
                              third_party/psyq/lib\libgte.a(fgo_01.o) (rcossin_tbl)
third_party/psyq/lib\libspu.a(s_gca.o)
                              main.o (SpuGetCommonAttr)
third_party/psyq/lib\libspu.a(s_i.o)
                              main.o (SpuInit)
third_party/psyq/lib\libspu.a(s_ini.o)
                              third_party/psyq/lib\libspu.a(s_i.o) (_SpuInit)
third_party/psyq/lib\libspu.a(s_m.o)
                              third_party/psyq/lib\libspu.a(s_ini.o) (_spu_memList)
third_party/psyq/lib\libspu.a(s_rmp0.o)
                              third_party/psyq/lib\libspu.a(s_ini.o) (_spu_rev_startaddr)
third_party/psyq/lib\libspu.a(s_sccm.o)
                              main.o (SpuSetCommonCDMix)
third_party/psyq/lib\libspu.a(s_sccv.o)
                              main.o (SpuSetCommonCDVolume)
third_party/psyq/lib\libspu.a(s_scmv.o)
                              main.o (SpuSetCommonMasterVolume)
third_party/psyq/lib\libspu.a(spu.o)
                              third_party/psyq/lib\libspu.a(s_ini.o) (_spu_FiDMA)
third_party/psyq/lib\libspu.a(s_dcb.o)
                              third_party/psyq/lib\libspu.a(s_ini.o) (_SpuDataCallback)
third_party/psyq/lib\libapi.a(a07.o)
                              third_party/psyq/lib\libcd.a(event.o) (DeliverEvent)
third_party/psyq/lib\libapi.a(a08.o)
                              third_party/psyq/lib\libspu.a(s_ini.o) (OpenEvent)
third_party/psyq/lib\libapi.a(a12.o)
                              third_party/psyq/lib\libspu.a(s_ini.o) (EnableEvent)
third_party/psyq/lib\libapi.a(a22.o)
                              third_party/psyq/lib\libetc.a(pad.o) (PAD_dr)
third_party/psyq/lib\libapi.a(a23.o)
                              third_party/psyq/lib\libetc.a(intr.o) (ReturnFromException)
third_party/psyq/lib\libapi.a(a24.o)
                              third_party/psyq/lib\libetc.a(intr.o) (ResetEntryInt)
third_party/psyq/lib\libapi.a(a25.o)
                              third_party/psyq/lib\libetc.a(intr.o) (HookEntryInt)
third_party/psyq/lib\libapi.a(a36.o)
                              third_party/psyq/lib\libetc.a(intr.o) (EnterCriticalSection)
third_party/psyq/lib\libapi.a(a37.o)
                              third_party/psyq/lib\libetc.a(intr.o) (ExitCriticalSection)
third_party/psyq/lib\libapi.a(a91.o)
                              third_party/psyq/lib\libetc.a(intr.o) (ChangeClearPAD)
third_party/psyq/lib\libapi.a(c114.o)
                              third_party/psyq/lib\libetc.a(intr.o) (_96_remove)
third_party/psyq/lib\libapi.a(c68.o)
                              third_party/psyq/lib\libgte.a(patchgte.o) (FlushCache)
third_party/psyq/lib\libapi.a(c73.o)
                              third_party/psyq/lib\libgpu.a(sys.o) (GPU_cw)
third_party/psyq/lib\libapi.a(l10.o)
                              third_party/psyq/lib\libetc.a(intr.o) (ChangeClearRCnt)
third_party/psyq/lib\libapi.a(pad.o)
                              third_party/psyq/lib\libetc.a(pad.o) (PAD_init)
third_party/psyq/lib\libapi.a(patch.o)
                              third_party/psyq/lib\libapi.a(pad.o) (_patch_pad)
third_party/psyq/lib\libapi.a(a18.o)
                              third_party/psyq/lib\libapi.a(pad.o) (InitPAD2)
third_party/psyq/lib\libapi.a(a19.o)
                              third_party/psyq/lib\libapi.a(pad.o) (StartPAD2)
third_party/psyq/lib\libapi.a(a21.o)
                              third_party/psyq/lib\libapi.a(pad.o) (PAD_init2)
third_party/psyq/lib\libapi.a(chclrpad.o)
                              third_party/psyq/lib\libapi.a(pad.o) (_remove_ChgclrPAD)
third_party/psyq/lib\libapi.a(l02.o)
                              third_party/psyq/lib\libapi.a(pad.o) (SysEnqIntRP)
third_party/psyq/lib\libapi.a(l03.o)
                              third_party/psyq/lib\libapi.a(pad.o) (SysDeqIntRP)
third_party/psyq/lib\libc.a(a63.o)
                              third_party/psyq/lib\libcd.a(bios_1.o) (puts)
third_party/psyq/lib\libc.a(c19.o)
                              third_party/psyq/lib\libetc.a(intr.o) (setjmp)
third_party/psyq/lib\libc.a(c27.o)
                              third_party/psyq/lib\libgpu.a(font.o) (strlen)
third_party/psyq/lib\libc.a(c42.o)
                              third_party/psyq/lib\libgpu.a(sys.o) (memcpy)
third_party/psyq/lib\libc.a(c43.o)
                              third_party/psyq/lib\libgpu.a(font.o) (memset)

Discarded input sections

 .text          0x0000000000000000        0x0 third_party/nugget/common/crt0/crt0.o
 .bss           0x0000000000000000        0x0 third_party/nugget/common/crt0/crt0.o
 .MIPS.abiflags
                0x0000000000000000       0x18 third_party/nugget/common/crt0/crt0.o
 .text          0x0000000000000000        0x0 main.o
 .bss           0x0000000000000000        0x0 main.o
 .reginfo       0x0000000000000000       0x18 main.o
 .MIPS.abiflags
                0x0000000000000000       0x18 main.o
 .pdr           0x0000000000000000      0x200 main.o
 .text.decimalToBCD
                0x0000000000000000        0x8 main.o
 .rodata.seedRandom.str1.4
                0x0000000000000000       0x2a main.o
 .text.seedRandom
                0x0000000000000000       0xc0 main.o
 .sbss.result   0x0000000000000000        0x8 main.o
 .sbss.cdInfoGetlocp
                0x0000000000000000        0x8 main.o
 .sbss.image1_addr
                0x0000000000000000        0x4 main.o
 .text          0x0000000000000000      0x170 third_party/psyq/lib\libapi.a(counter.o)
 .text          0x0000000000000000       0x10 third_party/psyq/lib\libc.a(c47.o)
 .text          0x0000000000000000       0x10 third_party/psyq/lib\libc.a(c48.o)
 .text          0x0000000000000000       0x80 third_party/psyq/lib\libgs.a(gs_104.o)
 .text          0x0000000000000000      0x570 third_party/psyq/lib\libgs.a(gs_107.o)
 .text          0x0000000000000000       0x90 third_party/psyq/lib\libgte.a(msc01.o)
 .text          0x0000000000000000       0x30 third_party/psyq/lib\libgte.a(mtx_11.o)

Memory Configuration

Name             Origin             Length             Attributes
loader           0x000000008000f800 0x0000000000000800
ram              0x0000000080010000 0x00000000001f0000 xrw
dcache           0x000000001f800000 0x0000000000000400
*default*        0x0000000000000000 0xffffffffffffffff

Linker script and memory map

LOAD third_party/nugget/common/crt0/crt0.o
LOAD main.o
START GROUP
LOAD third_party/psyq/lib\libapi.a
LOAD third_party/psyq/lib\libc.a
LOAD third_party/psyq/lib\libc2.a
LOAD third_party/psyq/lib\libcard.a
LOAD third_party/psyq/lib\libcd.a
LOAD third_party/psyq/lib\libcomb.a
LOAD third_party/psyq/lib\libds.a
LOAD third_party/psyq/lib\libetc.a
LOAD third_party/psyq/lib\libgpu.a
LOAD third_party/psyq/lib\libgs.a
LOAD third_party/psyq/lib\libgte.a
LOAD third_party/psyq/lib\libgun.a
LOAD third_party/psyq/lib\libhmd.a
LOAD third_party/psyq/lib\libmath.a
LOAD third_party/psyq/lib\libmcrd.a
LOAD third_party/psyq/lib\libmcx.a
LOAD third_party/psyq/lib\libpad.a
LOAD third_party/psyq/lib\libpress.a
LOAD third_party/psyq/lib\libsio.a
LOAD third_party/psyq/lib\libsnd.a
LOAD third_party/psyq/lib\libspu.a
LOAD third_party/psyq/lib\libtap.a
END GROUP
                0x000000008004cba8                __heap_base = __bss_end
                0x0000000080010000                TLOAD_ADDR = DEFINED (TLOAD_ADDR)?TLOAD_ADDR:0x80010000
                0x0000000080200000                __ram_top = (ORIGIN (ram) + LENGTH (ram))
                0x00000000801fff00                __sp = (__ram_top - 0x100)
                0x000000001f800000                __dcache = ORIGIN (dcache)
                0x000000001f800400                __dcache_top = (ORIGIN (dcache) + LENGTH (dcache))
                0x00000000000063a8                __bss_len = (__bss_end - __bss_start)
                0x0000000000009e90                __ftext_len = (__ftext_end - __ftext_start)
                0x000000000002c970                __fdata_len = (__fdata_end - __fdata_start)
                0x0000000080200000                __stack_start = (ORIGIN (ram) + LENGTH (ram))

.PSX_EXE_Header
                0x000000008000f800      0x800
                0x000000008000f800        0x1 BYTE 0x50
                0x000000008000f801        0x1 BYTE 0x53
                0x000000008000f802        0x1 BYTE 0x2d
                0x000000008000f803        0x1 BYTE 0x58
                0x000000008000f804        0x1 BYTE 0x20
                0x000000008000f805        0x1 BYTE 0x45
                0x000000008000f806        0x1 BYTE 0x58
                0x000000008000f807        0x1 BYTE 0x45
                0x000000008000f808        0x4 LONG 0x0
                0x000000008000f80c        0x4 LONG 0x0
                0x000000008000f810        0x4 LONG 0x80010000 ABSOLUTE (_start)
                0x000000008000f814        0x4 LONG 0x0
                0x000000008000f818        0x4 LONG 0x80010000 TLOAD_ADDR
                0x000000008000f81c        0x4 LONG 0x36800 (__ftext_len + __fdata_len)
                0x000000008000f820        0x4 LONG 0x0
                0x000000008000f824        0x4 LONG 0x0
                0x000000008000f828        0x4 LONG 0x0
                0x000000008000f82c        0x4 LONG 0x0
                0x000000008000f830        0x4 LONG 0x801fff00 DEFINED (_sp)?ABSOLUTE (_sp):0x801fff00
                0x000000008000f834        0x4 LONG 0x0
                0x0000000080010000                . = (. + 0x7c8)
 *fill*         0x000000008000f838      0x7c8 
                0x0000000080010000                __ftext_start = ABSOLUTE (.)

.text           0x0000000080010000     0x9e90
 *(.start)
 .start         0x0000000080010000       0x64 third_party/nugget/common/crt0/crt0.o
                0x0000000080010000                _start
 *(.init)
 *(SORT_NONE(.fini))
 *(.text.unlikely .text.*_unlikely .text.unlikely.*)
 *(.text.exit .text.exit.*)
 *(.text.startup .text.startup.*)
 .text.startup.main
                0x0000000080010064       0xa4 main.o
                0x0000000080010064                main
 *(.text.hot .text.hot.*)
 *(.text .stub .text.* .gnu.linkonce.t.*)
 .text.bcdToDecimal
                0x0000000080010108       0x1c main.o
                0x0000000080010108                bcdToDecimal
 .text.convertBcdValuesToDecimal
                0x0000000080010124       0x5c main.o
                0x0000000080010124                convertBcdValuesToDecimal
 .text.FntColor
                0x0000000080010180       0x74 main.o
                0x0000000080010180                FntColor
 .text.initFont
                0x00000000800101f4      0x110 main.o
                0x00000000800101f4                initFont
 .text.clearVRAM
                0x0000000080010304       0x50 main.o
                0x0000000080010304                clearVRAM
 .text.initGraphics
                0x0000000080010354      0x130 main.o
                0x0000000080010354                initGraphics
 .text.initImage
                0x0000000080010484      0x14c main.o
                0x0000000080010484                initImage
 .text.display  0x00000000800105d0      0x114 main.o
                0x00000000800105d0                display
 .text.printSpu
                0x00000000800106e4       0x60 main.o
                0x00000000800106e4                printSpu
 .text.initSpu  0x0000000080010744       0x48 main.o
                0x0000000080010744                initSpu
 .text.readControllerInput
                0x000000008001078c      0x264 main.o
                0x000000008001078c                readControllerInput
 .text.playerInformationLogic
                0x00000000800109f0       0xcc main.o
                0x00000000800109f0                playerInformationLogic
 .text.getTableOfContents
                0x0000000080010abc       0xc4 main.o
                0x0000000080010abc                getTableOfContents
 .text          0x0000000080010b80       0x10 third_party/psyq/lib\libc.a(c63.o)
                0x0000000080010b80                printf
 .text          0x0000000080010b90      0x150 third_party/psyq/lib\libcd.a(event.o)
                0x0000000080010b90                CdInit
 .text          0x0000000080010ce0      0x3c0 third_party/psyq/lib\libcd.a(s_016.o)
                0x0000000080010ce0                CdControl
                0x0000000080010e1c                CdControlF
                0x0000000080010f50                CdControlB
 .text          0x00000000800110a0      0x250 third_party/psyq/lib\libcd.a(toc.o)
                0x00000000800110a0                CdGetToc
                0x00000000800110c4                CdGetToc2
 .text          0x00000000800112f0     0x1580 third_party/psyq/lib\libcd.a(bios_1.o)
                0x0000000080011854                CD_sync
                0x0000000080011ad4                CD_ready
                0x0000000080011d9c                CD_cw
                0x00000000800121a8                CD_vol
                0x0000000080012230                CD_flush
                0x0000000080012304                CD_initvol
                0x00000000800123f4                CD_initintr
                0x0000000080012440                CD_init
                0x0000000080012620                CD_datasync
                0x0000000080012788                CD_set_test_parmnum
 .text          0x0000000080012870       0x20 third_party/psyq/lib\libcd.a(s_014.o)
                0x0000000080012870                CdSyncCallback
 .text          0x0000000080012890      0x6c0 third_party/psyq/lib\libetc.a(intr.o)
                0x0000000080012890                ResetCallback
                0x00000000800128c0                InterruptCallback
                0x00000000800128f0                DMACallback
                0x0000000080012920                VSyncCallback
                0x0000000080012954                VSyncCallbacks
                0x0000000080012984                StopCallback
                0x00000000800129b4                RestartCallback
                0x00000000800129e4                CheckCallback
                0x00000000800129f4                GetIntrMask
                0x0000000080012a0c                SetIntrMask
 .text          0x0000000080012f50      0x2a0 third_party/psyq/lib\libetc.a(intr_dma.o)
                0x0000000080012f50                startIntrDMA
 .text          0x00000000800131f0      0x120 third_party/psyq/lib\libetc.a(intr_vb.o)
                0x00000000800131f0                startIntrVSync
 .text          0x0000000080013310       0x80 third_party/psyq/lib\libetc.a(pad.o)
                0x0000000080013310                PadInit
                0x000000008001335c                PadRead
 .text          0x0000000080013390       0x30 third_party/psyq/lib\libetc.a(vmode.o)
                0x0000000080013390                SetVideoMode
                0x00000000800133a4                GetVideoMode
 .text          0x00000000800133c0      0x210 third_party/psyq/lib\libetc.a(vsync.o)
                0x00000000800133c0                VSync
 .text          0x00000000800135d0      0xa80 third_party/psyq/lib\libgpu.a(font.o)
                0x00000000800135d0                SetDumpFnt
                0x0000000080013610                FntLoad
                0x00000000800136b0                FntOpen
                0x000000008001396c                FntFlush
                0x0000000080013c88                FntPrint
 .text          0x0000000080014050       0x40 third_party/psyq/lib\libgpu.a(p00.o)
                0x0000000080014050                GetTPage
 .text          0x0000000080014090       0x40 third_party/psyq/lib\libgpu.a(p06.o)
                0x0000000080014090                AddPrim
 .text          0x00000000800140d0       0x20 third_party/psyq/lib\libgpu.a(p09.o)
                0x00000000800140d0                TermPrim
 .text          0x00000000800140f0       0x30 third_party/psyq/lib\libgpu.a(p10.o)
                0x00000000800140f0                SetSemiTrans
 .text          0x0000000080014120       0x20 third_party/psyq/lib\libgpu.a(p20.o)
                0x0000000080014120                SetSprt8
 .text          0x0000000080014140       0x20 third_party/psyq/lib\libgpu.a(p26.o)
                0x0000000080014140                SetTile
 .text          0x0000000080014160       0xa0 third_party/psyq/lib\libgpu.a(p41.o)
                0x0000000080014160                SetDrawMode
 .text          0x0000000080014200     0x2f00 third_party/psyq/lib\libgpu.a(sys.o)
                0x0000000080014200                ResetGraph
                0x0000000080014374                SetGraphDebug
                0x00000000800143d0                SetGraphQueue
                0x0000000080014474                GetGraphDebug
                0x0000000080014484                DrawSyncCallback
                0x00000000800144e4                SetDispMask
                0x000000008001457c                DrawSync
                0x0000000080014700                ClearImage
                0x0000000080014790                ClearImage2
                0x0000000080014828                LoadImage
                0x0000000080014888                StoreImage
                0x00000000800148e8                MoveImage
                0x00000000800149a0                ClearOTag
                0x0000000080014a68                ClearOTagR
                0x0000000080014b14                DrawPrim
                0x0000000080014b70                DrawOTag
                0x0000000080014be0                PutDrawEnv
                0x0000000080014ca0                DrawOTagEnv
                0x0000000080014d78                GetDrawEnv
                0x0000000080014dac                PutDispEnv
                0x00000000800152a4                GetDispEnv
                0x00000000800152d8                GetODE
                0x0000000080015308                SetDrawArea
                0x0000000080015388                SetDrawOffset
                0x00000000800153c8                SetDrawEnv
                0x0000000080016c98                LoadImage2
                0x0000000080016d84                StoreImage2
                0x0000000080016e70                MoveImage2
                0x0000000080016fb4                DrawOTag2
                0x00000000800170b0                _GPU_ResetCallback
 .text          0x0000000080017100       0xf0 third_party/psyq/lib\libgpu.a(e00.o)
                0x0000000080017100                LoadTPage
 .text          0x00000000800171f0       0x70 third_party/psyq/lib\libgpu.a(e02.o)
                0x00000000800171f0                LoadClut2
 .text          0x0000000080017260       0x20 third_party/psyq/lib\libgpu.a(p01.o)
                0x0000000080017260                GetClut
 .text          0x0000000080017280      0x500 third_party/psyq/lib\libgs.a(2d_sp0.o)
                0x0000000080017280                GsSortSprite
 .text          0x0000000080017780      0x550 third_party/psyq/lib\libgs.a(gs_001.o)
                0x0000000080017780                GsInitGraph
                0x0000000080017910                GsInitGraph2
                0x0000000080017b98                GsSortClear
 .text          0x0000000080017cd0       0x10 third_party/psyq/lib\libgs.a(gs_0021.o)
                0x0000000080017cd0                GsGetActiveBuff
 .text          0x0000000080017ce0      0x110 third_party/psyq/lib\libgs.a(gs_0022.o)
                0x0000000080017ce0                GsSetDrawBuffOffset
 .text          0x0000000080017df0       0x80 third_party/psyq/lib\libgs.a(gs_003.o)
                0x0000000080017df0                GsSetDrawBuffClip
 .text          0x0000000080017e70       0xb0 third_party/psyq/lib\libgs.a(gs_010.o)
                0x0000000080017e70                GsSwapDispBuff
 .text          0x0000000080017f20       0xa0 third_party/psyq/lib\libgs.a(gs_103.o)
                0x0000000080017f20                GsDefDispBuff
 .text          0x0000000080017fc0       0x30 third_party/psyq/lib\libgs.a(gs_111.o)
                0x0000000080017fc0                GsDrawOt
 .text          0x0000000080017ff0       0x60 third_party/psyq/lib\libgs.a(gs_113.o)
                0x0000000080017ff0                GsClearOt
 .text          0x0000000080018050       0x50 third_party/psyq/lib\libgs.a(gs_121.o)
                0x0000000080018050                gte_init
 .text          0x00000000800180a0       0xf0 third_party/psyq/lib\libgs.a(gs_122.o)
                0x00000000800180a0                GsGetTimInfo
 .text          0x0000000080018190       0x10 third_party/psyq/lib\libgs.a(gs_124.o)
                0x0000000080018190                GsSetWorkBase
 .text          0x00000000800181a0       0xa0 third_party/psyq/lib\libgs.a(2d_com1.o)
                0x00000000800181a0                _make_packet
 .text          0x0000000080018240       0x80 third_party/psyq/lib\libgte.a(cmb_00.o)
                0x0000000080018240                RotTransPers4
 .text          0x00000000800182c0      0x290 third_party/psyq/lib\libgte.a(fgo_01.o)
                0x00000000800182c0                RotMatrix
 .text          0x0000000080018550       0x90 third_party/psyq/lib\libgte.a(msc00.o)
                0x0000000080018558                InitGeom
 .text          0x00000000800185e0       0x30 third_party/psyq/lib\libgte.a(mtx_07.o)
                0x00000000800185e0                TransMatrix
 .text          0x0000000080018610      0x140 third_party/psyq/lib\libgte.a(mtx_08.o)
                0x0000000080018610                ScaleMatrix
 .text          0x0000000080018750       0x30 third_party/psyq/lib\libgte.a(mtx_09.o)
                0x0000000080018750                SetRotMatrix
 .text          0x0000000080018780       0x20 third_party/psyq/lib\libgte.a(mtx_12.o)
                0x0000000080018780                SetTransMatrix
 .text          0x00000000800187a0       0xe0 third_party/psyq/lib\libgte.a(patchgte.o)
                0x00000000800187a0                _patch_gte
 .text          0x0000000080018880       0x10 third_party/psyq/lib\libgte.a(reg09.o)
                0x0000000080018880                ReadGeomScreen
 .text          0x0000000080018890       0x20 third_party/psyq/lib\libgte.a(reg11.o)
                0x0000000080018890                SetFarColor
 .text          0x00000000800188b0       0x20 third_party/psyq/lib\libgte.a(reg12.o)
                0x00000000800188b0                SetGeomOffset
 .text          0x00000000800188d0      0x310 third_party/psyq/lib\libspu.a(s_gca.o)
                0x00000000800188d0                SpuGetCommonAttr
 .text          0x0000000080018be0       0x20 third_party/psyq/lib\libspu.a(s_i.o)
                0x0000000080018be0                SpuInit
 .text          0x0000000080018c00      0x160 third_party/psyq/lib\libspu.a(s_ini.o)
                0x0000000080018c00                _SpuInit
                0x0000000080018ce8                SpuStart
 .text          0x0000000080018d60       0x40 third_party/psyq/lib\libspu.a(s_sccm.o)
                0x0000000080018d60                SpuSetCommonCDMix
 .text          0x0000000080018da0       0x20 third_party/psyq/lib\libspu.a(s_sccv.o)
                0x0000000080018da0                SpuSetCommonCDVolume
 .text          0x0000000080018dc0       0x20 third_party/psyq/lib\libspu.a(s_scmv.o)
                0x0000000080018dc0                SpuSetCommonMasterVolume
 .text          0x0000000080018de0      0xb40 third_party/psyq/lib\libspu.a(spu.o)
                0x0000000080018de0                _spu_init
                0x0000000080019220                _spu_FiDMA
                0x00000000800192dc                _spu_Fr_
                0x0000000080019384                _spu_t
                0x0000000080019604                _spu_Fw
                0x0000000080019688                _spu_Fr
                0x00000000800196ec                _spu_FsetRXX
                0x0000000080019730                _spu_FsetRXXa
                0x00000000800197d4                _spu_FgetRXXa
                0x0000000080019810                _spu_FsetPCR
                0x00000000800198b8                _spu_Fw1ts
 .text          0x0000000080019920       0x30 third_party/psyq/lib\libspu.a(s_dcb.o)
                0x0000000080019920                _SpuDataCallback
 .text          0x0000000080019950       0x10 third_party/psyq/lib\libapi.a(a07.o)
                0x0000000080019950                DeliverEvent
 .text          0x0000000080019960       0x10 third_party/psyq/lib\libapi.a(a08.o)
                0x0000000080019960                OpenEvent
 .text          0x0000000080019970       0x10 third_party/psyq/lib\libapi.a(a12.o)
                0x0000000080019970                EnableEvent
 .text          0x0000000080019980       0x10 third_party/psyq/lib\libapi.a(a22.o)
                0x0000000080019980                PAD_dr
 .text          0x0000000080019990       0x10 third_party/psyq/lib\libapi.a(a23.o)
                0x0000000080019990                ReturnFromException
 .text          0x00000000800199a0       0x10 third_party/psyq/lib\libapi.a(a24.o)
                0x00000000800199a0                ResetEntryInt
 .text          0x00000000800199b0       0x10 third_party/psyq/lib\libapi.a(a25.o)
                0x00000000800199b0                HookEntryInt
 .text          0x00000000800199c0       0x10 third_party/psyq/lib\libapi.a(a36.o)
                0x00000000800199c0                EnterCriticalSection
 .text          0x00000000800199d0       0x10 third_party/psyq/lib\libapi.a(a37.o)
                0x00000000800199d0                ExitCriticalSection
 .text          0x00000000800199e0       0x10 third_party/psyq/lib\libapi.a(a91.o)
                0x00000000800199e0                ChangeClearPAD
 .text          0x00000000800199f0       0x20 third_party/psyq/lib\libapi.a(c114.o)
                0x00000000800199f8                _96_remove
 .text          0x0000000080019a10       0x10 third_party/psyq/lib\libapi.a(c68.o)
                0x0000000080019a10                FlushCache
 .text          0x0000000080019a20       0x10 third_party/psyq/lib\libapi.a(c73.o)
                0x0000000080019a20                GPU_cw
 .text          0x0000000080019a30       0x10 third_party/psyq/lib\libapi.a(l10.o)
                0x0000000080019a30                ChangeClearRCnt
 .text          0x0000000080019a40      0x290 third_party/psyq/lib\libapi.a(pad.o)
                0x0000000080019a40                SetInitPadFlag
                0x0000000080019a4c                ReadInitPadFlag
                0x0000000080019a5c                PAD_init
                0x0000000080019aec                InitPAD
                0x0000000080019b7c                StartPAD
 .text          0x0000000080019cd0       0xa0 third_party/psyq/lib\libapi.a(patch.o)
                0x0000000080019cd0                EnablePAD
                0x0000000080019ce4                DisablePAD
                0x0000000080019cf8                _patch_pad
 .text          0x0000000080019d70       0x10 third_party/psyq/lib\libapi.a(a18.o)
                0x0000000080019d70                InitPAD2
 .text          0x0000000080019d80       0x10 third_party/psyq/lib\libapi.a(a19.o)
                0x0000000080019d80                StartPAD2
 .text          0x0000000080019d90       0x10 third_party/psyq/lib\libapi.a(a21.o)
                0x0000000080019d90                PAD_init2
 .text          0x0000000080019da0       0x70 third_party/psyq/lib\libapi.a(chclrpad.o)
                0x0000000080019da0                _remove_ChgclrPAD
 .text          0x0000000080019e10       0x10 third_party/psyq/lib\libapi.a(l02.o)
                0x0000000080019e10                SysEnqIntRP
 .text          0x0000000080019e20       0x10 third_party/psyq/lib\libapi.a(l03.o)
                0x0000000080019e20                SysDeqIntRP
 .text          0x0000000080019e30       0x20 third_party/psyq/lib\libc.a(a63.o)
                0x0000000080019e38                puts
 .text          0x0000000080019e50       0x10 third_party/psyq/lib\libc.a(c19.o)
                0x0000000080019e50                setjmp
 .text          0x0000000080019e60       0x10 third_party/psyq/lib\libc.a(c27.o)
                0x0000000080019e60                strlen
 .text          0x0000000080019e70       0x10 third_party/psyq/lib\libc.a(c42.o)
                0x0000000080019e70                memcpy
 .text          0x0000000080019e80       0x10 third_party/psyq/lib\libc.a(c43.o)
                0x0000000080019e80                memset
                0x0000000080019e90                . = ALIGN (0x10)
 *(.init)
                0x0000000080019e90                . = ALIGN (0x10)
 *(.fini)
                0x0000000080019e90                . = ALIGN (0x10)
                0x0000000080019e90                __text_end = .
                0x0000000080019e90                __ftext_end = ABSOLUTE (.)
                0x0000000080019e90                __fdata_start = ABSOLUTE (.)

.rodata         0x0000000080019e90      0x970
 *(.rodata .rodata.* .rdata .rdata.* .gnu.linkonce.r.*)
 .rodata        0x0000000080019e90       0x10 third_party/nugget/common/crt0/crt0.o
 .rodata.clearVRAM.str1.4
                0x0000000080019ea0        0xf main.o
 *fill*         0x0000000080019eaf        0x1 
 .rodata.initGraphics.str1.4
                0x0000000080019eb0       0xaa main.o
 *fill*         0x0000000080019f5a        0x2 
 .rodata.printSpu.str1.4
                0x0000000080019f5c       0x59 main.o
 *fill*         0x0000000080019fb5        0x3 
 .rodata.readControllerInput.str1.4
                0x0000000080019fb8       0xd6 main.o
 *fill*         0x000000008001a08e        0x2 
 .rodata.playerInformationLogic.str1.4
                0x000000008001a090       0x52 main.o
 *fill*         0x000000008001a0e2        0x2 
 .rodata.getTableOfContents.str1.4
                0x000000008001a0e4       0x62 main.o
 *fill*         0x000000008001a146        0x2 
 .rdata         0x000000008001a148       0x20 third_party/psyq/lib\libcd.a(event.o)
 .rdata         0x000000008001a168       0x40 third_party/psyq/lib\libcd.a(toc.o)
 .rdata         0x000000008001a1a8      0x260 third_party/psyq/lib\libcd.a(bios_1.o)
 .rdata         0x000000008001a408       0x70 third_party/psyq/lib\libetc.a(intr.o)
 .rdata         0x000000008001a478       0x30 third_party/psyq/lib\libetc.a(intr_dma.o)
 .rdata         0x000000008001a4a8       0x10 third_party/psyq/lib\libetc.a(vsync.o)
 .rdata         0x000000008001a4b8       0xa0 third_party/psyq/lib\libgpu.a(font.o)
 .rdata         0x000000008001a558      0x220 third_party/psyq/lib\libgpu.a(sys.o)
 .rdata         0x000000008001a778       0x30 third_party/psyq/lib\libgs.a(2d_com1.o)
 .rdata         0x000000008001a7a8       0x50 third_party/psyq/lib\libspu.a(spu.o)
                0x000000008001a800                . = ALIGN (0x10)
 *fill*         0x000000008001a7f8        0x8 
                0x000000008001a800                __preinit_array_start = .
 *(.preinit_array)
                0x000000008001a800                __preinit_array_end = .
                0x000000008001a800                . = ALIGN (0x10)
                0x000000008001a800                __init_array_start = .
 *(SORT_BY_NAME(.init_array.*))
 *(.init_array)
                0x000000008001a800                . = ALIGN (0x10)
 *crtbegin.o(.ctors)
 *(EXCLUDE_FILE(*crtend.o) .ctors)
 *(SORT_BY_NAME(.ctors.*))
 *crtend.o(.ctors)
                0x000000008001a800                __init_array_end = .
                0x000000008001a800                . = ALIGN (0x10)
                0x000000008001a800                __fini_array_start = .
 *(.fini_array)
 *(SORT_BY_NAME(.fini_array.*))
 *crtbegin.o(.dtors)
 *(EXCLUDE_FILE(*crtend.o) .dtors)
 *(SORT_BY_NAME(.dtors.*))
 *crtend.o(.dtors)
                0x000000008001a800                __fini_array_end = .
                0x000000008001a800                __build_id = .
 *(.note.gnu.build-id)
                0x000000008001a800                __build_id_end = .

.rel.dyn        0x000000008001a800        0x0
 .rel.dyn       0x000000008001a800        0x0 third_party/psyq/lib\libgpu.a(sys.o)

.rodata1
 *(.rodata1)
                0x000000008001a800                __data_start = .

.data           0x000000008001a800    0x2c000
 *(.data .data.* .gnu.linkonce.d.*)
 .data          0x000000008001a800        0x0 third_party/nugget/common/crt0/crt0.o
 .data          0x000000008001a800        0x0 main.o
 .data.newVolumeLevelCd.3
                0x000000008001a800        0x4 main.o
 .data.direction.6
                0x000000008001a804        0xc main.o
 .data.image    0x000000008001a810    0x25814 main.o
                0x000000008001a810                image
 *fill*         0x0000000080040024        0x4 50414444
 .data          0x0000000080040028       0x20 third_party/psyq/lib\libapi.a(counter.o)
 .data          0x0000000080040048       0x10 third_party/psyq/lib\libcd.a(event.o)
                0x0000000080040048                CD_cbread
                0x000000008004004c                CD_read_dma_mode
 .data          0x0000000080040058       0x80 third_party/psyq/lib\libcd.a(s_016.o)
 .data          0x00000000800400d8      0x310 third_party/psyq/lib\libcd.a(bios_1.o)
                0x00000000800400e0                CD_cbsync
                0x00000000800400e4                CD_cbready
                0x00000000800400e8                CD_debug
                0x00000000800400ec                CD_status
                0x00000000800400f0                CD_status1
                0x00000000800400f4                CD_nopen
                0x00000000800400f8                CD_pos
                0x00000000800400fc                CD_mode
                0x00000000800400fd                CD_com
                0x0000000080040100                DS_active
                0x0000000080040104                CD_comstr
                0x0000000080040184                CD_intstr
 .data          0x00000000800403e8     0x1100 third_party/psyq/lib\libetc.a(intr.o)
 .data          0x00000000800414e8       0x30 third_party/psyq/lib\libetc.a(intr_dma.o)
 .data          0x0000000080041518       0x30 third_party/psyq/lib\libetc.a(intr_vb.o)
                0x0000000080041538                Vcount
 .data          0x0000000080041548       0x10 third_party/psyq/lib\libetc.a(vmode.o)
 .data          0x0000000080041558       0x20 third_party/psyq/lib\libetc.a(vsync.o)
                0x0000000080041568                Hcount
 .data          0x0000000080041578      0xb90 third_party/psyq/lib\libgpu.a(font.o)
                0x0000000080041578                Font
 .data          0x0000000080042108      0x1a0 third_party/psyq/lib\libgpu.a(sys.o)
                0x0000000080042154                GPU_printf
                0x0000000080042158                GEnv
                0x0000000080042280                _qin
                0x0000000080042284                _qout
 .data          0x00000000800422a8       0x10 third_party/psyq/lib\libgs.a(global.o)
                0x00000000800422a8                GsADIVZ
                0x00000000800422ac                GsADIVW
                0x00000000800422ae                GsADIVH
 .data          0x00000000800422b8       0x10 third_party/psyq/lib\libgs.a(gs_001.o)
 .data          0x00000000800422c8       0x10 third_party/psyq/lib\libgte.a(msc00.o)
 .data          0x00000000800422d8      0x180 third_party/psyq/lib\libgte.a(sqrtbl.o)
                0x00000000800422d8                SQRT
 .data          0x0000000080042458     0x4000 third_party/psyq/lib\libgte.a(cstbl.o)
                0x0000000080042458                rcossin_tbl
 .data          0x0000000080046458       0x80 third_party/psyq/lib\libspu.a(s_ini.o)
                0x0000000080046460                _spu_EVdma
                0x0000000080046464                _spu_keystat
                0x0000000080046468                _spu_trans_mode
                0x000000008004646c                _spu_rev_flag
                0x0000000080046470                _spu_rev_reserve_wa
                0x0000000080046474                _spu_rev_offsetaddr
                0x0000000080046478                _spu_rev_attr
                0x000000008004648c                _spu_RQvoice
                0x0000000080046490                _spu_RQmask
                0x0000000080046494                _spu_voice_centerNote
                0x00000000800464c4                _spu_env
                0x00000000800464c8                _spu_isCalled
 .data          0x00000000800464d8       0x10 third_party/psyq/lib\libspu.a(s_m.o)
                0x00000000800464d8                _spu_AllocBlockNum
                0x00000000800464dc                _spu_AllocLastNum
                0x00000000800464e0                _spu_memList
 .data          0x00000000800464e8       0x30 third_party/psyq/lib\libspu.a(s_rmp0.o)
                0x00000000800464e8                _spu_rev_startaddr
 .data          0x0000000080046518       0x60 third_party/psyq/lib\libspu.a(spu.o)
                0x0000000080046518                _spu_RXX
                0x0000000080046530                _spu_tsa
                0x0000000080046534                _spu_transMode
                0x0000000080046538                _spu_addrMode
                0x000000008004653c                _spu_mem_mode
                0x0000000080046540                _spu_mem_mode_plus
                0x0000000080046544                _spu_mem_mode_unit
                0x0000000080046548                _spu_mem_mode_unitM
                0x000000008004654c                _spu_inTransfer
                0x0000000080046550                _spu_transferCallback
                0x0000000080046554                _spu_IRQCallback
 .data          0x0000000080046578       0x10 third_party/psyq/lib\libapi.a(pad.o)
 *(.data1)
 *(.sdata .sdata.* .gnu.linkonce.s.*)
 .sdata.CdVolume
                0x0000000080046588        0x4 main.o
                0x0000000080046588                CdVolume
 .sdata.__stacksize
                0x000000008004658c        0x4 main.o
                0x000000008004658c                __stacksize
 .sdata.__ramsize
                0x0000000080046590        0x4 main.o
                0x0000000080046590                __ramsize
 *(.sdata2 .sdata2.* .gnu.linkonce.s2.*)
 *(.got.plt)
 *(.got)
                0x0000000080046800                . = ALIGN (0x800)
 *fill*         0x0000000080046594      0x26c 50414444
                0x0000000080046800                __data_end = .
                0x0000000080046800                __fdata_end = .
                0x0000000080046800                __bss_start = .

.sbss           0x0000000080046800     0x63a8
 *(.dynsbss)
 *(.sbss .sbss.* .gnu.linkonce.sb.*)
 .sbss.debounceTimer
                0x0000000080046800        0x4 main.o
                0x0000000080046800                debounceTimer
 .sbss.numTracks
                0x0000000080046804        0x4 main.o
                0x0000000080046804                numTracks
 .sbss.shuffle  0x0000000080046808        0x1 main.o
                0x0000000080046808                shuffle
 *fill*         0x0000000080046809        0x3 
 .sbss.currentbuffer
                0x000000008004680c        0x4 main.o
                0x000000008004680c                currentbuffer
 .sbss.fntColorBG
                0x0000000080046810        0x4 main.o
                0x0000000080046810                fntColorBG
 .sbss.fntColor
                0x0000000080046814        0x4 main.o
                0x0000000080046814                fntColor
 *(.scommon)
 *(.dynbss)
 *(.bss .bss.* .gnu.linkonce.b.*)
 .bss.pause.1   0x0000000080046818        0x1 main.o
 *fill*         0x0000000080046819        0x3 
 .bss.fontColours.7
                0x000000008004681c        0x3 main.o
 *fill*         0x000000008004681f        0x1 
 .bss.colorIndex.8
                0x0000000080046820        0x4 main.o
 .bss.decimalValues
                0x0000000080046824       0x20 main.o
                0x0000000080046824                decimalValues
 .bss.loc       0x0000000080046844      0x190 main.o
                0x0000000080046844                loc
 .bss.image1    0x00000000800469d4       0x48 main.o
                0x00000000800469d4                image1
 .bss.GPUOutputPacket
                0x0000000080046a1c      0x258 main.o
                0x0000000080046a1c                GPUOutputPacket
 .bss.OrderingTable
                0x0000000080046c74       0x10 main.o
                0x0000000080046c74                OrderingTable
 .bss.WorldOrderingTable
                0x0000000080046c84       0x28 main.o
                0x0000000080046c84                WorldOrderingTable
 *fill*         0x0000000080046cac        0x4 
 .bss           0x0000000080046cb0       0x34 third_party/psyq/lib\libcd.a(bios_1.o)
                0x0000000080046ce0                StMode
 *fill*         0x0000000080046ce4        0x4 
 .bss           0x0000000080046ce8       0x14 third_party/psyq/lib\libetc.a(pad.o)
                0x0000000080046cf8                PadIdentifier
 *fill*         0x0000000080046cfc        0x4 
 .bss           0x0000000080046d00     0x4410 third_party/psyq/lib\libgpu.a(font.o)
 .bss           0x000000008004b110     0x1850 third_party/psyq/lib\libgpu.a(sys.o)
                0x000000008004b160                _que
 .bss           0x000000008004c960       0x54 third_party/psyq/lib\libgs.a(global.o)
                0x000000008004c960                GsOUT_PACKET_P
                0x000000008004c968                GsMATE_C
                0x000000008004c970                GsLMODE
                0x000000008004c978                GsLIGNR
                0x000000008004c980                GsLIOFF
                0x000000008004c988                GsZOVER
                0x000000008004c990                GsBACKC
                0x000000008004c998                GsNDIV
                0x000000008004c9a0                GsTRATE
                0x000000008004c9a8                GsTON
                0x000000008004c9b0                GsDISPON
 *fill*         0x000000008004c9b4        0x4 
 .bss           0x000000008004c9b8       0xea third_party/psyq/lib\libgs.a(gs_001.o)
                0x000000008004c9d8                PSDIDX
                0x000000008004c9e0                GsDRAWENV
                0x000000008004ca40                GsDISPENV
                0x000000008004ca58                PSDGPU
                0x000000008004ca60                PSDBASEX
                0x000000008004ca68                PSDBASEY
                0x000000008004ca70                POSITION
                0x000000008004ca78                CLIP2
                0x000000008004ca80                PSDCNT
                0x000000008004ca88                PSDOFSX
                0x000000008004ca90                PSDOFSY
                0x000000008004ca98                GsORGOFSX
                0x000000008004caa0                GsORGOFSY
 *fill*         0x000000008004caa2        0x6 
 .bss           0x000000008004caa8       0x24 third_party/psyq/lib\libgs.a(gs_104.o)
                0x000000008004caa8                HWD0
                0x000000008004cab0                VWD0
                0x000000008004cab8                GsCLIP3near
                0x000000008004cac0                GsLIGHT_MODE
                0x000000008004cac8                GsCLIP3far
 *fill*         0x000000008004cacc        0x4 
 .bss           0x000000008004cad0       0x40 third_party/psyq/lib\libgs.a(gs_107.o)
                0x000000008004cad0                GsLIGHTWSMATRIX
                0x000000008004caf0                _LC
 .bss           0x000000008004cb10       0x40 third_party/psyq/lib\libgs.a(gs_128.o)
                0x000000008004cb10                GsIDMATRIX
                0x000000008004cb30                GsIDMATRIX2
 .bss           0x000000008004cb50       0x10 third_party/psyq/lib\libgte.a(patchgte.o)
 .bss           0x000000008004cb60       0x14 third_party/psyq/lib\libspu.a(spu.o)
                0x000000008004cb60                _spu_RQ
 *fill*         0x000000008004cb74        0x4 
 .bss           0x000000008004cb78       0x10 third_party/psyq/lib\libapi.a(pad.o)
                0x000000008004cb78                _apiPadPatch
 .bss           0x000000008004cb88       0x10 third_party/psyq/lib\libapi.a(patch.o)
 .bss           0x000000008004cb98       0x10 third_party/psyq/lib\libapi.a(chclrpad.o)
 *(COMMON)
                0x000000008004cba8                . = ALIGN (0x4)
                0x000000008004cba8                __bss_end = .
                0x000000008004cba8                __heap_start = __heap_base
                0x000000008000f800                . = (ADDR (.text) - 0x800)
                0x000000008000f800                __end = .

/DISCARD/
 *(.MIPS.abiflags)

/DISCARD/
 *(.rel.iplt)
 *(.rela.iplt)
 *(.rel.plt)
 *(.rela.plt)
 *(.plt)
 *(.iplt)

/DISCARD/
 *(.note.GNU-stack)
 *(.gnu_debuglink)
 *(.gnu.lto_*)

.scratchpad
 *(.scratchpad)
OUTPUT(fuckityfuckity.elf elf32-littlemips)

.reginfo        0x0000000000000000       0x18
 .reginfo       0x0000000000000000       0x18 third_party/nugget/common/crt0/crt0.o

.pdr            0x0000000000000000        0x0
 .pdr           0x0000000000000000        0x0 third_party/nugget/common/crt0/crt0.o

.gnu.attributes
                0x0000000000000000       0x10
 .gnu.attributes
                0x0000000000000000       0x10 third_party/nugget/common/crt0/crt0.o
 .gnu.attributes
                0x0000000000000010       0x10 main.o

.mdebug.abi32   0x0000000000000000        0x0
 .mdebug.abi32  0x0000000000000000        0x0 main.o

.comment        0x0000000000000000       0x12
 .comment       0x0000000000000000       0x12 main.o
                                         0x13 (size before relaxing)

.note           0x0000000000000000     0x2b80
 .note          0x0000000000000000       0x74 third_party/psyq/lib\libapi.a(counter.o)
 .note          0x0000000000000074       0x74 third_party/psyq/lib\libc.a(c47.o)
 .note          0x00000000000000e8       0x74 third_party/psyq/lib\libc.a(c48.o)
 .note          0x000000000000015c       0x74 third_party/psyq/lib\libc.a(c63.o)
 .note          0x00000000000001d0       0x74 third_party/psyq/lib\libcd.a(event.o)
 .note          0x0000000000000244       0x74 third_party/psyq/lib\libcd.a(s_016.o)
 .note          0x00000000000002b8       0x74 third_party/psyq/lib\libcd.a(toc.o)
 .note          0x000000000000032c       0x74 third_party/psyq/lib\libcd.a(bios_1.o)
 .note          0x00000000000003a0       0x74 third_party/psyq/lib\libcd.a(s_014.o)
 .note          0x0000000000000414       0x74 third_party/psyq/lib\libetc.a(intr.o)
 .note          0x0000000000000488       0x74 third_party/psyq/lib\libetc.a(intr_dma.o)
 .note          0x00000000000004fc       0x74 third_party/psyq/lib\libetc.a(intr_vb.o)
 .note          0x0000000000000570       0x74 third_party/psyq/lib\libetc.a(pad.o)
 .note          0x00000000000005e4       0x74 third_party/psyq/lib\libetc.a(vmode.o)
 .note          0x0000000000000658       0x74 third_party/psyq/lib\libetc.a(vsync.o)
 .note          0x00000000000006cc       0x74 third_party/psyq/lib\libgpu.a(font.o)
 .note          0x0000000000000740       0x74 third_party/psyq/lib\libgpu.a(p00.o)
 .note          0x00000000000007b4       0x74 third_party/psyq/lib\libgpu.a(p06.o)
 .note          0x0000000000000828       0x74 third_party/psyq/lib\libgpu.a(p09.o)
 .note          0x000000000000089c       0x74 third_party/psyq/lib\libgpu.a(p10.o)
 .note          0x0000000000000910       0x74 third_party/psyq/lib\libgpu.a(p20.o)
 .note          0x0000000000000984       0x74 third_party/psyq/lib\libgpu.a(p26.o)
 .note          0x00000000000009f8       0x74 third_party/psyq/lib\libgpu.a(p41.o)
 .note          0x0000000000000a6c       0x74 third_party/psyq/lib\libgpu.a(sys.o)
 .note          0x0000000000000ae0       0x74 third_party/psyq/lib\libgpu.a(e00.o)
 .note          0x0000000000000b54       0x74 third_party/psyq/lib\libgpu.a(e02.o)
 .note          0x0000000000000bc8       0x74 third_party/psyq/lib\libgpu.a(p01.o)
 .note          0x0000000000000c3c       0x74 third_party/psyq/lib\libgs.a(2d_sp0.o)
 .note          0x0000000000000cb0       0x74 third_party/psyq/lib\libgs.a(global.o)
 .note          0x0000000000000d24       0x74 third_party/psyq/lib\libgs.a(gs_001.o)
 .note          0x0000000000000d98       0x74 third_party/psyq/lib\libgs.a(gs_0021.o)
 .note          0x0000000000000e0c       0x74 third_party/psyq/lib\libgs.a(gs_0022.o)
 .note          0x0000000000000e80       0x74 third_party/psyq/lib\libgs.a(gs_003.o)
 .note          0x0000000000000ef4       0x74 third_party/psyq/lib\libgs.a(gs_010.o)
 .note          0x0000000000000f68       0x74 third_party/psyq/lib\libgs.a(gs_103.o)
 .note          0x0000000000000fdc       0x74 third_party/psyq/lib\libgs.a(gs_104.o)
 .note          0x0000000000001050       0x74 third_party/psyq/lib\libgs.a(gs_107.o)
 .note          0x00000000000010c4       0x74 third_party/psyq/lib\libgs.a(gs_111.o)
 .note          0x0000000000001138       0x74 third_party/psyq/lib\libgs.a(gs_113.o)
 .note          0x00000000000011ac       0x74 third_party/psyq/lib\libgs.a(gs_121.o)
 .note          0x0000000000001220       0x74 third_party/psyq/lib\libgs.a(gs_122.o)
 .note          0x0000000000001294       0x74 third_party/psyq/lib\libgs.a(gs_124.o)
 .note          0x0000000000001308       0x74 third_party/psyq/lib\libgs.a(gs_128.o)
 .note          0x000000000000137c       0x74 third_party/psyq/lib\libgs.a(2d_com1.o)
 .note          0x00000000000013f0       0x74 third_party/psyq/lib\libgte.a(cmb_00.o)
 .note          0x0000000000001464       0x74 third_party/psyq/lib\libgte.a(fgo_01.o)
 .note          0x00000000000014d8       0x74 third_party/psyq/lib\libgte.a(msc00.o)
 .note          0x000000000000154c       0x74 third_party/psyq/lib\libgte.a(msc01.o)
 .note          0x00000000000015c0       0x74 third_party/psyq/lib\libgte.a(mtx_07.o)
 .note          0x0000000000001634       0x74 third_party/psyq/lib\libgte.a(mtx_08.o)
 .note          0x00000000000016a8       0x74 third_party/psyq/lib\libgte.a(mtx_09.o)
 .note          0x000000000000171c       0x74 third_party/psyq/lib\libgte.a(mtx_11.o)
 .note          0x0000000000001790       0x74 third_party/psyq/lib\libgte.a(mtx_12.o)
 .note          0x0000000000001804       0x74 third_party/psyq/lib\libgte.a(patchgte.o)
 .note          0x0000000000001878       0x74 third_party/psyq/lib\libgte.a(reg09.o)
 .note          0x00000000000018ec       0x74 third_party/psyq/lib\libgte.a(reg11.o)
 .note          0x0000000000001960       0x74 third_party/psyq/lib\libgte.a(reg12.o)
 .note          0x00000000000019d4       0x74 third_party/psyq/lib\libgte.a(sqrtbl.o)
 .note          0x0000000000001a48       0x74 third_party/psyq/lib\libgte.a(cstbl.o)
 .note          0x0000000000001abc       0x74 third_party/psyq/lib\libspu.a(s_gca.o)
 .note          0x0000000000001b30       0x74 third_party/psyq/lib\libspu.a(s_i.o)
 .note          0x0000000000001ba4       0x74 third_party/psyq/lib\libspu.a(s_ini.o)
 .note          0x0000000000001c18       0x74 third_party/psyq/lib\libspu.a(s_m.o)
 .note          0x0000000000001c8c       0x74 third_party/psyq/lib\libspu.a(s_rmp0.o)
 .note          0x0000000000001d00       0x74 third_party/psyq/lib\libspu.a(s_sccm.o)
 .note          0x0000000000001d74       0x74 third_party/psyq/lib\libspu.a(s_sccv.o)
 .note          0x0000000000001de8       0x74 third_party/psyq/lib\libspu.a(s_scmv.o)
 .note          0x0000000000001e5c       0x74 third_party/psyq/lib\libspu.a(spu.o)
 .note          0x0000000000001ed0       0x74 third_party/psyq/lib\libspu.a(s_dcb.o)
 .note          0x0000000000001f44       0x74 third_party/psyq/lib\libapi.a(a07.o)
 .note          0x0000000000001fb8       0x74 third_party/psyq/lib\libapi.a(a08.o)
 .note          0x000000000000202c       0x74 third_party/psyq/lib\libapi.a(a12.o)
 .note          0x00000000000020a0       0x74 third_party/psyq/lib\libapi.a(a22.o)
 .note          0x0000000000002114       0x74 third_party/psyq/lib\libapi.a(a23.o)
 .note          0x0000000000002188       0x74 third_party/psyq/lib\libapi.a(a24.o)
 .note          0x00000000000021fc       0x74 third_party/psyq/lib\libapi.a(a25.o)
 .note          0x0000000000002270       0x74 third_party/psyq/lib\libapi.a(a36.o)
 .note          0x00000000000022e4       0x74 third_party/psyq/lib\libapi.a(a37.o)
 .note          0x0000000000002358       0x74 third_party/psyq/lib\libapi.a(a91.o)
 .note          0x00000000000023cc       0x74 third_party/psyq/lib\libapi.a(c114.o)
 .note          0x0000000000002440       0x74 third_party/psyq/lib\libapi.a(c68.o)
 .note          0x00000000000024b4       0x74 third_party/psyq/lib\libapi.a(c73.o)
 .note          0x0000000000002528       0x74 third_party/psyq/lib\libapi.a(l10.o)
 .note          0x000000000000259c       0x74 third_party/psyq/lib\libapi.a(pad.o)
 .note          0x0000000000002610       0x74 third_party/psyq/lib\libapi.a(patch.o)
 .note          0x0000000000002684       0x74 third_party/psyq/lib\libapi.a(a18.o)
 .note          0x00000000000026f8       0x74 third_party/psyq/lib\libapi.a(a19.o)
 .note          0x000000000000276c       0x74 third_party/psyq/lib\libapi.a(a21.o)
 .note          0x00000000000027e0       0x74 third_party/psyq/lib\libapi.a(chclrpad.o)
 .note          0x0000000000002854       0x74 third_party/psyq/lib\libapi.a(l02.o)
 .note          0x00000000000028c8       0x74 third_party/psyq/lib\libapi.a(l03.o)
 .note          0x000000000000293c       0x74 third_party/psyq/lib\libc.a(a63.o)
 .note          0x00000000000029b0       0x74 third_party/psyq/lib\libc.a(c19.o)
 .note          0x0000000000002a24       0x74 third_party/psyq/lib\libc.a(c27.o)
 .note          0x0000000000002a98       0x74 third_party/psyq/lib\libc.a(c42.o)
 .note          0x0000000000002b0c       0x74 third_party/psyq/lib\libc.a(c43.o)

.debug_line     0x0000000000000000      0x88c
 .debug_line    0x0000000000000000       0x5b third_party/nugget/common/crt0/crt0.o
 .debug_line    0x000000000000005b      0x831 main.o

.debug_line_str
                0x0000000000000000       0x26
 .debug_line_str
                0x0000000000000000       0x26 third_party/nugget/common/crt0/crt0.o
                                         0x4c (size before relaxing)

.debug_info     0x0000000000000000     0x1695
 .debug_info    0x0000000000000000       0x24 third_party/nugget/common/crt0/crt0.o
 .debug_info    0x0000000000000024     0x1671 main.o

.debug_abbrev   0x0000000000000000      0x439
 .debug_abbrev  0x0000000000000000       0x14 third_party/nugget/common/crt0/crt0.o
 .debug_abbrev  0x0000000000000014      0x425 main.o

.debug_aranges  0x0000000000000000       0xb8
 .debug_aranges
                0x0000000000000000       0x20 third_party/nugget/common/crt0/crt0.o
 .debug_aranges
                0x0000000000000020       0x98 main.o

.debug_str      0x0000000000000000      0x6f9
 .debug_str     0x0000000000000000       0x3b third_party/nugget/common/crt0/crt0.o
 .debug_str     0x000000000000003b      0x6be main.o
                                        0x73d (size before relaxing)

.debug_loclists
                0x0000000000000000      0x20d
 .debug_loclists
                0x0000000000000000      0x20d main.o

.debug_rnglists
                0x0000000000000000       0xb4
 .debug_rnglists
                0x0000000000000000       0xb4 main.o

.debug_frame    0x0000000000000000      0x224
 .debug_frame   0x0000000000000000      0x224 main.o
