Archive member included to satisfy reference by file (symbol)

third_party/psyq/lib\libapi.a(counter.o)
                              main.o (GetRCnt)
third_party/psyq/lib\libc.a(c47.o)
                              main.o (rand)
third_party/psyq/lib\libc.a(c48.o)
                              main.o (srand)
third_party/psyq/lib\libc.a(c63.o)
                              main.o (printf)
third_party/psyq/lib\libcd.a(cdplay.o)
                              main.o (CdPlay)
third_party/psyq/lib\libcd.a(event.o)
                              main.o (CdInit)
third_party/psyq/lib\libcd.a(s_011.o)
                              third_party/psyq/lib\libcd.a(cdplay.o) (CdIntstr)
third_party/psyq/lib\libcd.a(s_012.o)
                              third_party/psyq/lib\libcd.a(cdplay.o) (CdSync)
third_party/psyq/lib\libcd.a(s_015.o)
                              third_party/psyq/lib\libcd.a(cdplay.o) (CdReadyCallback)
third_party/psyq/lib\libcd.a(s_016.o)
                              third_party/psyq/lib\libcd.a(cdplay.o) (CdControl)
third_party/psyq/lib\libcd.a(toc.o)
                              tools.o (CdGetToc)
third_party/psyq/lib\libcd.a(bios_1.o)
                              third_party/psyq/lib\libcd.a(event.o) (CD_cbready)
third_party/psyq/lib\libcd.a(s_014.o)
                              third_party/psyq/lib\libcd.a(toc.o) (CdSyncCallback)
third_party/psyq/lib\libetc.a(intr.o)
                              third_party/psyq/lib\libcd.a(bios_1.o) (CheckCallback)
third_party/psyq/lib\libetc.a(intr_dma.o)
                              third_party/psyq/lib\libetc.a(intr.o) (startIntrDMA)
third_party/psyq/lib\libetc.a(intr_vb.o)
                              third_party/psyq/lib\libetc.a(intr.o) (startIntrVSync)
third_party/psyq/lib\libetc.a(pad.o)
                              main.o (PadRead)
third_party/psyq/lib\libetc.a(vmode.o)
                              main.o (SetVideoMode)
third_party/psyq/lib\libetc.a(vsync.o)
                              main.o (VSync)
third_party/psyq/lib\libgpu.a(font.o)
                              main.o (FntFlush)
third_party/psyq/lib\libgpu.a(p00.o)
                              main.o (GetTPage)
third_party/psyq/lib\libgpu.a(p06.o)
                              third_party/psyq/lib\libgpu.a(font.o) (AddPrim)
third_party/psyq/lib\libgpu.a(p09.o)
                              third_party/psyq/lib\libgpu.a(font.o) (TermPrim)
third_party/psyq/lib\libgpu.a(p10.o)
                              third_party/psyq/lib\libgpu.a(font.o) (SetSemiTrans)
third_party/psyq/lib\libgpu.a(p20.o)
                              third_party/psyq/lib\libgpu.a(font.o) (SetSprt8)
third_party/psyq/lib\libgpu.a(p26.o)
                              third_party/psyq/lib\libgpu.a(font.o) (SetTile)
third_party/psyq/lib\libgpu.a(p41.o)
                              third_party/psyq/lib\libgpu.a(font.o) (SetDrawMode)
third_party/psyq/lib\libgpu.a(sys.o)
                              main.o (ClearImage2)
third_party/psyq/lib\libgpu.a(e00.o)
                              third_party/psyq/lib\libgpu.a(font.o) (LoadTPage)
third_party/psyq/lib\libgpu.a(e02.o)
                              third_party/psyq/lib\libgpu.a(font.o) (LoadClut2)
third_party/psyq/lib\libgpu.a(p01.o)
                              third_party/psyq/lib\libgpu.a(e02.o) (GetClut)
third_party/psyq/lib\libgs.a(2d_sp0.o)
                              main.o (GsSortSprite)
third_party/psyq/lib\libgs.a(global.o)
                              third_party/psyq/lib\libgs.a(2d_sp0.o) (GsOUT_PACKET_P)
third_party/psyq/lib\libgs.a(gs_001.o)
                              third_party/psyq/lib\libgs.a(2d_sp0.o) (GsORGOFSY)
third_party/psyq/lib\libgs.a(gs_0021.o)
                              main.o (GsGetActiveBuff)
third_party/psyq/lib\libgs.a(gs_0022.o)
                              third_party/psyq/lib\libgs.a(gs_001.o) (GsSetDrawBuffOffset)
third_party/psyq/lib\libgs.a(gs_003.o)
                              third_party/psyq/lib\libgs.a(gs_001.o) (GsSetDrawBuffClip)
third_party/psyq/lib\libgs.a(gs_010.o)
                              main.o (GsSwapDispBuff)
third_party/psyq/lib\libgs.a(gs_103.o)
                              main.o (GsDefDispBuff)
third_party/psyq/lib\libgs.a(gs_104.o)
                              third_party/psyq/lib\libgs.a(gs_001.o) (HWD0)
third_party/psyq/lib\libgs.a(gs_107.o)
                              third_party/psyq/lib\libgs.a(gs_001.o) (GsLIGHTWSMATRIX)
third_party/psyq/lib\libgs.a(gs_111.o)
                              main.o (GsDrawOt)
third_party/psyq/lib\libgs.a(gs_113.o)
                              main.o (GsClearOt)
third_party/psyq/lib\libgs.a(gs_121.o)
                              third_party/psyq/lib\libgs.a(gs_001.o) (gte_init)
third_party/psyq/lib\libgs.a(gs_122.o)
                              main.o (GsGetTimInfo)
third_party/psyq/lib\libgs.a(gs_124.o)
                              main.o (GsSetWorkBase)
third_party/psyq/lib\libgs.a(gs_128.o)
                              third_party/psyq/lib\libgs.a(2d_sp0.o) (GsIDMATRIX)
third_party/psyq/lib\libgs.a(2d_com1.o)
                              third_party/psyq/lib\libgs.a(2d_sp0.o) (_make_packet)
third_party/psyq/lib\libgte.a(cmb_00.o)
                              third_party/psyq/lib\libgs.a(2d_sp0.o) (RotTransPers4)
third_party/psyq/lib\libgte.a(fgo_01.o)
                              third_party/psyq/lib\libgs.a(2d_sp0.o) (RotMatrix)
third_party/psyq/lib\libgte.a(msc00.o)
                              third_party/psyq/lib\libgs.a(gs_121.o) (InitGeom)
third_party/psyq/lib\libgte.a(msc01.o)
                              third_party/psyq/lib\libgs.a(gs_107.o) (SquareRoot0)
third_party/psyq/lib\libgte.a(mtx_07.o)
                              third_party/psyq/lib\libgs.a(2d_sp0.o) (TransMatrix)
third_party/psyq/lib\libgte.a(mtx_08.o)
                              third_party/psyq/lib\libgs.a(2d_sp0.o) (ScaleMatrix)
third_party/psyq/lib\libgte.a(mtx_09.o)
                              third_party/psyq/lib\libgs.a(2d_sp0.o) (SetRotMatrix)
third_party/psyq/lib\libgte.a(mtx_11.o)
                              third_party/psyq/lib\libgs.a(gs_107.o) (SetColorMatrix)
third_party/psyq/lib\libgte.a(mtx_12.o)
                              third_party/psyq/lib\libgs.a(2d_sp0.o) (SetTransMatrix)
third_party/psyq/lib\libgte.a(patchgte.o)
                              third_party/psyq/lib\libgte.a(msc00.o) (_patch_gte)
third_party/psyq/lib\libgte.a(reg09.o)
                              third_party/psyq/lib\libgs.a(2d_sp0.o) (ReadGeomScreen)
third_party/psyq/lib\libgte.a(reg11.o)
                              third_party/psyq/lib\libgs.a(gs_121.o) (SetFarColor)
third_party/psyq/lib\libgte.a(reg12.o)
                              third_party/psyq/lib\libgs.a(gs_0022.o) (SetGeomOffset)
third_party/psyq/lib\libgte.a(sqrtbl.o)
                              third_party/psyq/lib\libgte.a(msc01.o) (SQRT)
third_party/psyq/lib\libgte.a(cstbl.o)
                              third_party/psyq/lib\libgte.a(fgo_01.o) (rcossin_tbl)
third_party/psyq/lib\libspu.a(s_gca.o)
                              main.o (SpuGetCommonAttr)
third_party/psyq/lib\libspu.a(s_i.o)
                              main.o (SpuInit)
third_party/psyq/lib\libspu.a(s_ini.o)
                              third_party/psyq/lib\libspu.a(s_i.o) (_SpuInit)
third_party/psyq/lib\libspu.a(s_m.o)
                              third_party/psyq/lib\libspu.a(s_ini.o) (_spu_memList)
third_party/psyq/lib\libspu.a(s_rmp0.o)
                              third_party/psyq/lib\libspu.a(s_ini.o) (_spu_rev_startaddr)
third_party/psyq/lib\libspu.a(s_sccm.o)
                              main.o (SpuSetCommonCDMix)
third_party/psyq/lib\libspu.a(s_sccv.o)
                              main.o (SpuSetCommonCDVolume)
third_party/psyq/lib\libspu.a(s_scmv.o)
                              main.o (SpuSetCommonMasterVolume)
third_party/psyq/lib\libspu.a(spu.o)
                              third_party/psyq/lib\libspu.a(s_ini.o) (_spu_FiDMA)
third_party/psyq/lib\libspu.a(s_dcb.o)
                              third_party/psyq/lib\libspu.a(s_ini.o) (_SpuDataCallback)
third_party/psyq/lib\libapi.a(a07.o)
                              third_party/psyq/lib\libcd.a(event.o) (DeliverEvent)
third_party/psyq/lib\libapi.a(a08.o)
                              third_party/psyq/lib\libspu.a(s_ini.o) (OpenEvent)
third_party/psyq/lib\libapi.a(a12.o)
                              third_party/psyq/lib\libspu.a(s_ini.o) (EnableEvent)
third_party/psyq/lib\libapi.a(a22.o)
                              third_party/psyq/lib\libetc.a(pad.o) (PAD_dr)
third_party/psyq/lib\libapi.a(a23.o)
                              third_party/psyq/lib\libetc.a(intr.o) (ReturnFromException)
third_party/psyq/lib\libapi.a(a24.o)
                              third_party/psyq/lib\libetc.a(intr.o) (ResetEntryInt)
third_party/psyq/lib\libapi.a(a25.o)
                              third_party/psyq/lib\libetc.a(intr.o) (HookEntryInt)
third_party/psyq/lib\libapi.a(a36.o)
                              third_party/psyq/lib\libetc.a(intr.o) (EnterCriticalSection)
third_party/psyq/lib\libapi.a(a37.o)
                              third_party/psyq/lib\libetc.a(intr.o) (ExitCriticalSection)
third_party/psyq/lib\libapi.a(a91.o)
                              third_party/psyq/lib\libetc.a(intr.o) (ChangeClearPAD)
third_party/psyq/lib\libapi.a(c114.o)
                              third_party/psyq/lib\libetc.a(intr.o) (_96_remove)
third_party/psyq/lib\libapi.a(c68.o)
                              third_party/psyq/lib\libgte.a(patchgte.o) (FlushCache)
third_party/psyq/lib\libapi.a(c73.o)
                              third_party/psyq/lib\libgpu.a(sys.o) (GPU_cw)
third_party/psyq/lib\libapi.a(l10.o)
                              third_party/psyq/lib\libetc.a(intr.o) (ChangeClearRCnt)
third_party/psyq/lib\libapi.a(pad.o)
                              third_party/psyq/lib\libetc.a(pad.o) (PAD_init)
third_party/psyq/lib\libapi.a(patch.o)
                              third_party/psyq/lib\libapi.a(pad.o) (_patch_pad)
third_party/psyq/lib\libapi.a(a18.o)
                              third_party/psyq/lib\libapi.a(pad.o) (InitPAD2)
third_party/psyq/lib\libapi.a(a19.o)
                              third_party/psyq/lib\libapi.a(pad.o) (StartPAD2)
third_party/psyq/lib\libapi.a(a21.o)
                              third_party/psyq/lib\libapi.a(pad.o) (PAD_init2)
third_party/psyq/lib\libapi.a(chclrpad.o)
                              third_party/psyq/lib\libapi.a(pad.o) (_remove_ChgclrPAD)
third_party/psyq/lib\libapi.a(l02.o)
                              third_party/psyq/lib\libapi.a(pad.o) (SysEnqIntRP)
third_party/psyq/lib\libapi.a(l03.o)
                              third_party/psyq/lib\libapi.a(pad.o) (SysDeqIntRP)
third_party/psyq/lib\libc.a(a63.o)
                              third_party/psyq/lib\libcd.a(bios_1.o) (puts)
third_party/psyq/lib\libc.a(c19.o)
                              third_party/psyq/lib\libetc.a(intr.o) (setjmp)
third_party/psyq/lib\libc.a(c27.o)
                              third_party/psyq/lib\libgpu.a(font.o) (strlen)
third_party/psyq/lib\libc.a(c42.o)
                              third_party/psyq/lib\libgpu.a(sys.o) (memcpy)
third_party/psyq/lib\libc.a(c43.o)
                              third_party/psyq/lib\libgpu.a(font.o) (memset)

Discarded input sections

 .text          0x0000000000000000        0x0 third_party/nugget/common/crt0/crt0.o
 .bss           0x0000000000000000        0x0 third_party/nugget/common/crt0/crt0.o
 .MIPS.abiflags
                0x0000000000000000       0x18 third_party/nugget/common/crt0/crt0.o
 .text          0x0000000000000000        0x0 main.o
 .bss           0x0000000000000000        0x0 main.o
 .reginfo       0x0000000000000000       0x18 main.o
 .MIPS.abiflags
                0x0000000000000000       0x18 main.o
 .pdr           0x0000000000000000      0x180 main.o
 .sbss.image1_addr
                0x0000000000000000        0x4 main.o
 .sbss.cdInfoGetlocp
                0x0000000000000000        0x8 main.o
 .text          0x0000000000000000        0x0 tools.o
 .bss           0x0000000000000000        0x0 tools.o
 .reginfo       0x0000000000000000       0x18 tools.o
 .MIPS.abiflags
                0x0000000000000000       0x18 tools.o
 .pdr           0x0000000000000000       0xe0 tools.o
 .text.drawTextAtPosition
                0x0000000000000000       0x74 tools.o
 .text          0x0000000000000000       0x80 third_party/psyq/lib\libgs.a(gs_104.o)
 .text          0x0000000000000000      0x570 third_party/psyq/lib\libgs.a(gs_107.o)
 .text          0x0000000000000000       0x90 third_party/psyq/lib\libgte.a(msc01.o)
 .text          0x0000000000000000       0x30 third_party/psyq/lib\libgte.a(mtx_11.o)

Memory Configuration

Name             Origin             Length             Attributes
loader           0x000000008000f800 0x0000000000000800
ram              0x0000000080010000 0x00000000001f0000 xrw
dcache           0x000000001f800000 0x0000000000000400
*default*        0x0000000000000000 0xffffffffffffffff

Linker script and memory map

LOAD third_party/nugget/common/crt0/crt0.o
LOAD main.o
LOAD tools.o
START GROUP
LOAD third_party/psyq/lib\libapi.a
LOAD third_party/psyq/lib\libc.a
LOAD third_party/psyq/lib\libc2.a
LOAD third_party/psyq/lib\libcard.a
LOAD third_party/psyq/lib\libcd.a
LOAD third_party/psyq/lib\libcomb.a
LOAD third_party/psyq/lib\libds.a
LOAD third_party/psyq/lib\libetc.a
LOAD third_party/psyq/lib\libgpu.a
LOAD third_party/psyq/lib\libgs.a
LOAD third_party/psyq/lib\libgte.a
LOAD third_party/psyq/lib\libgun.a
LOAD third_party/psyq/lib\libhmd.a
LOAD third_party/psyq/lib\libmath.a
LOAD third_party/psyq/lib\libmcrd.a
LOAD third_party/psyq/lib\libmcx.a
LOAD third_party/psyq/lib\libpad.a
LOAD third_party/psyq/lib\libpress.a
LOAD third_party/psyq/lib\libsio.a
LOAD third_party/psyq/lib\libsnd.a
LOAD third_party/psyq/lib\libspu.a
LOAD third_party/psyq/lib\libtap.a
END GROUP
                0x000000008004e6e8                __heap_base = __bss_end
                0x0000000080010000                TLOAD_ADDR = DEFINED (TLOAD_ADDR)?TLOAD_ADDR:0x80010000
                0x0000000080200000                __ram_top = (ORIGIN (ram) + LENGTH (ram))
                0x00000000801fff00                __sp = (__ram_top - 0x100)
                0x000000001f800000                __dcache = ORIGIN (dcache)
                0x000000001f800400                __dcache_top = (ORIGIN (dcache) + LENGTH (dcache))
                0x00000000000066e8                __bss_len = (__bss_end - __bss_start)
                0x000000000000b170                __ftext_len = (__ftext_end - __ftext_start)
                0x000000000002ce90                __fdata_len = (__fdata_end - __fdata_start)
                0x0000000080200000                __stack_start = (ORIGIN (ram) + LENGTH (ram))

.PSX_EXE_Header
                0x000000008000f800      0x800
                0x000000008000f800        0x1 BYTE 0x50
                0x000000008000f801        0x1 BYTE 0x53
                0x000000008000f802        0x1 BYTE 0x2d
                0x000000008000f803        0x1 BYTE 0x58
                0x000000008000f804        0x1 BYTE 0x20
                0x000000008000f805        0x1 BYTE 0x45
                0x000000008000f806        0x1 BYTE 0x58
                0x000000008000f807        0x1 BYTE 0x45
                0x000000008000f808        0x4 LONG 0x0
                0x000000008000f80c        0x4 LONG 0x0
                0x000000008000f810        0x4 LONG 0x80010000 ABSOLUTE (_start)
                0x000000008000f814        0x4 LONG 0x0
                0x000000008000f818        0x4 LONG 0x80010000 TLOAD_ADDR
                0x000000008000f81c        0x4 LONG 0x38000 (__ftext_len + __fdata_len)
                0x000000008000f820        0x4 LONG 0x0
                0x000000008000f824        0x4 LONG 0x0
                0x000000008000f828        0x4 LONG 0x0
                0x000000008000f82c        0x4 LONG 0x0
                0x000000008000f830        0x4 LONG 0x801fff00 DEFINED (_sp)?ABSOLUTE (_sp):0x801fff00
                0x000000008000f834        0x4 LONG 0x0
                0x0000000080010000                . = (. + 0x7c8)
 *fill*         0x000000008000f838      0x7c8 
                0x0000000080010000                __ftext_start = ABSOLUTE (.)

.text           0x0000000080010000     0xb170
 *(.start)
 .start         0x0000000080010000       0x64 third_party/nugget/common/crt0/crt0.o
                0x0000000080010000                _start
 *(.init)
 *(SORT_NONE(.fini))
 *(.text.unlikely .text.*_unlikely .text.unlikely.*)
 *(.text.exit .text.exit.*)
 *(.text.startup .text.startup.*)
 .text.startup.main
                0x0000000080010064       0x8c main.o
                0x0000000080010064                main
 *(.text.hot .text.hot.*)
 *(.text .stub .text.* .gnu.linkonce.t.*)
 .text.shuffleFunction
                0x00000000800100f0      0x180 main.o
                0x00000000800100f0                shuffleFunction
 .text.initSpu  0x0000000080010270       0x90 main.o
                0x0000000080010270                initSpu
 .text.initFont
                0x0000000080010300      0x128 main.o
                0x0000000080010300                initFont
 .text.clearVRAM
                0x0000000080010428       0x50 main.o
                0x0000000080010428                clearVRAM
 .text.initGraphics
                0x0000000080010478      0x130 main.o
                0x0000000080010478                initGraphics
 .text.initImage
                0x00000000800105a8      0x14c main.o
                0x00000000800105a8                initImage
 .text.display  0x00000000800106f4      0x114 main.o
                0x00000000800106f4                display
 .text.calculateCurrentTrackLength
                0x0000000080010808      0x200 main.o
                0x0000000080010808                calculateCurrentTrackLength
 .text.getTableOfContents
                0x0000000080010a08      0x234 main.o
                0x0000000080010a08                getTableOfContents
 .text.playerInformationLogic
                0x0000000080010c3c      0x234 main.o
                0x0000000080010c3c                playerInformationLogic
 .text.readControllerInput
                0x0000000080010e70      0x490 main.o
                0x0000000080010e70                readControllerInput
 .text.FntColor
                0x0000000080011300       0x74 tools.o
                0x0000000080011300                FntColor
 .text.bcdToDecimal
                0x0000000080011374       0x1c tools.o
                0x0000000080011374                bcdToDecimal
 .text.convertBcdValuesToDecimal
                0x0000000080011390       0x5c tools.o
                0x0000000080011390                convertBcdValuesToDecimal
 .text.isValueInArray
                0x00000000800113ec       0x3c tools.o
                0x00000000800113ec                isValueInArray
 .text.shuffleModeSelection
                0x0000000080011428       0xf8 tools.o
                0x0000000080011428                shuffleModeSelection
 .text.checkDriveLidStatus
                0x0000000080011520      0x1c4 tools.o
                0x0000000080011520                checkDriveLidStatus
 *fill*         0x00000000800116e4        0x4 
 .text          0x00000000800116e8      0x170 third_party/psyq/lib\libapi.a(counter.o)
                0x00000000800116e8                SetRCnt
                0x0000000080011784                GetRCnt
                0x00000000800117bc                StartRCnt
                0x00000000800117ec                StopRCnt
                0x0000000080011820                ResetRCnt
 .text          0x0000000080011858       0x10 third_party/psyq/lib\libc.a(c47.o)
                0x0000000080011858                rand
 .text          0x0000000080011868       0x10 third_party/psyq/lib\libc.a(c48.o)
                0x0000000080011868                srand
 .text          0x0000000080011878       0x10 third_party/psyq/lib\libc.a(c63.o)
                0x0000000080011878                printf
 .text          0x0000000080011888      0x560 third_party/psyq/lib\libcd.a(cdplay.o)
                0x0000000080011888                CdPlay
 .text          0x0000000080011de8      0x150 third_party/psyq/lib\libcd.a(event.o)
                0x0000000080011de8                CdInit
 .text          0x0000000080011f38       0x40 third_party/psyq/lib\libcd.a(s_011.o)
                0x0000000080011f38                CdIntstr
 .text          0x0000000080011f78       0x20 third_party/psyq/lib\libcd.a(s_012.o)
                0x0000000080011f78                CdSync
 .text          0x0000000080011f98       0x20 third_party/psyq/lib\libcd.a(s_015.o)
                0x0000000080011f98                CdReadyCallback
 .text          0x0000000080011fb8      0x3c0 third_party/psyq/lib\libcd.a(s_016.o)
                0x0000000080011fb8                CdControl
                0x00000000800120f4                CdControlF
                0x0000000080012228                CdControlB
 .text          0x0000000080012378      0x250 third_party/psyq/lib\libcd.a(toc.o)
                0x0000000080012378                CdGetToc
                0x000000008001239c                CdGetToc2
 .text          0x00000000800125c8     0x1580 third_party/psyq/lib\libcd.a(bios_1.o)
                0x0000000080012b2c                CD_sync
                0x0000000080012dac                CD_ready
                0x0000000080013074                CD_cw
                0x0000000080013480                CD_vol
                0x0000000080013508                CD_flush
                0x00000000800135dc                CD_initvol
                0x00000000800136cc                CD_initintr
                0x0000000080013718                CD_init
                0x00000000800138f8                CD_datasync
                0x0000000080013a60                CD_set_test_parmnum
 .text          0x0000000080013b48       0x20 third_party/psyq/lib\libcd.a(s_014.o)
                0x0000000080013b48                CdSyncCallback
 .text          0x0000000080013b68      0x6c0 third_party/psyq/lib\libetc.a(intr.o)
                0x0000000080013b68                ResetCallback
                0x0000000080013b98                InterruptCallback
                0x0000000080013bc8                DMACallback
                0x0000000080013bf8                VSyncCallback
                0x0000000080013c2c                VSyncCallbacks
                0x0000000080013c5c                StopCallback
                0x0000000080013c8c                RestartCallback
                0x0000000080013cbc                CheckCallback
                0x0000000080013ccc                GetIntrMask
                0x0000000080013ce4                SetIntrMask
 .text          0x0000000080014228      0x2a0 third_party/psyq/lib\libetc.a(intr_dma.o)
                0x0000000080014228                startIntrDMA
 .text          0x00000000800144c8      0x120 third_party/psyq/lib\libetc.a(intr_vb.o)
                0x00000000800144c8                startIntrVSync
 .text          0x00000000800145e8       0x80 third_party/psyq/lib\libetc.a(pad.o)
                0x00000000800145e8                PadInit
                0x0000000080014634                PadRead
 .text          0x0000000080014668       0x30 third_party/psyq/lib\libetc.a(vmode.o)
                0x0000000080014668                SetVideoMode
                0x000000008001467c                GetVideoMode
 .text          0x0000000080014698      0x210 third_party/psyq/lib\libetc.a(vsync.o)
                0x0000000080014698                VSync
 .text          0x00000000800148a8      0xa80 third_party/psyq/lib\libgpu.a(font.o)
                0x00000000800148a8                SetDumpFnt
                0x00000000800148e8                FntLoad
                0x0000000080014988                FntOpen
                0x0000000080014c44                FntFlush
                0x0000000080014f60                FntPrint
 .text          0x0000000080015328       0x40 third_party/psyq/lib\libgpu.a(p00.o)
                0x0000000080015328                GetTPage
 .text          0x0000000080015368       0x40 third_party/psyq/lib\libgpu.a(p06.o)
                0x0000000080015368                AddPrim
 .text          0x00000000800153a8       0x20 third_party/psyq/lib\libgpu.a(p09.o)
                0x00000000800153a8                TermPrim
 .text          0x00000000800153c8       0x30 third_party/psyq/lib\libgpu.a(p10.o)
                0x00000000800153c8                SetSemiTrans
 .text          0x00000000800153f8       0x20 third_party/psyq/lib\libgpu.a(p20.o)
                0x00000000800153f8                SetSprt8
 .text          0x0000000080015418       0x20 third_party/psyq/lib\libgpu.a(p26.o)
                0x0000000080015418                SetTile
 .text          0x0000000080015438       0xa0 third_party/psyq/lib\libgpu.a(p41.o)
                0x0000000080015438                SetDrawMode
 .text          0x00000000800154d8     0x2f00 third_party/psyq/lib\libgpu.a(sys.o)
                0x00000000800154d8                ResetGraph
                0x000000008001564c                SetGraphDebug
                0x00000000800156a8                SetGraphQueue
                0x000000008001574c                GetGraphDebug
                0x000000008001575c                DrawSyncCallback
                0x00000000800157bc                SetDispMask
                0x0000000080015854                DrawSync
                0x00000000800159d8                ClearImage
                0x0000000080015a68                ClearImage2
                0x0000000080015b00                LoadImage
                0x0000000080015b60                StoreImage
                0x0000000080015bc0                MoveImage
                0x0000000080015c78                ClearOTag
                0x0000000080015d40                ClearOTagR
                0x0000000080015dec                DrawPrim
                0x0000000080015e48                DrawOTag
                0x0000000080015eb8                PutDrawEnv
                0x0000000080015f78                DrawOTagEnv
                0x0000000080016050                GetDrawEnv
                0x0000000080016084                PutDispEnv
                0x000000008001657c                GetDispEnv
                0x00000000800165b0                GetODE
                0x00000000800165e0                SetDrawArea
                0x0000000080016660                SetDrawOffset
                0x00000000800166a0                SetDrawEnv
                0x0000000080017f70                LoadImage2
                0x000000008001805c                StoreImage2
                0x0000000080018148                MoveImage2
                0x000000008001828c                DrawOTag2
                0x0000000080018388                _GPU_ResetCallback
 .text          0x00000000800183d8       0xf0 third_party/psyq/lib\libgpu.a(e00.o)
                0x00000000800183d8                LoadTPage
 .text          0x00000000800184c8       0x70 third_party/psyq/lib\libgpu.a(e02.o)
                0x00000000800184c8                LoadClut2
 .text          0x0000000080018538       0x20 third_party/psyq/lib\libgpu.a(p01.o)
                0x0000000080018538                GetClut
 .text          0x0000000080018558      0x500 third_party/psyq/lib\libgs.a(2d_sp0.o)
                0x0000000080018558                GsSortSprite
 .text          0x0000000080018a58      0x550 third_party/psyq/lib\libgs.a(gs_001.o)
                0x0000000080018a58                GsInitGraph
                0x0000000080018be8                GsInitGraph2
                0x0000000080018e70                GsSortClear
 .text          0x0000000080018fa8       0x10 third_party/psyq/lib\libgs.a(gs_0021.o)
                0x0000000080018fa8                GsGetActiveBuff
 .text          0x0000000080018fb8      0x110 third_party/psyq/lib\libgs.a(gs_0022.o)
                0x0000000080018fb8                GsSetDrawBuffOffset
 .text          0x00000000800190c8       0x80 third_party/psyq/lib\libgs.a(gs_003.o)
                0x00000000800190c8                GsSetDrawBuffClip
 .text          0x0000000080019148       0xb0 third_party/psyq/lib\libgs.a(gs_010.o)
                0x0000000080019148                GsSwapDispBuff
 .text          0x00000000800191f8       0xa0 third_party/psyq/lib\libgs.a(gs_103.o)
                0x00000000800191f8                GsDefDispBuff
 .text          0x0000000080019298       0x30 third_party/psyq/lib\libgs.a(gs_111.o)
                0x0000000080019298                GsDrawOt
 .text          0x00000000800192c8       0x60 third_party/psyq/lib\libgs.a(gs_113.o)
                0x00000000800192c8                GsClearOt
 .text          0x0000000080019328       0x50 third_party/psyq/lib\libgs.a(gs_121.o)
                0x0000000080019328                gte_init
 .text          0x0000000080019378       0xf0 third_party/psyq/lib\libgs.a(gs_122.o)
                0x0000000080019378                GsGetTimInfo
 .text          0x0000000080019468       0x10 third_party/psyq/lib\libgs.a(gs_124.o)
                0x0000000080019468                GsSetWorkBase
 .text          0x0000000080019478       0xa0 third_party/psyq/lib\libgs.a(2d_com1.o)
                0x0000000080019478                _make_packet
 .text          0x0000000080019518       0x80 third_party/psyq/lib\libgte.a(cmb_00.o)
                0x0000000080019518                RotTransPers4
 .text          0x0000000080019598      0x290 third_party/psyq/lib\libgte.a(fgo_01.o)
                0x0000000080019598                RotMatrix
 .text          0x0000000080019828       0x90 third_party/psyq/lib\libgte.a(msc00.o)
                0x0000000080019830                InitGeom
 .text          0x00000000800198b8       0x30 third_party/psyq/lib\libgte.a(mtx_07.o)
                0x00000000800198b8                TransMatrix
 .text          0x00000000800198e8      0x140 third_party/psyq/lib\libgte.a(mtx_08.o)
                0x00000000800198e8                ScaleMatrix
 .text          0x0000000080019a28       0x30 third_party/psyq/lib\libgte.a(mtx_09.o)
                0x0000000080019a28                SetRotMatrix
 .text          0x0000000080019a58       0x20 third_party/psyq/lib\libgte.a(mtx_12.o)
                0x0000000080019a58                SetTransMatrix
 .text          0x0000000080019a78       0xe0 third_party/psyq/lib\libgte.a(patchgte.o)
                0x0000000080019a78                _patch_gte
 .text          0x0000000080019b58       0x10 third_party/psyq/lib\libgte.a(reg09.o)
                0x0000000080019b58                ReadGeomScreen
 .text          0x0000000080019b68       0x20 third_party/psyq/lib\libgte.a(reg11.o)
                0x0000000080019b68                SetFarColor
 .text          0x0000000080019b88       0x20 third_party/psyq/lib\libgte.a(reg12.o)
                0x0000000080019b88                SetGeomOffset
 .text          0x0000000080019ba8      0x310 third_party/psyq/lib\libspu.a(s_gca.o)
                0x0000000080019ba8                SpuGetCommonAttr
 .text          0x0000000080019eb8       0x20 third_party/psyq/lib\libspu.a(s_i.o)
                0x0000000080019eb8                SpuInit
 .text          0x0000000080019ed8      0x160 third_party/psyq/lib\libspu.a(s_ini.o)
                0x0000000080019ed8                _SpuInit
                0x0000000080019fc0                SpuStart
 .text          0x000000008001a038       0x40 third_party/psyq/lib\libspu.a(s_sccm.o)
                0x000000008001a038                SpuSetCommonCDMix
 .text          0x000000008001a078       0x20 third_party/psyq/lib\libspu.a(s_sccv.o)
                0x000000008001a078                SpuSetCommonCDVolume
 .text          0x000000008001a098       0x20 third_party/psyq/lib\libspu.a(s_scmv.o)
                0x000000008001a098                SpuSetCommonMasterVolume
 .text          0x000000008001a0b8      0xb40 third_party/psyq/lib\libspu.a(spu.o)
                0x000000008001a0b8                _spu_init
                0x000000008001a4f8                _spu_FiDMA
                0x000000008001a5b4                _spu_Fr_
                0x000000008001a65c                _spu_t
                0x000000008001a8dc                _spu_Fw
                0x000000008001a960                _spu_Fr
                0x000000008001a9c4                _spu_FsetRXX
                0x000000008001aa08                _spu_FsetRXXa
                0x000000008001aaac                _spu_FgetRXXa
                0x000000008001aae8                _spu_FsetPCR
                0x000000008001ab90                _spu_Fw1ts
 .text          0x000000008001abf8       0x30 third_party/psyq/lib\libspu.a(s_dcb.o)
                0x000000008001abf8                _SpuDataCallback
 .text          0x000000008001ac28       0x10 third_party/psyq/lib\libapi.a(a07.o)
                0x000000008001ac28                DeliverEvent
 .text          0x000000008001ac38       0x10 third_party/psyq/lib\libapi.a(a08.o)
                0x000000008001ac38                OpenEvent
 .text          0x000000008001ac48       0x10 third_party/psyq/lib\libapi.a(a12.o)
                0x000000008001ac48                EnableEvent
 .text          0x000000008001ac58       0x10 third_party/psyq/lib\libapi.a(a22.o)
                0x000000008001ac58                PAD_dr
 .text          0x000000008001ac68       0x10 third_party/psyq/lib\libapi.a(a23.o)
                0x000000008001ac68                ReturnFromException
 .text          0x000000008001ac78       0x10 third_party/psyq/lib\libapi.a(a24.o)
                0x000000008001ac78                ResetEntryInt
 .text          0x000000008001ac88       0x10 third_party/psyq/lib\libapi.a(a25.o)
                0x000000008001ac88                HookEntryInt
 .text          0x000000008001ac98       0x10 third_party/psyq/lib\libapi.a(a36.o)
                0x000000008001ac98                EnterCriticalSection
 .text          0x000000008001aca8       0x10 third_party/psyq/lib\libapi.a(a37.o)
                0x000000008001aca8                ExitCriticalSection
 .text          0x000000008001acb8       0x10 third_party/psyq/lib\libapi.a(a91.o)
                0x000000008001acb8                ChangeClearPAD
 .text          0x000000008001acc8       0x20 third_party/psyq/lib\libapi.a(c114.o)
                0x000000008001acd0                _96_remove
 .text          0x000000008001ace8       0x10 third_party/psyq/lib\libapi.a(c68.o)
                0x000000008001ace8                FlushCache
 .text          0x000000008001acf8       0x10 third_party/psyq/lib\libapi.a(c73.o)
                0x000000008001acf8                GPU_cw
 .text          0x000000008001ad08       0x10 third_party/psyq/lib\libapi.a(l10.o)
                0x000000008001ad08                ChangeClearRCnt
 .text          0x000000008001ad18      0x290 third_party/psyq/lib\libapi.a(pad.o)
                0x000000008001ad18                SetInitPadFlag
                0x000000008001ad24                ReadInitPadFlag
                0x000000008001ad34                PAD_init
                0x000000008001adc4                InitPAD
                0x000000008001ae54                StartPAD
 .text          0x000000008001afa8       0xa0 third_party/psyq/lib\libapi.a(patch.o)
                0x000000008001afa8                EnablePAD
                0x000000008001afbc                DisablePAD
                0x000000008001afd0                _patch_pad
 .text          0x000000008001b048       0x10 third_party/psyq/lib\libapi.a(a18.o)
                0x000000008001b048                InitPAD2
 .text          0x000000008001b058       0x10 third_party/psyq/lib\libapi.a(a19.o)
                0x000000008001b058                StartPAD2
 .text          0x000000008001b068       0x10 third_party/psyq/lib\libapi.a(a21.o)
                0x000000008001b068                PAD_init2
 .text          0x000000008001b078       0x70 third_party/psyq/lib\libapi.a(chclrpad.o)
                0x000000008001b078                _remove_ChgclrPAD
 .text          0x000000008001b0e8       0x10 third_party/psyq/lib\libapi.a(l02.o)
                0x000000008001b0e8                SysEnqIntRP
 .text          0x000000008001b0f8       0x10 third_party/psyq/lib\libapi.a(l03.o)
                0x000000008001b0f8                SysDeqIntRP
 .text          0x000000008001b108       0x20 third_party/psyq/lib\libc.a(a63.o)
                0x000000008001b110                puts
 .text          0x000000008001b128       0x10 third_party/psyq/lib\libc.a(c19.o)
                0x000000008001b128                setjmp
 .text          0x000000008001b138       0x10 third_party/psyq/lib\libc.a(c27.o)
                0x000000008001b138                strlen
 .text          0x000000008001b148       0x10 third_party/psyq/lib\libc.a(c42.o)
                0x000000008001b148                memcpy
 .text          0x000000008001b158       0x10 third_party/psyq/lib\libc.a(c43.o)
                0x000000008001b158                memset
                0x000000008001b170                . = ALIGN (0x10)
 *fill*         0x000000008001b168        0x8 
 *(.init)
                0x000000008001b170                . = ALIGN (0x10)
 *(.fini)
                0x000000008001b170                . = ALIGN (0x10)
                0x000000008001b170                __text_end = .
                0x000000008001b170                __ftext_end = ABSOLUTE (.)
                0x000000008001b170                __fdata_start = ABSOLUTE (.)

.rodata         0x000000008001b170      0xc90
 *(.rodata .rodata.* .rdata .rdata.* .gnu.linkonce.r.*)
 .rodata        0x000000008001b170       0x10 third_party/nugget/common/crt0/crt0.o
 .rodata.shuffleFunction.str1.4
                0x000000008001b180       0x8e main.o
 *fill*         0x000000008001b20e        0x2 
 .rodata.initSpu.str1.4
                0x000000008001b210       0x59 main.o
 *fill*         0x000000008001b269        0x3 
 .rodata.clearVRAM.str1.4
                0x000000008001b26c        0xf main.o
 *fill*         0x000000008001b27b        0x1 
 .rodata.initGraphics.str1.4
                0x000000008001b27c       0xaa main.o
 *fill*         0x000000008001b326        0x2 
 .rodata.calculateCurrentTrackLength.str1.4
                0x000000008001b328       0x47 main.o
 *fill*         0x000000008001b36f        0x1 
 .rodata.getTableOfContents.str1.4
                0x000000008001b370       0x61 main.o
 *fill*         0x000000008001b3d1        0x3 
 .rodata.playerInformationLogic.str1.4
                0x000000008001b3d4       0x7e main.o
                                         0x82 (size before relaxing)
 *fill*         0x000000008001b452        0x2 
 .rodata.readControllerInput.str1.4
                0x000000008001b454      0x18b main.o
 *fill*         0x000000008001b5df        0x1 
 .rodata.shuffleModeSelection.str1.4
                0x000000008001b5e0       0x22 tools.o
                                         0x3b (size before relaxing)
 *fill*         0x000000008001b602        0x2 
 .rodata.checkDriveLidStatus.str1.4
                0x000000008001b604       0xaa tools.o
 *fill*         0x000000008001b6ae        0x2 
 .rdata         0x000000008001b6b0       0x90 third_party/psyq/lib\libcd.a(cdplay.o)
 .rdata         0x000000008001b740       0x20 third_party/psyq/lib\libcd.a(event.o)
 .rdata         0x000000008001b760       0x10 third_party/psyq/lib\libcd.a(s_011.o)
 .rdata         0x000000008001b770       0x40 third_party/psyq/lib\libcd.a(toc.o)
 .rdata         0x000000008001b7b0      0x260 third_party/psyq/lib\libcd.a(bios_1.o)
 .rdata         0x000000008001ba10       0x70 third_party/psyq/lib\libetc.a(intr.o)
 .rdata         0x000000008001ba80       0x30 third_party/psyq/lib\libetc.a(intr_dma.o)
 .rdata         0x000000008001bab0       0x10 third_party/psyq/lib\libetc.a(vsync.o)
 .rdata         0x000000008001bac0       0xa0 third_party/psyq/lib\libgpu.a(font.o)
 .rdata         0x000000008001bb60      0x220 third_party/psyq/lib\libgpu.a(sys.o)
 .rdata         0x000000008001bd80       0x30 third_party/psyq/lib\libgs.a(2d_com1.o)
 .rdata         0x000000008001bdb0       0x50 third_party/psyq/lib\libspu.a(spu.o)
                0x000000008001be00                . = ALIGN (0x10)
                0x000000008001be00                __preinit_array_start = .
 *(.preinit_array)
                0x000000008001be00                __preinit_array_end = .
                0x000000008001be00                . = ALIGN (0x10)
                0x000000008001be00                __init_array_start = .
 *(SORT_BY_NAME(.init_array.*))
 *(.init_array)
                0x000000008001be00                . = ALIGN (0x10)
 *crtbegin.o(.ctors)
 *(EXCLUDE_FILE(*crtend.o) .ctors)
 *(SORT_BY_NAME(.ctors.*))
 *crtend.o(.ctors)
                0x000000008001be00                __init_array_end = .
                0x000000008001be00                . = ALIGN (0x10)
                0x000000008001be00                __fini_array_start = .
 *(.fini_array)
 *(SORT_BY_NAME(.fini_array.*))
 *crtbegin.o(.dtors)
 *(EXCLUDE_FILE(*crtend.o) .dtors)
 *(SORT_BY_NAME(.dtors.*))
 *crtend.o(.dtors)
                0x000000008001be00                __fini_array_end = .
                0x000000008001be00                __build_id = .
 *(.note.gnu.build-id)
                0x000000008001be00                __build_id_end = .

.rel.dyn        0x000000008001be00        0x0
 .rel.dyn       0x000000008001be00        0x0 third_party/psyq/lib\libgpu.a(sys.o)

.rodata1
 *(.rodata1)
                0x000000008001be00                __data_start = .

.data           0x000000008001be00    0x2c200
 *(.data .data.* .gnu.linkonce.d.*)
 .data          0x000000008001be00        0x0 third_party/nugget/common/crt0/crt0.o
 .data          0x000000008001be00        0x0 main.o
 .data.direction.4
                0x000000008001be00        0xc main.o
 .data.newVolumeLevelCd.10
                0x000000008001be0c        0x4 main.o
 .data.image    0x000000008001be10    0x25814 main.o
                0x000000008001be10                image
 .data          0x0000000080041624        0x0 tools.o
 *fill*         0x0000000080041624        0x4 50414444
 .data          0x0000000080041628       0x20 third_party/psyq/lib\libapi.a(counter.o)
 .data          0x0000000080041648      0x1b0 third_party/psyq/lib\libcd.a(cdplay.o)
 .data          0x00000000800417f8       0x10 third_party/psyq/lib\libcd.a(event.o)
                0x00000000800417f8                CD_cbread
                0x00000000800417fc                CD_read_dma_mode
 .data          0x0000000080041808       0x80 third_party/psyq/lib\libcd.a(s_016.o)
 .data          0x0000000080041888      0x310 third_party/psyq/lib\libcd.a(bios_1.o)
                0x0000000080041890                CD_cbsync
                0x0000000080041894                CD_cbready
                0x0000000080041898                CD_debug
                0x000000008004189c                CD_status
                0x00000000800418a0                CD_status1
                0x00000000800418a4                CD_nopen
                0x00000000800418a8                CD_pos
                0x00000000800418ac                CD_mode
                0x00000000800418ad                CD_com
                0x00000000800418b0                DS_active
                0x00000000800418b4                CD_comstr
                0x0000000080041934                CD_intstr
 .data          0x0000000080041b98     0x1100 third_party/psyq/lib\libetc.a(intr.o)
 .data          0x0000000080042c98       0x30 third_party/psyq/lib\libetc.a(intr_dma.o)
 .data          0x0000000080042cc8       0x30 third_party/psyq/lib\libetc.a(intr_vb.o)
                0x0000000080042ce8                Vcount
 .data          0x0000000080042cf8       0x10 third_party/psyq/lib\libetc.a(vmode.o)
 .data          0x0000000080042d08       0x20 third_party/psyq/lib\libetc.a(vsync.o)
                0x0000000080042d18                Hcount
 .data          0x0000000080042d28      0xb90 third_party/psyq/lib\libgpu.a(font.o)
                0x0000000080042d28                Font
 .data          0x00000000800438b8      0x1a0 third_party/psyq/lib\libgpu.a(sys.o)
                0x0000000080043904                GPU_printf
                0x0000000080043908                GEnv
                0x0000000080043a30                _qin
                0x0000000080043a34                _qout
 .data          0x0000000080043a58       0x10 third_party/psyq/lib\libgs.a(global.o)
                0x0000000080043a58                GsADIVZ
                0x0000000080043a5c                GsADIVW
                0x0000000080043a5e                GsADIVH
 .data          0x0000000080043a68       0x10 third_party/psyq/lib\libgs.a(gs_001.o)
 .data          0x0000000080043a78       0x10 third_party/psyq/lib\libgte.a(msc00.o)
 .data          0x0000000080043a88      0x180 third_party/psyq/lib\libgte.a(sqrtbl.o)
                0x0000000080043a88                SQRT
 .data          0x0000000080043c08     0x4000 third_party/psyq/lib\libgte.a(cstbl.o)
                0x0000000080043c08                rcossin_tbl
 .data          0x0000000080047c08       0x80 third_party/psyq/lib\libspu.a(s_ini.o)
                0x0000000080047c10                _spu_EVdma
                0x0000000080047c14                _spu_keystat
                0x0000000080047c18                _spu_trans_mode
                0x0000000080047c1c                _spu_rev_flag
                0x0000000080047c20                _spu_rev_reserve_wa
                0x0000000080047c24                _spu_rev_offsetaddr
                0x0000000080047c28                _spu_rev_attr
                0x0000000080047c3c                _spu_RQvoice
                0x0000000080047c40                _spu_RQmask
                0x0000000080047c44                _spu_voice_centerNote
                0x0000000080047c74                _spu_env
                0x0000000080047c78                _spu_isCalled
 .data          0x0000000080047c88       0x10 third_party/psyq/lib\libspu.a(s_m.o)
                0x0000000080047c88                _spu_AllocBlockNum
                0x0000000080047c8c                _spu_AllocLastNum
                0x0000000080047c90                _spu_memList
 .data          0x0000000080047c98       0x30 third_party/psyq/lib\libspu.a(s_rmp0.o)
                0x0000000080047c98                _spu_rev_startaddr
 .data          0x0000000080047cc8       0x60 third_party/psyq/lib\libspu.a(spu.o)
                0x0000000080047cc8                _spu_RXX
                0x0000000080047ce0                _spu_tsa
                0x0000000080047ce4                _spu_transMode
                0x0000000080047ce8                _spu_addrMode
                0x0000000080047cec                _spu_mem_mode
                0x0000000080047cf0                _spu_mem_mode_plus
                0x0000000080047cf4                _spu_mem_mode_unit
                0x0000000080047cf8                _spu_mem_mode_unitM
                0x0000000080047cfc                _spu_inTransfer
                0x0000000080047d00                _spu_transferCallback
                0x0000000080047d04                _spu_IRQCallback
 .data          0x0000000080047d28       0x10 third_party/psyq/lib\libapi.a(pad.o)
 *(.data1)
 *(.sdata .sdata.* .gnu.linkonce.s.*)
 .sdata.repeat  0x0000000080047d38        0x1 main.o
                0x0000000080047d38                repeat
 *fill*         0x0000000080047d39        0x3 50414444
 .sdata.__stacksize
                0x0000000080047d3c        0x4 main.o
                0x0000000080047d3c                __stacksize
 .sdata.__ramsize
                0x0000000080047d40        0x4 main.o
                0x0000000080047d40                __ramsize
 *(.sdata2 .sdata2.* .gnu.linkonce.s2.*)
 *(.got.plt)
 *(.got)
                0x0000000080048000                . = ALIGN (0x800)
 *fill*         0x0000000080047d44      0x2bc 50414444
                0x0000000080048000                __data_end = .
                0x0000000080048000                __fdata_end = .
                0x0000000080048000                __bss_start = .

.sbss           0x0000000080048000     0x66e8
 *(.dynsbss)
 *(.sbss .sbss.* .gnu.linkonce.sb.*)
 .sbss.selectedShuffleMode
                0x0000000080048000        0x1 main.o
                0x0000000080048000                selectedShuffleMode
 .sbss.shuffle  0x0000000080048001        0x1 main.o
                0x0000000080048001                shuffle
 *fill*         0x0000000080048002        0x2 
 .sbss.debounceTimer
                0x0000000080048004        0x4 main.o
                0x0000000080048004                debounceTimer
 .sbss.numTracks
                0x0000000080048008        0x4 main.o
                0x0000000080048008                numTracks
 .sbss.currentbuffer
                0x000000008004800c        0x4 main.o
                0x000000008004800c                currentbuffer
 .sbss.currentTrackTimeInSeconds
                0x0000000080048010        0x4 main.o
                0x0000000080048010                currentTrackTimeInSeconds
 .sbss.result   0x0000000080048014        0x8 main.o
                0x0000000080048014                result
 .sbss.fntColorBG
                0x000000008004801c        0x4 tools.o
                0x000000008004801c                fntColorBG
 .sbss.fntColor
                0x0000000080048020        0x4 tools.o
                0x0000000080048020                fntColor
 *(.scommon)
 *(.dynbss)
 *(.bss .bss.* .gnu.linkonce.b.*)
 .bss.oldTrack.0
                0x0000000080048024        0x1 main.o
 .bss.hasTrackChanged.1
                0x0000000080048025        0x1 main.o
 *fill*         0x0000000080048026        0x2 
 .bss.fontColours.5
                0x0000000080048028        0x3 main.o
 *fill*         0x000000008004802b        0x1 
 .bss.colorIndex.6
                0x000000008004802c        0x4 main.o
 .bss.mute.7    0x0000000080048030        0x1 main.o
 .bss.pause.8   0x0000000080048031        0x1 main.o
 *fill*         0x0000000080048032        0x2 
 .bss.shuffledTracks
                0x0000000080048034      0x194 main.o
                0x0000000080048034                shuffledTracks
 .bss.decimalValues
                0x00000000800481c8       0x20 main.o
                0x00000000800481c8                decimalValues
 .bss.loc       0x00000000800481e8      0x190 main.o
                0x00000000800481e8                loc
 .bss.image1    0x0000000080048378       0x48 main.o
                0x0000000080048378                image1
 .bss.GPUOutputPacket
                0x00000000800483c0      0x258 main.o
                0x00000000800483c0                GPUOutputPacket
 .bss.OrderingTable
                0x0000000080048618       0x10 main.o
                0x0000000080048618                OrderingTable
 .bss.WorldOrderingTable
                0x0000000080048628       0x28 main.o
                0x0000000080048628                WorldOrderingTable
 .bss           0x0000000080048650      0x1a0 third_party/psyq/lib\libcd.a(cdplay.o)
 .bss           0x00000000800487f0       0x34 third_party/psyq/lib\libcd.a(bios_1.o)
                0x0000000080048820                StMode
 *fill*         0x0000000080048824        0x4 
 .bss           0x0000000080048828       0x14 third_party/psyq/lib\libetc.a(pad.o)
                0x0000000080048838                PadIdentifier
 *fill*         0x000000008004883c        0x4 
 .bss           0x0000000080048840     0x4410 third_party/psyq/lib\libgpu.a(font.o)
 .bss           0x000000008004cc50     0x1850 third_party/psyq/lib\libgpu.a(sys.o)
                0x000000008004cca0                _que
 .bss           0x000000008004e4a0       0x54 third_party/psyq/lib\libgs.a(global.o)
                0x000000008004e4a0                GsOUT_PACKET_P
                0x000000008004e4a8                GsMATE_C
                0x000000008004e4b0                GsLMODE
                0x000000008004e4b8                GsLIGNR
                0x000000008004e4c0                GsLIOFF
                0x000000008004e4c8                GsZOVER
                0x000000008004e4d0                GsBACKC
                0x000000008004e4d8                GsNDIV
                0x000000008004e4e0                GsTRATE
                0x000000008004e4e8                GsTON
                0x000000008004e4f0                GsDISPON
 *fill*         0x000000008004e4f4        0x4 
 .bss           0x000000008004e4f8       0xea third_party/psyq/lib\libgs.a(gs_001.o)
                0x000000008004e518                PSDIDX
                0x000000008004e520                GsDRAWENV
                0x000000008004e580                GsDISPENV
                0x000000008004e598                PSDGPU
                0x000000008004e5a0                PSDBASEX
                0x000000008004e5a8                PSDBASEY
                0x000000008004e5b0                POSITION
                0x000000008004e5b8                CLIP2
                0x000000008004e5c0                PSDCNT
                0x000000008004e5c8                PSDOFSX
                0x000000008004e5d0                PSDOFSY
                0x000000008004e5d8                GsORGOFSX
                0x000000008004e5e0                GsORGOFSY
 *fill*         0x000000008004e5e2        0x6 
 .bss           0x000000008004e5e8       0x24 third_party/psyq/lib\libgs.a(gs_104.o)
                0x000000008004e5e8                HWD0
                0x000000008004e5f0                VWD0
                0x000000008004e5f8                GsCLIP3near
                0x000000008004e600                GsLIGHT_MODE
                0x000000008004e608                GsCLIP3far
 *fill*         0x000000008004e60c        0x4 
 .bss           0x000000008004e610       0x40 third_party/psyq/lib\libgs.a(gs_107.o)
                0x000000008004e610                GsLIGHTWSMATRIX
                0x000000008004e630                _LC
 .bss           0x000000008004e650       0x40 third_party/psyq/lib\libgs.a(gs_128.o)
                0x000000008004e650                GsIDMATRIX
                0x000000008004e670                GsIDMATRIX2
 .bss           0x000000008004e690       0x10 third_party/psyq/lib\libgte.a(patchgte.o)
 .bss           0x000000008004e6a0       0x14 third_party/psyq/lib\libspu.a(spu.o)
                0x000000008004e6a0                _spu_RQ
 *fill*         0x000000008004e6b4        0x4 
 .bss           0x000000008004e6b8       0x10 third_party/psyq/lib\libapi.a(pad.o)
                0x000000008004e6b8                _apiPadPatch
 .bss           0x000000008004e6c8       0x10 third_party/psyq/lib\libapi.a(patch.o)
 .bss           0x000000008004e6d8       0x10 third_party/psyq/lib\libapi.a(chclrpad.o)
 *(COMMON)
                0x000000008004e6e8                . = ALIGN (0x4)
                0x000000008004e6e8                __bss_end = .
                0x000000008004e6e8                __heap_start = __heap_base
                0x000000008000f800                . = (ADDR (.text) - 0x800)
                0x000000008000f800                __end = .

/DISCARD/
 *(.MIPS.abiflags)

/DISCARD/
 *(.rel.iplt)
 *(.rela.iplt)
 *(.rel.plt)
 *(.rela.plt)
 *(.plt)
 *(.iplt)

/DISCARD/
 *(.note.GNU-stack)
 *(.gnu_debuglink)
 *(.gnu.lto_*)

.scratchpad
 *(.scratchpad)
OUTPUT(fuckityfuckity.elf elf32-littlemips)

.reginfo        0x0000000000000000       0x18
 .reginfo       0x0000000000000000       0x18 third_party/nugget/common/crt0/crt0.o

.pdr            0x0000000000000000        0x0
 .pdr           0x0000000000000000        0x0 third_party/nugget/common/crt0/crt0.o

.gnu.attributes
                0x0000000000000000       0x10
 .gnu.attributes
                0x0000000000000000       0x10 third_party/nugget/common/crt0/crt0.o
 .gnu.attributes
                0x0000000000000010       0x10 main.o
 .gnu.attributes
                0x0000000000000020       0x10 tools.o

.mdebug.abi32   0x0000000000000000        0x0
 .mdebug.abi32  0x0000000000000000        0x0 main.o
 .mdebug.abi32  0x0000000000000000        0x0 tools.o

.comment        0x0000000000000000       0x12
 .comment       0x0000000000000000       0x12 main.o
                                         0x13 (size before relaxing)
 .comment       0x0000000000000012       0x13 tools.o

.note           0x0000000000000000     0x2d50
 .note          0x0000000000000000       0x74 third_party/psyq/lib\libapi.a(counter.o)
 .note          0x0000000000000074       0x74 third_party/psyq/lib\libc.a(c47.o)
 .note          0x00000000000000e8       0x74 third_party/psyq/lib\libc.a(c48.o)
 .note          0x000000000000015c       0x74 third_party/psyq/lib\libc.a(c63.o)
 .note          0x00000000000001d0       0x74 third_party/psyq/lib\libcd.a(cdplay.o)
 .note          0x0000000000000244       0x74 third_party/psyq/lib\libcd.a(event.o)
 .note          0x00000000000002b8       0x74 third_party/psyq/lib\libcd.a(s_011.o)
 .note          0x000000000000032c       0x74 third_party/psyq/lib\libcd.a(s_012.o)
 .note          0x00000000000003a0       0x74 third_party/psyq/lib\libcd.a(s_015.o)
 .note          0x0000000000000414       0x74 third_party/psyq/lib\libcd.a(s_016.o)
 .note          0x0000000000000488       0x74 third_party/psyq/lib\libcd.a(toc.o)
 .note          0x00000000000004fc       0x74 third_party/psyq/lib\libcd.a(bios_1.o)
 .note          0x0000000000000570       0x74 third_party/psyq/lib\libcd.a(s_014.o)
 .note          0x00000000000005e4       0x74 third_party/psyq/lib\libetc.a(intr.o)
 .note          0x0000000000000658       0x74 third_party/psyq/lib\libetc.a(intr_dma.o)
 .note          0x00000000000006cc       0x74 third_party/psyq/lib\libetc.a(intr_vb.o)
 .note          0x0000000000000740       0x74 third_party/psyq/lib\libetc.a(pad.o)
 .note          0x00000000000007b4       0x74 third_party/psyq/lib\libetc.a(vmode.o)
 .note          0x0000000000000828       0x74 third_party/psyq/lib\libetc.a(vsync.o)
 .note          0x000000000000089c       0x74 third_party/psyq/lib\libgpu.a(font.o)
 .note          0x0000000000000910       0x74 third_party/psyq/lib\libgpu.a(p00.o)
 .note          0x0000000000000984       0x74 third_party/psyq/lib\libgpu.a(p06.o)
 .note          0x00000000000009f8       0x74 third_party/psyq/lib\libgpu.a(p09.o)
 .note          0x0000000000000a6c       0x74 third_party/psyq/lib\libgpu.a(p10.o)
 .note          0x0000000000000ae0       0x74 third_party/psyq/lib\libgpu.a(p20.o)
 .note          0x0000000000000b54       0x74 third_party/psyq/lib\libgpu.a(p26.o)
 .note          0x0000000000000bc8       0x74 third_party/psyq/lib\libgpu.a(p41.o)
 .note          0x0000000000000c3c       0x74 third_party/psyq/lib\libgpu.a(sys.o)
 .note          0x0000000000000cb0       0x74 third_party/psyq/lib\libgpu.a(e00.o)
 .note          0x0000000000000d24       0x74 third_party/psyq/lib\libgpu.a(e02.o)
 .note          0x0000000000000d98       0x74 third_party/psyq/lib\libgpu.a(p01.o)
 .note          0x0000000000000e0c       0x74 third_party/psyq/lib\libgs.a(2d_sp0.o)
 .note          0x0000000000000e80       0x74 third_party/psyq/lib\libgs.a(global.o)
 .note          0x0000000000000ef4       0x74 third_party/psyq/lib\libgs.a(gs_001.o)
 .note          0x0000000000000f68       0x74 third_party/psyq/lib\libgs.a(gs_0021.o)
 .note          0x0000000000000fdc       0x74 third_party/psyq/lib\libgs.a(gs_0022.o)
 .note          0x0000000000001050       0x74 third_party/psyq/lib\libgs.a(gs_003.o)
 .note          0x00000000000010c4       0x74 third_party/psyq/lib\libgs.a(gs_010.o)
 .note          0x0000000000001138       0x74 third_party/psyq/lib\libgs.a(gs_103.o)
 .note          0x00000000000011ac       0x74 third_party/psyq/lib\libgs.a(gs_104.o)
 .note          0x0000000000001220       0x74 third_party/psyq/lib\libgs.a(gs_107.o)
 .note          0x0000000000001294       0x74 third_party/psyq/lib\libgs.a(gs_111.o)
 .note          0x0000000000001308       0x74 third_party/psyq/lib\libgs.a(gs_113.o)
 .note          0x000000000000137c       0x74 third_party/psyq/lib\libgs.a(gs_121.o)
 .note          0x00000000000013f0       0x74 third_party/psyq/lib\libgs.a(gs_122.o)
 .note          0x0000000000001464       0x74 third_party/psyq/lib\libgs.a(gs_124.o)
 .note          0x00000000000014d8       0x74 third_party/psyq/lib\libgs.a(gs_128.o)
 .note          0x000000000000154c       0x74 third_party/psyq/lib\libgs.a(2d_com1.o)
 .note          0x00000000000015c0       0x74 third_party/psyq/lib\libgte.a(cmb_00.o)
 .note          0x0000000000001634       0x74 third_party/psyq/lib\libgte.a(fgo_01.o)
 .note          0x00000000000016a8       0x74 third_party/psyq/lib\libgte.a(msc00.o)
 .note          0x000000000000171c       0x74 third_party/psyq/lib\libgte.a(msc01.o)
 .note          0x0000000000001790       0x74 third_party/psyq/lib\libgte.a(mtx_07.o)
 .note          0x0000000000001804       0x74 third_party/psyq/lib\libgte.a(mtx_08.o)
 .note          0x0000000000001878       0x74 third_party/psyq/lib\libgte.a(mtx_09.o)
 .note          0x00000000000018ec       0x74 third_party/psyq/lib\libgte.a(mtx_11.o)
 .note          0x0000000000001960       0x74 third_party/psyq/lib\libgte.a(mtx_12.o)
 .note          0x00000000000019d4       0x74 third_party/psyq/lib\libgte.a(patchgte.o)
 .note          0x0000000000001a48       0x74 third_party/psyq/lib\libgte.a(reg09.o)
 .note          0x0000000000001abc       0x74 third_party/psyq/lib\libgte.a(reg11.o)
 .note          0x0000000000001b30       0x74 third_party/psyq/lib\libgte.a(reg12.o)
 .note          0x0000000000001ba4       0x74 third_party/psyq/lib\libgte.a(sqrtbl.o)
 .note          0x0000000000001c18       0x74 third_party/psyq/lib\libgte.a(cstbl.o)
 .note          0x0000000000001c8c       0x74 third_party/psyq/lib\libspu.a(s_gca.o)
 .note          0x0000000000001d00       0x74 third_party/psyq/lib\libspu.a(s_i.o)
 .note          0x0000000000001d74       0x74 third_party/psyq/lib\libspu.a(s_ini.o)
 .note          0x0000000000001de8       0x74 third_party/psyq/lib\libspu.a(s_m.o)
 .note          0x0000000000001e5c       0x74 third_party/psyq/lib\libspu.a(s_rmp0.o)
 .note          0x0000000000001ed0       0x74 third_party/psyq/lib\libspu.a(s_sccm.o)
 .note          0x0000000000001f44       0x74 third_party/psyq/lib\libspu.a(s_sccv.o)
 .note          0x0000000000001fb8       0x74 third_party/psyq/lib\libspu.a(s_scmv.o)
 .note          0x000000000000202c       0x74 third_party/psyq/lib\libspu.a(spu.o)
 .note          0x00000000000020a0       0x74 third_party/psyq/lib\libspu.a(s_dcb.o)
 .note          0x0000000000002114       0x74 third_party/psyq/lib\libapi.a(a07.o)
 .note          0x0000000000002188       0x74 third_party/psyq/lib\libapi.a(a08.o)
 .note          0x00000000000021fc       0x74 third_party/psyq/lib\libapi.a(a12.o)
 .note          0x0000000000002270       0x74 third_party/psyq/lib\libapi.a(a22.o)
 .note          0x00000000000022e4       0x74 third_party/psyq/lib\libapi.a(a23.o)
 .note          0x0000000000002358       0x74 third_party/psyq/lib\libapi.a(a24.o)
 .note          0x00000000000023cc       0x74 third_party/psyq/lib\libapi.a(a25.o)
 .note          0x0000000000002440       0x74 third_party/psyq/lib\libapi.a(a36.o)
 .note          0x00000000000024b4       0x74 third_party/psyq/lib\libapi.a(a37.o)
 .note          0x0000000000002528       0x74 third_party/psyq/lib\libapi.a(a91.o)
 .note          0x000000000000259c       0x74 third_party/psyq/lib\libapi.a(c114.o)
 .note          0x0000000000002610       0x74 third_party/psyq/lib\libapi.a(c68.o)
 .note          0x0000000000002684       0x74 third_party/psyq/lib\libapi.a(c73.o)
 .note          0x00000000000026f8       0x74 third_party/psyq/lib\libapi.a(l10.o)
 .note          0x000000000000276c       0x74 third_party/psyq/lib\libapi.a(pad.o)
 .note          0x00000000000027e0       0x74 third_party/psyq/lib\libapi.a(patch.o)
 .note          0x0000000000002854       0x74 third_party/psyq/lib\libapi.a(a18.o)
 .note          0x00000000000028c8       0x74 third_party/psyq/lib\libapi.a(a19.o)
 .note          0x000000000000293c       0x74 third_party/psyq/lib\libapi.a(a21.o)
 .note          0x00000000000029b0       0x74 third_party/psyq/lib\libapi.a(chclrpad.o)
 .note          0x0000000000002a24       0x74 third_party/psyq/lib\libapi.a(l02.o)
 .note          0x0000000000002a98       0x74 third_party/psyq/lib\libapi.a(l03.o)
 .note          0x0000000000002b0c       0x74 third_party/psyq/lib\libc.a(a63.o)
 .note          0x0000000000002b80       0x74 third_party/psyq/lib\libc.a(c19.o)
 .note          0x0000000000002bf4       0x74 third_party/psyq/lib\libc.a(c27.o)
 .note          0x0000000000002c68       0x74 third_party/psyq/lib\libc.a(c42.o)
 .note          0x0000000000002cdc       0x74 third_party/psyq/lib\libc.a(c43.o)

.debug_line     0x0000000000000000     0x1069
 .debug_line    0x0000000000000000       0x5b third_party/nugget/common/crt0/crt0.o
 .debug_line    0x000000000000005b      0xc48 main.o
 .debug_line    0x0000000000000ca3      0x3c6 tools.o

.debug_line_str
                0x0000000000000000       0x26
 .debug_line_str
                0x0000000000000000       0x26 third_party/nugget/common/crt0/crt0.o
                                         0x4c (size before relaxing)

.debug_info     0x0000000000000000     0x24bf
 .debug_info    0x0000000000000000       0x24 third_party/nugget/common/crt0/crt0.o
 .debug_info    0x0000000000000024     0x1ca5 main.o
 .debug_info    0x0000000000001cc9      0x7f6 tools.o

.debug_abbrev   0x0000000000000000      0x733
 .debug_abbrev  0x0000000000000000       0x14 third_party/nugget/common/crt0/crt0.o
 .debug_abbrev  0x0000000000000014      0x45a main.o
 .debug_abbrev  0x000000000000046e      0x2c5 tools.o

.debug_aranges  0x0000000000000000       0xe8
 .debug_aranges
                0x0000000000000000       0x20 third_party/nugget/common/crt0/crt0.o
 .debug_aranges
                0x0000000000000020       0x78 main.o
 .debug_aranges
                0x0000000000000098       0x50 tools.o

.debug_str      0x0000000000000000      0x8ec
 .debug_str     0x0000000000000000       0x3b third_party/nugget/common/crt0/crt0.o
 .debug_str     0x000000000000003b      0x83a main.o
                                        0x8b4 (size before relaxing)
 .debug_str     0x0000000000000875       0x77 tools.o
                                        0x37e (size before relaxing)

.debug_loclists
                0x0000000000000000      0x5e7
 .debug_loclists
                0x0000000000000000      0x498 main.o
 .debug_loclists
                0x0000000000000498      0x14f tools.o

.debug_rnglists
                0x0000000000000000      0x178
 .debug_rnglists
                0x0000000000000000      0x133 main.o
 .debug_rnglists
                0x0000000000000133       0x45 tools.o

.debug_frame    0x0000000000000000      0x340
 .debug_frame   0x0000000000000000      0x240 main.o
 .debug_frame   0x0000000000000240      0x100 tools.o
