Archive member included to satisfy reference by file (symbol)

third_party/psyq/lib\libapi.a(counter.o)
                              tools.o (GetRCnt)
third_party/psyq/lib\libc.a(c47.o)
                              tools.o (rand)
third_party/psyq/lib\libc.a(c48.o)
                              tools.o (srand)
third_party/psyq/lib\libc.a(c63.o)
                              main.o (printf)
third_party/psyq/lib\libcd.a(cdplay.o)
                              main.o (CdPlay)
third_party/psyq/lib\libcd.a(event.o)
                              main.o (CdInit)
third_party/psyq/lib\libcd.a(s_011.o)
                              third_party/psyq/lib\libcd.a(cdplay.o) (CdIntstr)
third_party/psyq/lib\libcd.a(s_012.o)
                              third_party/psyq/lib\libcd.a(cdplay.o) (CdSync)
third_party/psyq/lib\libcd.a(s_015.o)
                              third_party/psyq/lib\libcd.a(cdplay.o) (CdReadyCallback)
third_party/psyq/lib\libcd.a(s_016.o)
                              third_party/psyq/lib\libcd.a(cdplay.o) (CdControl)
third_party/psyq/lib\libcd.a(toc.o)
                              tools.o (CdGetToc)
third_party/psyq/lib\libcd.a(bios_1.o)
                              third_party/psyq/lib\libcd.a(event.o) (CD_cbready)
third_party/psyq/lib\libcd.a(s_014.o)
                              third_party/psyq/lib\libcd.a(toc.o) (CdSyncCallback)
third_party/psyq/lib\libetc.a(intr.o)
                              third_party/psyq/lib\libcd.a(bios_1.o) (CheckCallback)
third_party/psyq/lib\libetc.a(intr_dma.o)
                              third_party/psyq/lib\libetc.a(intr.o) (startIntrDMA)
third_party/psyq/lib\libetc.a(intr_vb.o)
                              third_party/psyq/lib\libetc.a(intr.o) (startIntrVSync)
third_party/psyq/lib\libetc.a(pad.o)
                              main.o (PadRead)
third_party/psyq/lib\libetc.a(vmode.o)
                              main.o (SetVideoMode)
third_party/psyq/lib\libetc.a(vsync.o)
                              main.o (VSync)
third_party/psyq/lib\libgpu.a(font.o)
                              main.o (FntFlush)
third_party/psyq/lib\libgpu.a(p00.o)
                              main.o (GetTPage)
third_party/psyq/lib\libgpu.a(p06.o)
                              third_party/psyq/lib\libgpu.a(font.o) (AddPrim)
third_party/psyq/lib\libgpu.a(p09.o)
                              third_party/psyq/lib\libgpu.a(font.o) (TermPrim)
third_party/psyq/lib\libgpu.a(p10.o)
                              third_party/psyq/lib\libgpu.a(font.o) (SetSemiTrans)
third_party/psyq/lib\libgpu.a(p20.o)
                              third_party/psyq/lib\libgpu.a(font.o) (SetSprt8)
third_party/psyq/lib\libgpu.a(p26.o)
                              third_party/psyq/lib\libgpu.a(font.o) (SetTile)
third_party/psyq/lib\libgpu.a(p41.o)
                              third_party/psyq/lib\libgpu.a(font.o) (SetDrawMode)
third_party/psyq/lib\libgpu.a(sys.o)
                              main.o (ClearImage2)
third_party/psyq/lib\libgpu.a(e00.o)
                              third_party/psyq/lib\libgpu.a(font.o) (LoadTPage)
third_party/psyq/lib\libgpu.a(e02.o)
                              third_party/psyq/lib\libgpu.a(font.o) (LoadClut2)
third_party/psyq/lib\libgpu.a(p01.o)
                              third_party/psyq/lib\libgpu.a(e02.o) (GetClut)
third_party/psyq/lib\libgs.a(2d_sp0.o)
                              main.o (GsSortSprite)
third_party/psyq/lib\libgs.a(global.o)
                              third_party/psyq/lib\libgs.a(2d_sp0.o) (GsOUT_PACKET_P)
third_party/psyq/lib\libgs.a(gs_001.o)
                              third_party/psyq/lib\libgs.a(2d_sp0.o) (GsORGOFSY)
third_party/psyq/lib\libgs.a(gs_0021.o)
                              main.o (GsGetActiveBuff)
third_party/psyq/lib\libgs.a(gs_0022.o)
                              third_party/psyq/lib\libgs.a(gs_001.o) (GsSetDrawBuffOffset)
third_party/psyq/lib\libgs.a(gs_003.o)
                              third_party/psyq/lib\libgs.a(gs_001.o) (GsSetDrawBuffClip)
third_party/psyq/lib\libgs.a(gs_010.o)
                              main.o (GsSwapDispBuff)
third_party/psyq/lib\libgs.a(gs_103.o)
                              main.o (GsDefDispBuff)
third_party/psyq/lib\libgs.a(gs_104.o)
                              third_party/psyq/lib\libgs.a(gs_001.o) (HWD0)
third_party/psyq/lib\libgs.a(gs_107.o)
                              third_party/psyq/lib\libgs.a(gs_001.o) (GsLIGHTWSMATRIX)
third_party/psyq/lib\libgs.a(gs_111.o)
                              main.o (GsDrawOt)
third_party/psyq/lib\libgs.a(gs_113.o)
                              main.o (GsClearOt)
third_party/psyq/lib\libgs.a(gs_121.o)
                              third_party/psyq/lib\libgs.a(gs_001.o) (gte_init)
third_party/psyq/lib\libgs.a(gs_122.o)
                              main.o (GsGetTimInfo)
third_party/psyq/lib\libgs.a(gs_124.o)
                              main.o (GsSetWorkBase)
third_party/psyq/lib\libgs.a(gs_128.o)
                              third_party/psyq/lib\libgs.a(2d_sp0.o) (GsIDMATRIX)
third_party/psyq/lib\libgs.a(2d_com1.o)
                              third_party/psyq/lib\libgs.a(2d_sp0.o) (_make_packet)
third_party/psyq/lib\libgte.a(cmb_00.o)
                              third_party/psyq/lib\libgs.a(2d_sp0.o) (RotTransPers4)
third_party/psyq/lib\libgte.a(fgo_01.o)
                              third_party/psyq/lib\libgs.a(2d_sp0.o) (RotMatrix)
third_party/psyq/lib\libgte.a(msc00.o)
                              third_party/psyq/lib\libgs.a(gs_121.o) (InitGeom)
third_party/psyq/lib\libgte.a(msc01.o)
                              third_party/psyq/lib\libgs.a(gs_107.o) (SquareRoot0)
third_party/psyq/lib\libgte.a(mtx_07.o)
                              third_party/psyq/lib\libgs.a(2d_sp0.o) (TransMatrix)
third_party/psyq/lib\libgte.a(mtx_08.o)
                              third_party/psyq/lib\libgs.a(2d_sp0.o) (ScaleMatrix)
third_party/psyq/lib\libgte.a(mtx_09.o)
                              third_party/psyq/lib\libgs.a(2d_sp0.o) (SetRotMatrix)
third_party/psyq/lib\libgte.a(mtx_11.o)
                              third_party/psyq/lib\libgs.a(gs_107.o) (SetColorMatrix)
third_party/psyq/lib\libgte.a(mtx_12.o)
                              third_party/psyq/lib\libgs.a(2d_sp0.o) (SetTransMatrix)
third_party/psyq/lib\libgte.a(patchgte.o)
                              third_party/psyq/lib\libgte.a(msc00.o) (_patch_gte)
third_party/psyq/lib\libgte.a(reg09.o)
                              third_party/psyq/lib\libgs.a(2d_sp0.o) (ReadGeomScreen)
third_party/psyq/lib\libgte.a(reg11.o)
                              third_party/psyq/lib\libgs.a(gs_121.o) (SetFarColor)
third_party/psyq/lib\libgte.a(reg12.o)
                              third_party/psyq/lib\libgs.a(gs_0022.o) (SetGeomOffset)
third_party/psyq/lib\libgte.a(sqrtbl.o)
                              third_party/psyq/lib\libgte.a(msc01.o) (SQRT)
third_party/psyq/lib\libgte.a(cstbl.o)
                              third_party/psyq/lib\libgte.a(fgo_01.o) (rcossin_tbl)
third_party/psyq/lib\libspu.a(s_gca.o)
                              main.o (SpuGetCommonAttr)
third_party/psyq/lib\libspu.a(s_i.o)
                              main.o (SpuInit)
third_party/psyq/lib\libspu.a(s_ini.o)
                              third_party/psyq/lib\libspu.a(s_i.o) (_SpuInit)
third_party/psyq/lib\libspu.a(s_m.o)
                              third_party/psyq/lib\libspu.a(s_ini.o) (_spu_memList)
third_party/psyq/lib\libspu.a(s_rmp0.o)
                              third_party/psyq/lib\libspu.a(s_ini.o) (_spu_rev_startaddr)
third_party/psyq/lib\libspu.a(s_sccm.o)
                              main.o (SpuSetCommonCDMix)
third_party/psyq/lib\libspu.a(s_sccr.o)
                              main.o (SpuSetCommonCDReverb)
third_party/psyq/lib\libspu.a(s_sccv.o)
                              main.o (SpuSetCommonCDVolume)
third_party/psyq/lib\libspu.a(s_scmv.o)
                              main.o (SpuSetCommonMasterVolume)
third_party/psyq/lib\libspu.a(spu.o)
                              third_party/psyq/lib\libspu.a(s_ini.o) (_spu_FiDMA)
third_party/psyq/lib\libspu.a(s_dcb.o)
                              third_party/psyq/lib\libspu.a(s_ini.o) (_SpuDataCallback)
third_party/psyq/lib\libapi.a(a07.o)
                              third_party/psyq/lib\libcd.a(event.o) (DeliverEvent)
third_party/psyq/lib\libapi.a(a08.o)
                              third_party/psyq/lib\libspu.a(s_ini.o) (OpenEvent)
third_party/psyq/lib\libapi.a(a12.o)
                              third_party/psyq/lib\libspu.a(s_ini.o) (EnableEvent)
third_party/psyq/lib\libapi.a(a22.o)
                              third_party/psyq/lib\libetc.a(pad.o) (PAD_dr)
third_party/psyq/lib\libapi.a(a23.o)
                              third_party/psyq/lib\libetc.a(intr.o) (ReturnFromException)
third_party/psyq/lib\libapi.a(a24.o)
                              third_party/psyq/lib\libetc.a(intr.o) (ResetEntryInt)
third_party/psyq/lib\libapi.a(a25.o)
                              third_party/psyq/lib\libetc.a(intr.o) (HookEntryInt)
third_party/psyq/lib\libapi.a(a36.o)
                              third_party/psyq/lib\libetc.a(intr.o) (EnterCriticalSection)
third_party/psyq/lib\libapi.a(a37.o)
                              third_party/psyq/lib\libetc.a(intr.o) (ExitCriticalSection)
third_party/psyq/lib\libapi.a(a91.o)
                              third_party/psyq/lib\libetc.a(intr.o) (ChangeClearPAD)
third_party/psyq/lib\libapi.a(c114.o)
                              third_party/psyq/lib\libetc.a(intr.o) (_96_remove)
third_party/psyq/lib\libapi.a(c68.o)
                              third_party/psyq/lib\libgte.a(patchgte.o) (FlushCache)
third_party/psyq/lib\libapi.a(c73.o)
                              third_party/psyq/lib\libgpu.a(sys.o) (GPU_cw)
third_party/psyq/lib\libapi.a(l10.o)
                              third_party/psyq/lib\libetc.a(intr.o) (ChangeClearRCnt)
third_party/psyq/lib\libapi.a(pad.o)
                              third_party/psyq/lib\libetc.a(pad.o) (PAD_init)
third_party/psyq/lib\libapi.a(patch.o)
                              third_party/psyq/lib\libapi.a(pad.o) (_patch_pad)
third_party/psyq/lib\libapi.a(a18.o)
                              third_party/psyq/lib\libapi.a(pad.o) (InitPAD2)
third_party/psyq/lib\libapi.a(a19.o)
                              third_party/psyq/lib\libapi.a(pad.o) (StartPAD2)
third_party/psyq/lib\libapi.a(a21.o)
                              third_party/psyq/lib\libapi.a(pad.o) (PAD_init2)
third_party/psyq/lib\libapi.a(chclrpad.o)
                              third_party/psyq/lib\libapi.a(pad.o) (_remove_ChgclrPAD)
third_party/psyq/lib\libapi.a(l02.o)
                              third_party/psyq/lib\libapi.a(pad.o) (SysEnqIntRP)
third_party/psyq/lib\libapi.a(l03.o)
                              third_party/psyq/lib\libapi.a(pad.o) (SysDeqIntRP)
third_party/psyq/lib\libc.a(a63.o)
                              third_party/psyq/lib\libcd.a(bios_1.o) (puts)
third_party/psyq/lib\libc.a(c19.o)
                              third_party/psyq/lib\libetc.a(intr.o) (setjmp)
third_party/psyq/lib\libc.a(c27.o)
                              third_party/psyq/lib\libgpu.a(font.o) (strlen)
third_party/psyq/lib\libc.a(c42.o)
                              third_party/psyq/lib\libgpu.a(sys.o) (memcpy)
third_party/psyq/lib\libc.a(c43.o)
                              third_party/psyq/lib\libgpu.a(font.o) (memset)

Discarded input sections

 .text          0x0000000000000000        0x0 third_party/nugget/common/crt0/crt0.o
 .bss           0x0000000000000000        0x0 third_party/nugget/common/crt0/crt0.o
 .MIPS.abiflags
                0x0000000000000000       0x18 third_party/nugget/common/crt0/crt0.o
 .text          0x0000000000000000        0x0 main.o
 .bss           0x0000000000000000        0x0 main.o
 .reginfo       0x0000000000000000       0x18 main.o
 .MIPS.abiflags
                0x0000000000000000       0x18 main.o
 .pdr           0x0000000000000000      0x160 main.o
 .sbss.image1_addr
                0x0000000000000000        0x4 main.o
 .sbss.cdInfoGetlocp
                0x0000000000000000        0x8 main.o
 .text          0x0000000000000000        0x0 tools.o
 .bss           0x0000000000000000        0x0 tools.o
 .reginfo       0x0000000000000000       0x18 tools.o
 .MIPS.abiflags
                0x0000000000000000       0x18 tools.o
 .pdr           0x0000000000000000      0x120 tools.o
 .text.drawTextAtPosition
                0x0000000000000000       0x74 tools.o
 .text          0x0000000000000000       0x80 third_party/psyq/lib\libgs.a(gs_104.o)
 .text          0x0000000000000000      0x570 third_party/psyq/lib\libgs.a(gs_107.o)
 .text          0x0000000000000000       0x90 third_party/psyq/lib\libgte.a(msc01.o)
 .text          0x0000000000000000       0x30 third_party/psyq/lib\libgte.a(mtx_11.o)

Memory Configuration

Name             Origin             Length             Attributes
loader           0x000000008000f800 0x0000000000000800
ram              0x0000000080010000 0x00000000001f0000 xrw
dcache           0x000000001f800000 0x0000000000000400
*default*        0x0000000000000000 0xffffffffffffffff

Linker script and memory map

LOAD third_party/nugget/common/crt0/crt0.o
LOAD main.o
LOAD tools.o
START GROUP
LOAD third_party/psyq/lib\libapi.a
LOAD third_party/psyq/lib\libc.a
LOAD third_party/psyq/lib\libc2.a
LOAD third_party/psyq/lib\libcard.a
LOAD third_party/psyq/lib\libcd.a
LOAD third_party/psyq/lib\libcomb.a
LOAD third_party/psyq/lib\libds.a
LOAD third_party/psyq/lib\libetc.a
LOAD third_party/psyq/lib\libgpu.a
LOAD third_party/psyq/lib\libgs.a
LOAD third_party/psyq/lib\libgte.a
LOAD third_party/psyq/lib\libgun.a
LOAD third_party/psyq/lib\libhmd.a
LOAD third_party/psyq/lib\libmath.a
LOAD third_party/psyq/lib\libmcrd.a
LOAD third_party/psyq/lib\libmcx.a
LOAD third_party/psyq/lib\libpad.a
LOAD third_party/psyq/lib\libpress.a
LOAD third_party/psyq/lib\libsio.a
LOAD third_party/psyq/lib\libsnd.a
LOAD third_party/psyq/lib\libspu.a
LOAD third_party/psyq/lib\libtap.a
END GROUP
                0x000000008004eee8                __heap_base = __bss_end
                0x0000000080010000                TLOAD_ADDR = DEFINED (TLOAD_ADDR)?TLOAD_ADDR:0x80010000
                0x0000000080200000                __ram_top = (ORIGIN (ram) + LENGTH (ram))
                0x00000000801fff00                __sp = (__ram_top - 0x100)
                0x000000001f800000                __dcache = ORIGIN (dcache)
                0x000000001f800400                __dcache_top = (ORIGIN (dcache) + LENGTH (dcache))
                0x00000000000066e8                __bss_len = (__bss_end - __bss_start)
                0x000000000000b450                __ftext_len = (__ftext_end - __ftext_start)
                0x000000000002d3b0                __fdata_len = (__fdata_end - __fdata_start)
                0x0000000080200000                __stack_start = (ORIGIN (ram) + LENGTH (ram))

.PSX_EXE_Header
                0x000000008000f800      0x800
                0x000000008000f800        0x1 BYTE 0x50
                0x000000008000f801        0x1 BYTE 0x53
                0x000000008000f802        0x1 BYTE 0x2d
                0x000000008000f803        0x1 BYTE 0x58
                0x000000008000f804        0x1 BYTE 0x20
                0x000000008000f805        0x1 BYTE 0x45
                0x000000008000f806        0x1 BYTE 0x58
                0x000000008000f807        0x1 BYTE 0x45
                0x000000008000f808        0x4 LONG 0x0
                0x000000008000f80c        0x4 LONG 0x0
                0x000000008000f810        0x4 LONG 0x80010000 ABSOLUTE (_start)
                0x000000008000f814        0x4 LONG 0x0
                0x000000008000f818        0x4 LONG 0x80010000 TLOAD_ADDR
                0x000000008000f81c        0x4 LONG 0x38800 (__ftext_len + __fdata_len)
                0x000000008000f820        0x4 LONG 0x0
                0x000000008000f824        0x4 LONG 0x0
                0x000000008000f828        0x4 LONG 0x0
                0x000000008000f82c        0x4 LONG 0x0
                0x000000008000f830        0x4 LONG 0x801fff00 DEFINED (_sp)?ABSOLUTE (_sp):0x801fff00
                0x000000008000f834        0x4 LONG 0x0
                0x0000000080010000                . = (. + 0x7c8)
 *fill*         0x000000008000f838      0x7c8 
                0x0000000080010000                __ftext_start = ABSOLUTE (.)

.text           0x0000000080010000     0xb450
 *(.start)
 .start         0x0000000080010000       0x64 third_party/nugget/common/crt0/crt0.o
                0x0000000080010000                _start
 *(.init)
 *(SORT_NONE(.fini))
 *(.text.unlikely .text.*_unlikely .text.unlikely.*)
 *(.text.exit .text.exit.*)
 *(.text.startup .text.startup.*)
 .text.startup.main
                0x0000000080010064       0x8c main.o
                0x0000000080010064                main
 *(.text.hot .text.hot.*)
 *(.text .stub .text.* .gnu.linkonce.t.*)
 .text.initSpu  0x00000000800100f0       0x90 main.o
                0x00000000800100f0                initSpu
 .text.initFont
                0x0000000080010180      0x128 main.o
                0x0000000080010180                initFont
 .text.clearVRAM
                0x00000000800102a8       0x50 main.o
                0x00000000800102a8                clearVRAM
 .text.initGraphics
                0x00000000800102f8      0x130 main.o
                0x00000000800102f8                initGraphics
 .text.initImage
                0x0000000080010428      0x14c main.o
                0x0000000080010428                initImage
 .text.display  0x0000000080010574      0x114 main.o
                0x0000000080010574                display
 .text.calculateCurrentTrackLength
                0x0000000080010688      0x200 main.o
                0x0000000080010688                calculateCurrentTrackLength
 .text.getTableOfContents
                0x0000000080010888      0x234 main.o
                0x0000000080010888                getTableOfContents
 .text.playerInformationLogic
                0x0000000080010abc      0x254 main.o
                0x0000000080010abc                playerInformationLogic
 .text.readControllerInput
                0x0000000080010d10      0x61c main.o
                0x0000000080010d10                readControllerInput
 .text.FntColor
                0x000000008001132c       0x74 tools.o
                0x000000008001132c                FntColor
 .text.bcdToDecimal
                0x00000000800113a0       0x1c tools.o
                0x00000000800113a0                bcdToDecimal
 .text.convertBcdValuesToDecimal
                0x00000000800113bc       0x5c tools.o
                0x00000000800113bc                convertBcdValuesToDecimal
 .text.isValueInArray
                0x0000000080011418       0x3c tools.o
                0x0000000080011418                isValueInArray
 .text.shuffleFunction
                0x0000000080011454      0x12c tools.o
                0x0000000080011454                shuffleFunction
 .text.selectCustomTracks
                0x0000000080011580      0x148 tools.o
                0x0000000080011580                selectCustomTracks
 .text.shuffleModeSelection
                0x00000000800116c8      0x104 tools.o
                0x00000000800116c8                shuffleModeSelection
 .text.checkDriveLidStatus
                0x00000000800117cc      0x1c4 tools.o
                0x00000000800117cc                checkDriveLidStatus
 .text          0x0000000080011990      0x170 third_party/psyq/lib\libapi.a(counter.o)
                0x0000000080011990                SetRCnt
                0x0000000080011a2c                GetRCnt
                0x0000000080011a64                StartRCnt
                0x0000000080011a94                StopRCnt
                0x0000000080011ac8                ResetRCnt
 .text          0x0000000080011b00       0x10 third_party/psyq/lib\libc.a(c47.o)
                0x0000000080011b00                rand
 .text          0x0000000080011b10       0x10 third_party/psyq/lib\libc.a(c48.o)
                0x0000000080011b10                srand
 .text          0x0000000080011b20       0x10 third_party/psyq/lib\libc.a(c63.o)
                0x0000000080011b20                printf
 .text          0x0000000080011b30      0x560 third_party/psyq/lib\libcd.a(cdplay.o)
                0x0000000080011b30                CdPlay
 .text          0x0000000080012090      0x150 third_party/psyq/lib\libcd.a(event.o)
                0x0000000080012090                CdInit
 .text          0x00000000800121e0       0x40 third_party/psyq/lib\libcd.a(s_011.o)
                0x00000000800121e0                CdIntstr
 .text          0x0000000080012220       0x20 third_party/psyq/lib\libcd.a(s_012.o)
                0x0000000080012220                CdSync
 .text          0x0000000080012240       0x20 third_party/psyq/lib\libcd.a(s_015.o)
                0x0000000080012240                CdReadyCallback
 .text          0x0000000080012260      0x3c0 third_party/psyq/lib\libcd.a(s_016.o)
                0x0000000080012260                CdControl
                0x000000008001239c                CdControlF
                0x00000000800124d0                CdControlB
 .text          0x0000000080012620      0x250 third_party/psyq/lib\libcd.a(toc.o)
                0x0000000080012620                CdGetToc
                0x0000000080012644                CdGetToc2
 .text          0x0000000080012870     0x1580 third_party/psyq/lib\libcd.a(bios_1.o)
                0x0000000080012dd4                CD_sync
                0x0000000080013054                CD_ready
                0x000000008001331c                CD_cw
                0x0000000080013728                CD_vol
                0x00000000800137b0                CD_flush
                0x0000000080013884                CD_initvol
                0x0000000080013974                CD_initintr
                0x00000000800139c0                CD_init
                0x0000000080013ba0                CD_datasync
                0x0000000080013d08                CD_set_test_parmnum
 .text          0x0000000080013df0       0x20 third_party/psyq/lib\libcd.a(s_014.o)
                0x0000000080013df0                CdSyncCallback
 .text          0x0000000080013e10      0x6c0 third_party/psyq/lib\libetc.a(intr.o)
                0x0000000080013e10                ResetCallback
                0x0000000080013e40                InterruptCallback
                0x0000000080013e70                DMACallback
                0x0000000080013ea0                VSyncCallback
                0x0000000080013ed4                VSyncCallbacks
                0x0000000080013f04                StopCallback
                0x0000000080013f34                RestartCallback
                0x0000000080013f64                CheckCallback
                0x0000000080013f74                GetIntrMask
                0x0000000080013f8c                SetIntrMask
 .text          0x00000000800144d0      0x2a0 third_party/psyq/lib\libetc.a(intr_dma.o)
                0x00000000800144d0                startIntrDMA
 .text          0x0000000080014770      0x120 third_party/psyq/lib\libetc.a(intr_vb.o)
                0x0000000080014770                startIntrVSync
 .text          0x0000000080014890       0x80 third_party/psyq/lib\libetc.a(pad.o)
                0x0000000080014890                PadInit
                0x00000000800148dc                PadRead
 .text          0x0000000080014910       0x30 third_party/psyq/lib\libetc.a(vmode.o)
                0x0000000080014910                SetVideoMode
                0x0000000080014924                GetVideoMode
 .text          0x0000000080014940      0x210 third_party/psyq/lib\libetc.a(vsync.o)
                0x0000000080014940                VSync
 .text          0x0000000080014b50      0xa80 third_party/psyq/lib\libgpu.a(font.o)
                0x0000000080014b50                SetDumpFnt
                0x0000000080014b90                FntLoad
                0x0000000080014c30                FntOpen
                0x0000000080014eec                FntFlush
                0x0000000080015208                FntPrint
 .text          0x00000000800155d0       0x40 third_party/psyq/lib\libgpu.a(p00.o)
                0x00000000800155d0                GetTPage
 .text          0x0000000080015610       0x40 third_party/psyq/lib\libgpu.a(p06.o)
                0x0000000080015610                AddPrim
 .text          0x0000000080015650       0x20 third_party/psyq/lib\libgpu.a(p09.o)
                0x0000000080015650                TermPrim
 .text          0x0000000080015670       0x30 third_party/psyq/lib\libgpu.a(p10.o)
                0x0000000080015670                SetSemiTrans
 .text          0x00000000800156a0       0x20 third_party/psyq/lib\libgpu.a(p20.o)
                0x00000000800156a0                SetSprt8
 .text          0x00000000800156c0       0x20 third_party/psyq/lib\libgpu.a(p26.o)
                0x00000000800156c0                SetTile
 .text          0x00000000800156e0       0xa0 third_party/psyq/lib\libgpu.a(p41.o)
                0x00000000800156e0                SetDrawMode
 .text          0x0000000080015780     0x2f00 third_party/psyq/lib\libgpu.a(sys.o)
                0x0000000080015780                ResetGraph
                0x00000000800158f4                SetGraphDebug
                0x0000000080015950                SetGraphQueue
                0x00000000800159f4                GetGraphDebug
                0x0000000080015a04                DrawSyncCallback
                0x0000000080015a64                SetDispMask
                0x0000000080015afc                DrawSync
                0x0000000080015c80                ClearImage
                0x0000000080015d10                ClearImage2
                0x0000000080015da8                LoadImage
                0x0000000080015e08                StoreImage
                0x0000000080015e68                MoveImage
                0x0000000080015f20                ClearOTag
                0x0000000080015fe8                ClearOTagR
                0x0000000080016094                DrawPrim
                0x00000000800160f0                DrawOTag
                0x0000000080016160                PutDrawEnv
                0x0000000080016220                DrawOTagEnv
                0x00000000800162f8                GetDrawEnv
                0x000000008001632c                PutDispEnv
                0x0000000080016824                GetDispEnv
                0x0000000080016858                GetODE
                0x0000000080016888                SetDrawArea
                0x0000000080016908                SetDrawOffset
                0x0000000080016948                SetDrawEnv
                0x0000000080018218                LoadImage2
                0x0000000080018304                StoreImage2
                0x00000000800183f0                MoveImage2
                0x0000000080018534                DrawOTag2
                0x0000000080018630                _GPU_ResetCallback
 .text          0x0000000080018680       0xf0 third_party/psyq/lib\libgpu.a(e00.o)
                0x0000000080018680                LoadTPage
 .text          0x0000000080018770       0x70 third_party/psyq/lib\libgpu.a(e02.o)
                0x0000000080018770                LoadClut2
 .text          0x00000000800187e0       0x20 third_party/psyq/lib\libgpu.a(p01.o)
                0x00000000800187e0                GetClut
 .text          0x0000000080018800      0x500 third_party/psyq/lib\libgs.a(2d_sp0.o)
                0x0000000080018800                GsSortSprite
 .text          0x0000000080018d00      0x550 third_party/psyq/lib\libgs.a(gs_001.o)
                0x0000000080018d00                GsInitGraph
                0x0000000080018e90                GsInitGraph2
                0x0000000080019118                GsSortClear
 .text          0x0000000080019250       0x10 third_party/psyq/lib\libgs.a(gs_0021.o)
                0x0000000080019250                GsGetActiveBuff
 .text          0x0000000080019260      0x110 third_party/psyq/lib\libgs.a(gs_0022.o)
                0x0000000080019260                GsSetDrawBuffOffset
 .text          0x0000000080019370       0x80 third_party/psyq/lib\libgs.a(gs_003.o)
                0x0000000080019370                GsSetDrawBuffClip
 .text          0x00000000800193f0       0xb0 third_party/psyq/lib\libgs.a(gs_010.o)
                0x00000000800193f0                GsSwapDispBuff
 .text          0x00000000800194a0       0xa0 third_party/psyq/lib\libgs.a(gs_103.o)
                0x00000000800194a0                GsDefDispBuff
 .text          0x0000000080019540       0x30 third_party/psyq/lib\libgs.a(gs_111.o)
                0x0000000080019540                GsDrawOt
 .text          0x0000000080019570       0x60 third_party/psyq/lib\libgs.a(gs_113.o)
                0x0000000080019570                GsClearOt
 .text          0x00000000800195d0       0x50 third_party/psyq/lib\libgs.a(gs_121.o)
                0x00000000800195d0                gte_init
 .text          0x0000000080019620       0xf0 third_party/psyq/lib\libgs.a(gs_122.o)
                0x0000000080019620                GsGetTimInfo
 .text          0x0000000080019710       0x10 third_party/psyq/lib\libgs.a(gs_124.o)
                0x0000000080019710                GsSetWorkBase
 .text          0x0000000080019720       0xa0 third_party/psyq/lib\libgs.a(2d_com1.o)
                0x0000000080019720                _make_packet
 .text          0x00000000800197c0       0x80 third_party/psyq/lib\libgte.a(cmb_00.o)
                0x00000000800197c0                RotTransPers4
 .text          0x0000000080019840      0x290 third_party/psyq/lib\libgte.a(fgo_01.o)
                0x0000000080019840                RotMatrix
 .text          0x0000000080019ad0       0x90 third_party/psyq/lib\libgte.a(msc00.o)
                0x0000000080019ad8                InitGeom
 .text          0x0000000080019b60       0x30 third_party/psyq/lib\libgte.a(mtx_07.o)
                0x0000000080019b60                TransMatrix
 .text          0x0000000080019b90      0x140 third_party/psyq/lib\libgte.a(mtx_08.o)
                0x0000000080019b90                ScaleMatrix
 .text          0x0000000080019cd0       0x30 third_party/psyq/lib\libgte.a(mtx_09.o)
                0x0000000080019cd0                SetRotMatrix
 .text          0x0000000080019d00       0x20 third_party/psyq/lib\libgte.a(mtx_12.o)
                0x0000000080019d00                SetTransMatrix
 .text          0x0000000080019d20       0xe0 third_party/psyq/lib\libgte.a(patchgte.o)
                0x0000000080019d20                _patch_gte
 .text          0x0000000080019e00       0x10 third_party/psyq/lib\libgte.a(reg09.o)
                0x0000000080019e00                ReadGeomScreen
 .text          0x0000000080019e10       0x20 third_party/psyq/lib\libgte.a(reg11.o)
                0x0000000080019e10                SetFarColor
 .text          0x0000000080019e30       0x20 third_party/psyq/lib\libgte.a(reg12.o)
                0x0000000080019e30                SetGeomOffset
 .text          0x0000000080019e50      0x310 third_party/psyq/lib\libspu.a(s_gca.o)
                0x0000000080019e50                SpuGetCommonAttr
 .text          0x000000008001a160       0x20 third_party/psyq/lib\libspu.a(s_i.o)
                0x000000008001a160                SpuInit
 .text          0x000000008001a180      0x160 third_party/psyq/lib\libspu.a(s_ini.o)
                0x000000008001a180                _SpuInit
                0x000000008001a268                SpuStart
 .text          0x000000008001a2e0       0x40 third_party/psyq/lib\libspu.a(s_sccm.o)
                0x000000008001a2e0                SpuSetCommonCDMix
 .text          0x000000008001a320       0x40 third_party/psyq/lib\libspu.a(s_sccr.o)
                0x000000008001a320                SpuSetCommonCDReverb
 .text          0x000000008001a360       0x20 third_party/psyq/lib\libspu.a(s_sccv.o)
                0x000000008001a360                SpuSetCommonCDVolume
 .text          0x000000008001a380       0x20 third_party/psyq/lib\libspu.a(s_scmv.o)
                0x000000008001a380                SpuSetCommonMasterVolume
 .text          0x000000008001a3a0      0xb40 third_party/psyq/lib\libspu.a(spu.o)
                0x000000008001a3a0                _spu_init
                0x000000008001a7e0                _spu_FiDMA
                0x000000008001a89c                _spu_Fr_
                0x000000008001a944                _spu_t
                0x000000008001abc4                _spu_Fw
                0x000000008001ac48                _spu_Fr
                0x000000008001acac                _spu_FsetRXX
                0x000000008001acf0                _spu_FsetRXXa
                0x000000008001ad94                _spu_FgetRXXa
                0x000000008001add0                _spu_FsetPCR
                0x000000008001ae78                _spu_Fw1ts
 .text          0x000000008001aee0       0x30 third_party/psyq/lib\libspu.a(s_dcb.o)
                0x000000008001aee0                _SpuDataCallback
 .text          0x000000008001af10       0x10 third_party/psyq/lib\libapi.a(a07.o)
                0x000000008001af10                DeliverEvent
 .text          0x000000008001af20       0x10 third_party/psyq/lib\libapi.a(a08.o)
                0x000000008001af20                OpenEvent
 .text          0x000000008001af30       0x10 third_party/psyq/lib\libapi.a(a12.o)
                0x000000008001af30                EnableEvent
 .text          0x000000008001af40       0x10 third_party/psyq/lib\libapi.a(a22.o)
                0x000000008001af40                PAD_dr
 .text          0x000000008001af50       0x10 third_party/psyq/lib\libapi.a(a23.o)
                0x000000008001af50                ReturnFromException
 .text          0x000000008001af60       0x10 third_party/psyq/lib\libapi.a(a24.o)
                0x000000008001af60                ResetEntryInt
 .text          0x000000008001af70       0x10 third_party/psyq/lib\libapi.a(a25.o)
                0x000000008001af70                HookEntryInt
 .text          0x000000008001af80       0x10 third_party/psyq/lib\libapi.a(a36.o)
                0x000000008001af80                EnterCriticalSection
 .text          0x000000008001af90       0x10 third_party/psyq/lib\libapi.a(a37.o)
                0x000000008001af90                ExitCriticalSection
 .text          0x000000008001afa0       0x10 third_party/psyq/lib\libapi.a(a91.o)
                0x000000008001afa0                ChangeClearPAD
 .text          0x000000008001afb0       0x20 third_party/psyq/lib\libapi.a(c114.o)
                0x000000008001afb8                _96_remove
 .text          0x000000008001afd0       0x10 third_party/psyq/lib\libapi.a(c68.o)
                0x000000008001afd0                FlushCache
 .text          0x000000008001afe0       0x10 third_party/psyq/lib\libapi.a(c73.o)
                0x000000008001afe0                GPU_cw
 .text          0x000000008001aff0       0x10 third_party/psyq/lib\libapi.a(l10.o)
                0x000000008001aff0                ChangeClearRCnt
 .text          0x000000008001b000      0x290 third_party/psyq/lib\libapi.a(pad.o)
                0x000000008001b000                SetInitPadFlag
                0x000000008001b00c                ReadInitPadFlag
                0x000000008001b01c                PAD_init
                0x000000008001b0ac                InitPAD
                0x000000008001b13c                StartPAD
 .text          0x000000008001b290       0xa0 third_party/psyq/lib\libapi.a(patch.o)
                0x000000008001b290                EnablePAD
                0x000000008001b2a4                DisablePAD
                0x000000008001b2b8                _patch_pad
 .text          0x000000008001b330       0x10 third_party/psyq/lib\libapi.a(a18.o)
                0x000000008001b330                InitPAD2
 .text          0x000000008001b340       0x10 third_party/psyq/lib\libapi.a(a19.o)
                0x000000008001b340                StartPAD2
 .text          0x000000008001b350       0x10 third_party/psyq/lib\libapi.a(a21.o)
                0x000000008001b350                PAD_init2
 .text          0x000000008001b360       0x70 third_party/psyq/lib\libapi.a(chclrpad.o)
                0x000000008001b360                _remove_ChgclrPAD
 .text          0x000000008001b3d0       0x10 third_party/psyq/lib\libapi.a(l02.o)
                0x000000008001b3d0                SysEnqIntRP
 .text          0x000000008001b3e0       0x10 third_party/psyq/lib\libapi.a(l03.o)
                0x000000008001b3e0                SysDeqIntRP
 .text          0x000000008001b3f0       0x20 third_party/psyq/lib\libc.a(a63.o)
                0x000000008001b3f8                puts
 .text          0x000000008001b410       0x10 third_party/psyq/lib\libc.a(c19.o)
                0x000000008001b410                setjmp
 .text          0x000000008001b420       0x10 third_party/psyq/lib\libc.a(c27.o)
                0x000000008001b420                strlen
 .text          0x000000008001b430       0x10 third_party/psyq/lib\libc.a(c42.o)
                0x000000008001b430                memcpy
 .text          0x000000008001b440       0x10 third_party/psyq/lib\libc.a(c43.o)
                0x000000008001b440                memset
                0x000000008001b450                . = ALIGN (0x10)
 *(.init)
                0x000000008001b450                . = ALIGN (0x10)
 *(.fini)
                0x000000008001b450                . = ALIGN (0x10)
                0x000000008001b450                __text_end = .
                0x000000008001b450                __ftext_end = ABSOLUTE (.)
                0x000000008001b450                __fdata_start = ABSOLUTE (.)

.rodata         0x000000008001b450      0xcc0
 *(.rodata .rodata.* .rdata .rdata.* .gnu.linkonce.r.*)
 .rodata        0x000000008001b450       0x10 third_party/nugget/common/crt0/crt0.o
 .rodata.initSpu.str1.4
                0x000000008001b460       0x59 main.o
 *fill*         0x000000008001b4b9        0x3 
 .rodata.clearVRAM.str1.4
                0x000000008001b4bc        0xf main.o
 *fill*         0x000000008001b4cb        0x1 
 .rodata.initGraphics.str1.4
                0x000000008001b4cc       0xaa main.o
 *fill*         0x000000008001b576        0x2 
 .rodata.calculateCurrentTrackLength.str1.4
                0x000000008001b578       0x47 main.o
 *fill*         0x000000008001b5bf        0x1 
 .rodata.getTableOfContents.str1.4
                0x000000008001b5c0       0x61 main.o
 *fill*         0x000000008001b621        0x3 
 .rodata.playerInformationLogic.str1.4
                0x000000008001b624       0x9e main.o
                                         0xa2 (size before relaxing)
 *fill*         0x000000008001b6c2        0x2 
 .rodata.readControllerInput.str1.4
                0x000000008001b6c4      0x1bb main.o
 *fill*         0x000000008001b87f        0x1 
 .rodata.shuffleFunction.str1.4
                0x000000008001b880       0x2a tools.o
                                         0x3a (size before relaxing)
 *fill*         0x000000008001b8aa        0x2 
 .rodata.selectCustomTracks.str1.4
                0x000000008001b8ac       0x25 tools.o
                                         0x2d (size before relaxing)
 *fill*         0x000000008001b8d1        0x3 
 .rodata.shuffleModeSelection.str1.4
                0x000000008001b8d4       0x38 tools.o
                                         0x47 (size before relaxing)
 .rodata.checkDriveLidStatus.str1.4
                0x000000008001b90c       0xaa tools.o
 *fill*         0x000000008001b9b6        0x2 
 .rdata         0x000000008001b9b8       0x90 third_party/psyq/lib\libcd.a(cdplay.o)
 .rdata         0x000000008001ba48       0x20 third_party/psyq/lib\libcd.a(event.o)
 .rdata         0x000000008001ba68       0x10 third_party/psyq/lib\libcd.a(s_011.o)
 .rdata         0x000000008001ba78       0x40 third_party/psyq/lib\libcd.a(toc.o)
 .rdata         0x000000008001bab8      0x260 third_party/psyq/lib\libcd.a(bios_1.o)
 .rdata         0x000000008001bd18       0x70 third_party/psyq/lib\libetc.a(intr.o)
 .rdata         0x000000008001bd88       0x30 third_party/psyq/lib\libetc.a(intr_dma.o)
 .rdata         0x000000008001bdb8       0x10 third_party/psyq/lib\libetc.a(vsync.o)
 .rdata         0x000000008001bdc8       0xa0 third_party/psyq/lib\libgpu.a(font.o)
 .rdata         0x000000008001be68      0x220 third_party/psyq/lib\libgpu.a(sys.o)
 .rdata         0x000000008001c088       0x30 third_party/psyq/lib\libgs.a(2d_com1.o)
 .rdata         0x000000008001c0b8       0x50 third_party/psyq/lib\libspu.a(spu.o)
                0x000000008001c110                . = ALIGN (0x10)
 *fill*         0x000000008001c108        0x8 
                0x000000008001c110                __preinit_array_start = .
 *(.preinit_array)
                0x000000008001c110                __preinit_array_end = .
                0x000000008001c110                . = ALIGN (0x10)
                0x000000008001c110                __init_array_start = .
 *(SORT_BY_NAME(.init_array.*))
 *(.init_array)
                0x000000008001c110                . = ALIGN (0x10)
 *crtbegin.o(.ctors)
 *(EXCLUDE_FILE(*crtend.o) .ctors)
 *(SORT_BY_NAME(.ctors.*))
 *crtend.o(.ctors)
                0x000000008001c110                __init_array_end = .
                0x000000008001c110                . = ALIGN (0x10)
                0x000000008001c110                __fini_array_start = .
 *(.fini_array)
 *(SORT_BY_NAME(.fini_array.*))
 *crtbegin.o(.dtors)
 *(EXCLUDE_FILE(*crtend.o) .dtors)
 *(SORT_BY_NAME(.dtors.*))
 *crtend.o(.dtors)
                0x000000008001c110                __fini_array_end = .
                0x000000008001c110                __build_id = .
 *(.note.gnu.build-id)
                0x000000008001c110                __build_id_end = .

.rel.dyn        0x000000008001c110        0x0
 .rel.dyn       0x000000008001c110        0x0 third_party/psyq/lib\libgpu.a(sys.o)

.rodata1
 *(.rodata1)
                0x000000008001c110                __data_start = .

.data           0x000000008001c110    0x2c6f0
 *(.data .data.* .gnu.linkonce.d.*)
 .data          0x000000008001c110        0x0 third_party/nugget/common/crt0/crt0.o
 .data          0x000000008001c110        0x0 main.o
 .data.direction.4
                0x000000008001c110        0xc main.o
 .data.newVolumeLevelCd.10
                0x000000008001c11c        0x4 main.o
 .data.image    0x000000008001c120    0x25814 main.o
                0x000000008001c120                image
 .data          0x0000000080041934        0x0 tools.o
 *fill*         0x0000000080041934        0x4 50414444
 .data          0x0000000080041938       0x20 third_party/psyq/lib\libapi.a(counter.o)
 .data          0x0000000080041958      0x1b0 third_party/psyq/lib\libcd.a(cdplay.o)
 .data          0x0000000080041b08       0x10 third_party/psyq/lib\libcd.a(event.o)
                0x0000000080041b08                CD_cbread
                0x0000000080041b0c                CD_read_dma_mode
 .data          0x0000000080041b18       0x80 third_party/psyq/lib\libcd.a(s_016.o)
 .data          0x0000000080041b98      0x310 third_party/psyq/lib\libcd.a(bios_1.o)
                0x0000000080041ba0                CD_cbsync
                0x0000000080041ba4                CD_cbready
                0x0000000080041ba8                CD_debug
                0x0000000080041bac                CD_status
                0x0000000080041bb0                CD_status1
                0x0000000080041bb4                CD_nopen
                0x0000000080041bb8                CD_pos
                0x0000000080041bbc                CD_mode
                0x0000000080041bbd                CD_com
                0x0000000080041bc0                DS_active
                0x0000000080041bc4                CD_comstr
                0x0000000080041c44                CD_intstr
 .data          0x0000000080041ea8     0x1100 third_party/psyq/lib\libetc.a(intr.o)
 .data          0x0000000080042fa8       0x30 third_party/psyq/lib\libetc.a(intr_dma.o)
 .data          0x0000000080042fd8       0x30 third_party/psyq/lib\libetc.a(intr_vb.o)
                0x0000000080042ff8                Vcount
 .data          0x0000000080043008       0x10 third_party/psyq/lib\libetc.a(vmode.o)
 .data          0x0000000080043018       0x20 third_party/psyq/lib\libetc.a(vsync.o)
                0x0000000080043028                Hcount
 .data          0x0000000080043038      0xb90 third_party/psyq/lib\libgpu.a(font.o)
                0x0000000080043038                Font
 .data          0x0000000080043bc8      0x1a0 third_party/psyq/lib\libgpu.a(sys.o)
                0x0000000080043c14                GPU_printf
                0x0000000080043c18                GEnv
                0x0000000080043d40                _qin
                0x0000000080043d44                _qout
 .data          0x0000000080043d68       0x10 third_party/psyq/lib\libgs.a(global.o)
                0x0000000080043d68                GsADIVZ
                0x0000000080043d6c                GsADIVW
                0x0000000080043d6e                GsADIVH
 .data          0x0000000080043d78       0x10 third_party/psyq/lib\libgs.a(gs_001.o)
 .data          0x0000000080043d88       0x10 third_party/psyq/lib\libgte.a(msc00.o)
 .data          0x0000000080043d98      0x180 third_party/psyq/lib\libgte.a(sqrtbl.o)
                0x0000000080043d98                SQRT
 .data          0x0000000080043f18     0x4000 third_party/psyq/lib\libgte.a(cstbl.o)
                0x0000000080043f18                rcossin_tbl
 .data          0x0000000080047f18       0x80 third_party/psyq/lib\libspu.a(s_ini.o)
                0x0000000080047f20                _spu_EVdma
                0x0000000080047f24                _spu_keystat
                0x0000000080047f28                _spu_trans_mode
                0x0000000080047f2c                _spu_rev_flag
                0x0000000080047f30                _spu_rev_reserve_wa
                0x0000000080047f34                _spu_rev_offsetaddr
                0x0000000080047f38                _spu_rev_attr
                0x0000000080047f4c                _spu_RQvoice
                0x0000000080047f50                _spu_RQmask
                0x0000000080047f54                _spu_voice_centerNote
                0x0000000080047f84                _spu_env
                0x0000000080047f88                _spu_isCalled
 .data          0x0000000080047f98       0x10 third_party/psyq/lib\libspu.a(s_m.o)
                0x0000000080047f98                _spu_AllocBlockNum
                0x0000000080047f9c                _spu_AllocLastNum
                0x0000000080047fa0                _spu_memList
 .data          0x0000000080047fa8       0x30 third_party/psyq/lib\libspu.a(s_rmp0.o)
                0x0000000080047fa8                _spu_rev_startaddr
 .data          0x0000000080047fd8       0x60 third_party/psyq/lib\libspu.a(spu.o)
                0x0000000080047fd8                _spu_RXX
                0x0000000080047ff0                _spu_tsa
                0x0000000080047ff4                _spu_transMode
                0x0000000080047ff8                _spu_addrMode
                0x0000000080047ffc                _spu_mem_mode
                0x0000000080048000                _spu_mem_mode_plus
                0x0000000080048004                _spu_mem_mode_unit
                0x0000000080048008                _spu_mem_mode_unitM
                0x000000008004800c                _spu_inTransfer
                0x0000000080048010                _spu_transferCallback
                0x0000000080048014                _spu_IRQCallback
 .data          0x0000000080048038       0x10 third_party/psyq/lib\libapi.a(pad.o)
 *(.data1)
 *(.sdata .sdata.* .gnu.linkonce.s.*)
 .sdata.repeat  0x0000000080048048        0x1 main.o
                0x0000000080048048                repeat
 *fill*         0x0000000080048049        0x3 50414444
 .sdata.__stacksize
                0x000000008004804c        0x4 main.o
                0x000000008004804c                __stacksize
 .sdata.__ramsize
                0x0000000080048050        0x4 main.o
                0x0000000080048050                __ramsize
 *(.sdata2 .sdata2.* .gnu.linkonce.s2.*)
 *(.got.plt)
 *(.got)
                0x0000000080048800                . = ALIGN (0x800)
 *fill*         0x0000000080048054      0x7ac 50414444
                0x0000000080048800                __data_end = .
                0x0000000080048800                __fdata_end = .
                0x0000000080048800                __bss_start = .

.sbss           0x0000000080048800     0x66e8
 *(.dynsbss)
 *(.sbss .sbss.* .gnu.linkonce.sb.*)
 .sbss.reverb   0x0000000080048800        0x1 main.o
                0x0000000080048800                reverb
 .sbss.shuffleSelectionBreakEarly
                0x0000000080048801        0x1 main.o
                0x0000000080048801                shuffleSelectionBreakEarly
 .sbss.selectedShuffleMode
                0x0000000080048802        0x1 main.o
                0x0000000080048802                selectedShuffleMode
 .sbss.shuffle  0x0000000080048803        0x1 main.o
                0x0000000080048803                shuffle
 .sbss.debounceTimer
                0x0000000080048804        0x4 main.o
                0x0000000080048804                debounceTimer
 .sbss.numTracks
                0x0000000080048808        0x4 main.o
                0x0000000080048808                numTracks
 .sbss.currentbuffer
                0x000000008004880c        0x4 main.o
                0x000000008004880c                currentbuffer
 .sbss.currentTrackTimeInSeconds
                0x0000000080048810        0x4 main.o
                0x0000000080048810                currentTrackTimeInSeconds
 .sbss.result   0x0000000080048814        0x8 main.o
                0x0000000080048814                result
 .sbss.fntColorBG
                0x000000008004881c        0x4 tools.o
                0x000000008004881c                fntColorBG
 .sbss.fntColor
                0x0000000080048820        0x4 tools.o
                0x0000000080048820                fntColor
 *(.scommon)
 *(.dynbss)
 *(.bss .bss.* .gnu.linkonce.b.*)
 .bss.oldTrack.0
                0x0000000080048824        0x1 main.o
 .bss.hasTrackChanged.1
                0x0000000080048825        0x1 main.o
 *fill*         0x0000000080048826        0x2 
 .bss.fontColours.5
                0x0000000080048828        0x3 main.o
 *fill*         0x000000008004882b        0x1 
 .bss.colorIndex.6
                0x000000008004882c        0x4 main.o
 .bss.mute.7    0x0000000080048830        0x1 main.o
 .bss.pause.8   0x0000000080048831        0x1 main.o
 *fill*         0x0000000080048832        0x2 
 .bss.shuffledTracks
                0x0000000080048834      0x194 main.o
                0x0000000080048834                shuffledTracks
 .bss.decimalValues
                0x00000000800489c8       0x20 main.o
                0x00000000800489c8                decimalValues
 .bss.loc       0x00000000800489e8      0x190 main.o
                0x00000000800489e8                loc
 .bss.image1    0x0000000080048b78       0x48 main.o
                0x0000000080048b78                image1
 .bss.GPUOutputPacket
                0x0000000080048bc0      0x258 main.o
                0x0000000080048bc0                GPUOutputPacket
 .bss.OrderingTable
                0x0000000080048e18       0x10 main.o
                0x0000000080048e18                OrderingTable
 .bss.WorldOrderingTable
                0x0000000080048e28       0x28 main.o
                0x0000000080048e28                WorldOrderingTable
 .bss           0x0000000080048e50      0x1a0 third_party/psyq/lib\libcd.a(cdplay.o)
 .bss           0x0000000080048ff0       0x34 third_party/psyq/lib\libcd.a(bios_1.o)
                0x0000000080049020                StMode
 *fill*         0x0000000080049024        0x4 
 .bss           0x0000000080049028       0x14 third_party/psyq/lib\libetc.a(pad.o)
                0x0000000080049038                PadIdentifier
 *fill*         0x000000008004903c        0x4 
 .bss           0x0000000080049040     0x4410 third_party/psyq/lib\libgpu.a(font.o)
 .bss           0x000000008004d450     0x1850 third_party/psyq/lib\libgpu.a(sys.o)
                0x000000008004d4a0                _que
 .bss           0x000000008004eca0       0x54 third_party/psyq/lib\libgs.a(global.o)
                0x000000008004eca0                GsOUT_PACKET_P
                0x000000008004eca8                GsMATE_C
                0x000000008004ecb0                GsLMODE
                0x000000008004ecb8                GsLIGNR
                0x000000008004ecc0                GsLIOFF
                0x000000008004ecc8                GsZOVER
                0x000000008004ecd0                GsBACKC
                0x000000008004ecd8                GsNDIV
                0x000000008004ece0                GsTRATE
                0x000000008004ece8                GsTON
                0x000000008004ecf0                GsDISPON
 *fill*         0x000000008004ecf4        0x4 
 .bss           0x000000008004ecf8       0xea third_party/psyq/lib\libgs.a(gs_001.o)
                0x000000008004ed18                PSDIDX
                0x000000008004ed20                GsDRAWENV
                0x000000008004ed80                GsDISPENV
                0x000000008004ed98                PSDGPU
                0x000000008004eda0                PSDBASEX
                0x000000008004eda8                PSDBASEY
                0x000000008004edb0                POSITION
                0x000000008004edb8                CLIP2
                0x000000008004edc0                PSDCNT
                0x000000008004edc8                PSDOFSX
                0x000000008004edd0                PSDOFSY
                0x000000008004edd8                GsORGOFSX
                0x000000008004ede0                GsORGOFSY
 *fill*         0x000000008004ede2        0x6 
 .bss           0x000000008004ede8       0x24 third_party/psyq/lib\libgs.a(gs_104.o)
                0x000000008004ede8                HWD0
                0x000000008004edf0                VWD0
                0x000000008004edf8                GsCLIP3near
                0x000000008004ee00                GsLIGHT_MODE
                0x000000008004ee08                GsCLIP3far
 *fill*         0x000000008004ee0c        0x4 
 .bss           0x000000008004ee10       0x40 third_party/psyq/lib\libgs.a(gs_107.o)
                0x000000008004ee10                GsLIGHTWSMATRIX
                0x000000008004ee30                _LC
 .bss           0x000000008004ee50       0x40 third_party/psyq/lib\libgs.a(gs_128.o)
                0x000000008004ee50                GsIDMATRIX
                0x000000008004ee70                GsIDMATRIX2
 .bss           0x000000008004ee90       0x10 third_party/psyq/lib\libgte.a(patchgte.o)
 .bss           0x000000008004eea0       0x14 third_party/psyq/lib\libspu.a(spu.o)
                0x000000008004eea0                _spu_RQ
 *fill*         0x000000008004eeb4        0x4 
 .bss           0x000000008004eeb8       0x10 third_party/psyq/lib\libapi.a(pad.o)
                0x000000008004eeb8                _apiPadPatch
 .bss           0x000000008004eec8       0x10 third_party/psyq/lib\libapi.a(patch.o)
 .bss           0x000000008004eed8       0x10 third_party/psyq/lib\libapi.a(chclrpad.o)
 *(COMMON)
                0x000000008004eee8                . = ALIGN (0x4)
                0x000000008004eee8                __bss_end = .
                0x000000008004eee8                __heap_start = __heap_base
                0x000000008000f800                . = (ADDR (.text) - 0x800)
                0x000000008000f800                __end = .

/DISCARD/
 *(.MIPS.abiflags)

/DISCARD/
 *(.rel.iplt)
 *(.rela.iplt)
 *(.rel.plt)
 *(.rela.plt)
 *(.plt)
 *(.iplt)

/DISCARD/
 *(.note.GNU-stack)
 *(.gnu_debuglink)
 *(.gnu.lto_*)

.scratchpad
 *(.scratchpad)
OUTPUT(fuckityfuckity.elf elf32-littlemips)

.reginfo        0x0000000000000000       0x18
 .reginfo       0x0000000000000000       0x18 third_party/nugget/common/crt0/crt0.o

.pdr            0x0000000000000000        0x0
 .pdr           0x0000000000000000        0x0 third_party/nugget/common/crt0/crt0.o

.gnu.attributes
                0x0000000000000000       0x10
 .gnu.attributes
                0x0000000000000000       0x10 third_party/nugget/common/crt0/crt0.o
 .gnu.attributes
                0x0000000000000010       0x10 main.o
 .gnu.attributes
                0x0000000000000020       0x10 tools.o

.mdebug.abi32   0x0000000000000000        0x0
 .mdebug.abi32  0x0000000000000000        0x0 main.o
 .mdebug.abi32  0x0000000000000000        0x0 tools.o

.comment        0x0000000000000000       0x12
 .comment       0x0000000000000000       0x12 main.o
                                         0x13 (size before relaxing)
 .comment       0x0000000000000012       0x13 tools.o

.note           0x0000000000000000     0x2dc4
 .note          0x0000000000000000       0x74 third_party/psyq/lib\libapi.a(counter.o)
 .note          0x0000000000000074       0x74 third_party/psyq/lib\libc.a(c47.o)
 .note          0x00000000000000e8       0x74 third_party/psyq/lib\libc.a(c48.o)
 .note          0x000000000000015c       0x74 third_party/psyq/lib\libc.a(c63.o)
 .note          0x00000000000001d0       0x74 third_party/psyq/lib\libcd.a(cdplay.o)
 .note          0x0000000000000244       0x74 third_party/psyq/lib\libcd.a(event.o)
 .note          0x00000000000002b8       0x74 third_party/psyq/lib\libcd.a(s_011.o)
 .note          0x000000000000032c       0x74 third_party/psyq/lib\libcd.a(s_012.o)
 .note          0x00000000000003a0       0x74 third_party/psyq/lib\libcd.a(s_015.o)
 .note          0x0000000000000414       0x74 third_party/psyq/lib\libcd.a(s_016.o)
 .note          0x0000000000000488       0x74 third_party/psyq/lib\libcd.a(toc.o)
 .note          0x00000000000004fc       0x74 third_party/psyq/lib\libcd.a(bios_1.o)
 .note          0x0000000000000570       0x74 third_party/psyq/lib\libcd.a(s_014.o)
 .note          0x00000000000005e4       0x74 third_party/psyq/lib\libetc.a(intr.o)
 .note          0x0000000000000658       0x74 third_party/psyq/lib\libetc.a(intr_dma.o)
 .note          0x00000000000006cc       0x74 third_party/psyq/lib\libetc.a(intr_vb.o)
 .note          0x0000000000000740       0x74 third_party/psyq/lib\libetc.a(pad.o)
 .note          0x00000000000007b4       0x74 third_party/psyq/lib\libetc.a(vmode.o)
 .note          0x0000000000000828       0x74 third_party/psyq/lib\libetc.a(vsync.o)
 .note          0x000000000000089c       0x74 third_party/psyq/lib\libgpu.a(font.o)
 .note          0x0000000000000910       0x74 third_party/psyq/lib\libgpu.a(p00.o)
 .note          0x0000000000000984       0x74 third_party/psyq/lib\libgpu.a(p06.o)
 .note          0x00000000000009f8       0x74 third_party/psyq/lib\libgpu.a(p09.o)
 .note          0x0000000000000a6c       0x74 third_party/psyq/lib\libgpu.a(p10.o)
 .note          0x0000000000000ae0       0x74 third_party/psyq/lib\libgpu.a(p20.o)
 .note          0x0000000000000b54       0x74 third_party/psyq/lib\libgpu.a(p26.o)
 .note          0x0000000000000bc8       0x74 third_party/psyq/lib\libgpu.a(p41.o)
 .note          0x0000000000000c3c       0x74 third_party/psyq/lib\libgpu.a(sys.o)
 .note          0x0000000000000cb0       0x74 third_party/psyq/lib\libgpu.a(e00.o)
 .note          0x0000000000000d24       0x74 third_party/psyq/lib\libgpu.a(e02.o)
 .note          0x0000000000000d98       0x74 third_party/psyq/lib\libgpu.a(p01.o)
 .note          0x0000000000000e0c       0x74 third_party/psyq/lib\libgs.a(2d_sp0.o)
 .note          0x0000000000000e80       0x74 third_party/psyq/lib\libgs.a(global.o)
 .note          0x0000000000000ef4       0x74 third_party/psyq/lib\libgs.a(gs_001.o)
 .note          0x0000000000000f68       0x74 third_party/psyq/lib\libgs.a(gs_0021.o)
 .note          0x0000000000000fdc       0x74 third_party/psyq/lib\libgs.a(gs_0022.o)
 .note          0x0000000000001050       0x74 third_party/psyq/lib\libgs.a(gs_003.o)
 .note          0x00000000000010c4       0x74 third_party/psyq/lib\libgs.a(gs_010.o)
 .note          0x0000000000001138       0x74 third_party/psyq/lib\libgs.a(gs_103.o)
 .note          0x00000000000011ac       0x74 third_party/psyq/lib\libgs.a(gs_104.o)
 .note          0x0000000000001220       0x74 third_party/psyq/lib\libgs.a(gs_107.o)
 .note          0x0000000000001294       0x74 third_party/psyq/lib\libgs.a(gs_111.o)
 .note          0x0000000000001308       0x74 third_party/psyq/lib\libgs.a(gs_113.o)
 .note          0x000000000000137c       0x74 third_party/psyq/lib\libgs.a(gs_121.o)
 .note          0x00000000000013f0       0x74 third_party/psyq/lib\libgs.a(gs_122.o)
 .note          0x0000000000001464       0x74 third_party/psyq/lib\libgs.a(gs_124.o)
 .note          0x00000000000014d8       0x74 third_party/psyq/lib\libgs.a(gs_128.o)
 .note          0x000000000000154c       0x74 third_party/psyq/lib\libgs.a(2d_com1.o)
 .note          0x00000000000015c0       0x74 third_party/psyq/lib\libgte.a(cmb_00.o)
 .note          0x0000000000001634       0x74 third_party/psyq/lib\libgte.a(fgo_01.o)
 .note          0x00000000000016a8       0x74 third_party/psyq/lib\libgte.a(msc00.o)
 .note          0x000000000000171c       0x74 third_party/psyq/lib\libgte.a(msc01.o)
 .note          0x0000000000001790       0x74 third_party/psyq/lib\libgte.a(mtx_07.o)
 .note          0x0000000000001804       0x74 third_party/psyq/lib\libgte.a(mtx_08.o)
 .note          0x0000000000001878       0x74 third_party/psyq/lib\libgte.a(mtx_09.o)
 .note          0x00000000000018ec       0x74 third_party/psyq/lib\libgte.a(mtx_11.o)
 .note          0x0000000000001960       0x74 third_party/psyq/lib\libgte.a(mtx_12.o)
 .note          0x00000000000019d4       0x74 third_party/psyq/lib\libgte.a(patchgte.o)
 .note          0x0000000000001a48       0x74 third_party/psyq/lib\libgte.a(reg09.o)
 .note          0x0000000000001abc       0x74 third_party/psyq/lib\libgte.a(reg11.o)
 .note          0x0000000000001b30       0x74 third_party/psyq/lib\libgte.a(reg12.o)
 .note          0x0000000000001ba4       0x74 third_party/psyq/lib\libgte.a(sqrtbl.o)
 .note          0x0000000000001c18       0x74 third_party/psyq/lib\libgte.a(cstbl.o)
 .note          0x0000000000001c8c       0x74 third_party/psyq/lib\libspu.a(s_gca.o)
 .note          0x0000000000001d00       0x74 third_party/psyq/lib\libspu.a(s_i.o)
 .note          0x0000000000001d74       0x74 third_party/psyq/lib\libspu.a(s_ini.o)
 .note          0x0000000000001de8       0x74 third_party/psyq/lib\libspu.a(s_m.o)
 .note          0x0000000000001e5c       0x74 third_party/psyq/lib\libspu.a(s_rmp0.o)
 .note          0x0000000000001ed0       0x74 third_party/psyq/lib\libspu.a(s_sccm.o)
 .note          0x0000000000001f44       0x74 third_party/psyq/lib\libspu.a(s_sccr.o)
 .note          0x0000000000001fb8       0x74 third_party/psyq/lib\libspu.a(s_sccv.o)
 .note          0x000000000000202c       0x74 third_party/psyq/lib\libspu.a(s_scmv.o)
 .note          0x00000000000020a0       0x74 third_party/psyq/lib\libspu.a(spu.o)
 .note          0x0000000000002114       0x74 third_party/psyq/lib\libspu.a(s_dcb.o)
 .note          0x0000000000002188       0x74 third_party/psyq/lib\libapi.a(a07.o)
 .note          0x00000000000021fc       0x74 third_party/psyq/lib\libapi.a(a08.o)
 .note          0x0000000000002270       0x74 third_party/psyq/lib\libapi.a(a12.o)
 .note          0x00000000000022e4       0x74 third_party/psyq/lib\libapi.a(a22.o)
 .note          0x0000000000002358       0x74 third_party/psyq/lib\libapi.a(a23.o)
 .note          0x00000000000023cc       0x74 third_party/psyq/lib\libapi.a(a24.o)
 .note          0x0000000000002440       0x74 third_party/psyq/lib\libapi.a(a25.o)
 .note          0x00000000000024b4       0x74 third_party/psyq/lib\libapi.a(a36.o)
 .note          0x0000000000002528       0x74 third_party/psyq/lib\libapi.a(a37.o)
 .note          0x000000000000259c       0x74 third_party/psyq/lib\libapi.a(a91.o)
 .note          0x0000000000002610       0x74 third_party/psyq/lib\libapi.a(c114.o)
 .note          0x0000000000002684       0x74 third_party/psyq/lib\libapi.a(c68.o)
 .note          0x00000000000026f8       0x74 third_party/psyq/lib\libapi.a(c73.o)
 .note          0x000000000000276c       0x74 third_party/psyq/lib\libapi.a(l10.o)
 .note          0x00000000000027e0       0x74 third_party/psyq/lib\libapi.a(pad.o)
 .note          0x0000000000002854       0x74 third_party/psyq/lib\libapi.a(patch.o)
 .note          0x00000000000028c8       0x74 third_party/psyq/lib\libapi.a(a18.o)
 .note          0x000000000000293c       0x74 third_party/psyq/lib\libapi.a(a19.o)
 .note          0x00000000000029b0       0x74 third_party/psyq/lib\libapi.a(a21.o)
 .note          0x0000000000002a24       0x74 third_party/psyq/lib\libapi.a(chclrpad.o)
 .note          0x0000000000002a98       0x74 third_party/psyq/lib\libapi.a(l02.o)
 .note          0x0000000000002b0c       0x74 third_party/psyq/lib\libapi.a(l03.o)
 .note          0x0000000000002b80       0x74 third_party/psyq/lib\libc.a(a63.o)
 .note          0x0000000000002bf4       0x74 third_party/psyq/lib\libc.a(c19.o)
 .note          0x0000000000002c68       0x74 third_party/psyq/lib\libc.a(c27.o)
 .note          0x0000000000002cdc       0x74 third_party/psyq/lib\libc.a(c42.o)
 .note          0x0000000000002d50       0x74 third_party/psyq/lib\libc.a(c43.o)

.debug_line     0x0000000000000000     0x127a
 .debug_line    0x0000000000000000       0x5b third_party/nugget/common/crt0/crt0.o
 .debug_line    0x000000000000005b      0xc4c main.o
 .debug_line    0x0000000000000ca7      0x5d3 tools.o

.debug_line_str
                0x0000000000000000       0x26
 .debug_line_str
                0x0000000000000000       0x26 third_party/nugget/common/crt0/crt0.o
                                         0x4c (size before relaxing)

.debug_info     0x0000000000000000     0x269e
 .debug_info    0x0000000000000000       0x24 third_party/nugget/common/crt0/crt0.o
 .debug_info    0x0000000000000024     0x1c49 main.o
 .debug_info    0x0000000000001c6d      0xa31 tools.o

.debug_abbrev   0x0000000000000000      0x72b
 .debug_abbrev  0x0000000000000000       0x14 third_party/nugget/common/crt0/crt0.o
 .debug_abbrev  0x0000000000000014      0x3db main.o
 .debug_abbrev  0x00000000000003ef      0x33c tools.o

.debug_aranges  0x0000000000000000       0xf0
 .debug_aranges
                0x0000000000000000       0x20 third_party/nugget/common/crt0/crt0.o
 .debug_aranges
                0x0000000000000020       0x70 main.o
 .debug_aranges
                0x0000000000000090       0x60 tools.o

.debug_str      0x0000000000000000      0x95e
 .debug_str     0x0000000000000000       0x3b third_party/nugget/common/crt0/crt0.o
 .debug_str     0x000000000000003b      0x846 main.o
                                        0x8bb (size before relaxing)
 .debug_str     0x0000000000000881       0xdd tools.o
                                        0x43c (size before relaxing)

.debug_loclists
                0x0000000000000000      0x701
 .debug_loclists
                0x0000000000000000      0x49d main.o
 .debug_loclists
                0x000000000000049d      0x264 tools.o

.debug_rnglists
                0x0000000000000000      0x167
 .debug_rnglists
                0x0000000000000000       0xf8 main.o
 .debug_rnglists
                0x00000000000000f8       0x6f tools.o

.debug_frame    0x0000000000000000      0x368
 .debug_frame   0x0000000000000000      0x1fc main.o
 .debug_frame   0x00000000000001fc      0x16c tools.o
