Archive member included to satisfy reference by file (symbol)

third_party/psyq/lib\libapi.a(counter.o)
                              tools.o (GetRCnt)
third_party/psyq/lib\libc.a(c47.o)
                              tools.o (rand)
third_party/psyq/lib\libc.a(c48.o)
                              tools.o (srand)
third_party/psyq/lib\libc.a(c63.o)
                              main.o (printf)
third_party/psyq/lib\libcd.a(cdplay.o)
                              main.o (CdPlay)
third_party/psyq/lib\libcd.a(event.o)
                              main.o (CdInit)
third_party/psyq/lib\libcd.a(s_011.o)
                              third_party/psyq/lib\libcd.a(cdplay.o) (CdIntstr)
third_party/psyq/lib\libcd.a(s_012.o)
                              third_party/psyq/lib\libcd.a(cdplay.o) (CdSync)
third_party/psyq/lib\libcd.a(s_015.o)
                              third_party/psyq/lib\libcd.a(cdplay.o) (CdReadyCallback)
third_party/psyq/lib\libcd.a(s_016.o)
                              third_party/psyq/lib\libcd.a(cdplay.o) (CdControl)
third_party/psyq/lib\libcd.a(toc.o)
                              tools.o (CdGetToc)
third_party/psyq/lib\libcd.a(bios_1.o)
                              third_party/psyq/lib\libcd.a(event.o) (CD_cbready)
third_party/psyq/lib\libcd.a(s_014.o)
                              third_party/psyq/lib\libcd.a(toc.o) (CdSyncCallback)
third_party/psyq/lib\libetc.a(intr.o)
                              third_party/psyq/lib\libcd.a(bios_1.o) (CheckCallback)
third_party/psyq/lib\libetc.a(intr_dma.o)
                              third_party/psyq/lib\libetc.a(intr.o) (startIntrDMA)
third_party/psyq/lib\libetc.a(intr_vb.o)
                              third_party/psyq/lib\libetc.a(intr.o) (startIntrVSync)
third_party/psyq/lib\libetc.a(pad.o)
                              main.o (PadRead)
third_party/psyq/lib\libetc.a(vmode.o)
                              main.o (SetVideoMode)
third_party/psyq/lib\libetc.a(vsync.o)
                              main.o (VSync)
third_party/psyq/lib\libgpu.a(font.o)
                              main.o (FntFlush)
third_party/psyq/lib\libgpu.a(p00.o)
                              main.o (GetTPage)
third_party/psyq/lib\libgpu.a(p06.o)
                              third_party/psyq/lib\libgpu.a(font.o) (AddPrim)
third_party/psyq/lib\libgpu.a(p09.o)
                              third_party/psyq/lib\libgpu.a(font.o) (TermPrim)
third_party/psyq/lib\libgpu.a(p10.o)
                              third_party/psyq/lib\libgpu.a(font.o) (SetSemiTrans)
third_party/psyq/lib\libgpu.a(p20.o)
                              third_party/psyq/lib\libgpu.a(font.o) (SetSprt8)
third_party/psyq/lib\libgpu.a(p26.o)
                              third_party/psyq/lib\libgpu.a(font.o) (SetTile)
third_party/psyq/lib\libgpu.a(p41.o)
                              third_party/psyq/lib\libgpu.a(font.o) (SetDrawMode)
third_party/psyq/lib\libgpu.a(sys.o)
                              main.o (ClearImage2)
third_party/psyq/lib\libgpu.a(e00.o)
                              third_party/psyq/lib\libgpu.a(font.o) (LoadTPage)
third_party/psyq/lib\libgpu.a(e02.o)
                              third_party/psyq/lib\libgpu.a(font.o) (LoadClut2)
third_party/psyq/lib\libgpu.a(p01.o)
                              third_party/psyq/lib\libgpu.a(e02.o) (GetClut)
third_party/psyq/lib\libgs.a(2d_sp0.o)
                              main.o (GsSortSprite)
third_party/psyq/lib\libgs.a(global.o)
                              third_party/psyq/lib\libgs.a(2d_sp0.o) (GsOUT_PACKET_P)
third_party/psyq/lib\libgs.a(gs_001.o)
                              third_party/psyq/lib\libgs.a(2d_sp0.o) (GsORGOFSY)
third_party/psyq/lib\libgs.a(gs_0021.o)
                              main.o (GsGetActiveBuff)
third_party/psyq/lib\libgs.a(gs_0022.o)
                              third_party/psyq/lib\libgs.a(gs_001.o) (GsSetDrawBuffOffset)
third_party/psyq/lib\libgs.a(gs_003.o)
                              third_party/psyq/lib\libgs.a(gs_001.o) (GsSetDrawBuffClip)
third_party/psyq/lib\libgs.a(gs_010.o)
                              main.o (GsSwapDispBuff)
third_party/psyq/lib\libgs.a(gs_103.o)
                              main.o (GsDefDispBuff)
third_party/psyq/lib\libgs.a(gs_104.o)
                              third_party/psyq/lib\libgs.a(gs_001.o) (HWD0)
third_party/psyq/lib\libgs.a(gs_107.o)
                              third_party/psyq/lib\libgs.a(gs_001.o) (GsLIGHTWSMATRIX)
third_party/psyq/lib\libgs.a(gs_111.o)
                              main.o (GsDrawOt)
third_party/psyq/lib\libgs.a(gs_113.o)
                              main.o (GsClearOt)
third_party/psyq/lib\libgs.a(gs_121.o)
                              third_party/psyq/lib\libgs.a(gs_001.o) (gte_init)
third_party/psyq/lib\libgs.a(gs_122.o)
                              main.o (GsGetTimInfo)
third_party/psyq/lib\libgs.a(gs_124.o)
                              main.o (GsSetWorkBase)
third_party/psyq/lib\libgs.a(gs_128.o)
                              third_party/psyq/lib\libgs.a(2d_sp0.o) (GsIDMATRIX)
third_party/psyq/lib\libgs.a(2d_com1.o)
                              third_party/psyq/lib\libgs.a(2d_sp0.o) (_make_packet)
third_party/psyq/lib\libgte.a(cmb_00.o)
                              third_party/psyq/lib\libgs.a(2d_sp0.o) (RotTransPers4)
third_party/psyq/lib\libgte.a(fgo_01.o)
                              third_party/psyq/lib\libgs.a(2d_sp0.o) (RotMatrix)
third_party/psyq/lib\libgte.a(msc00.o)
                              third_party/psyq/lib\libgs.a(gs_121.o) (InitGeom)
third_party/psyq/lib\libgte.a(msc01.o)
                              third_party/psyq/lib\libgs.a(gs_107.o) (SquareRoot0)
third_party/psyq/lib\libgte.a(mtx_07.o)
                              third_party/psyq/lib\libgs.a(2d_sp0.o) (TransMatrix)
third_party/psyq/lib\libgte.a(mtx_08.o)
                              third_party/psyq/lib\libgs.a(2d_sp0.o) (ScaleMatrix)
third_party/psyq/lib\libgte.a(mtx_09.o)
                              third_party/psyq/lib\libgs.a(2d_sp0.o) (SetRotMatrix)
third_party/psyq/lib\libgte.a(mtx_11.o)
                              third_party/psyq/lib\libgs.a(gs_107.o) (SetColorMatrix)
third_party/psyq/lib\libgte.a(mtx_12.o)
                              third_party/psyq/lib\libgs.a(2d_sp0.o) (SetTransMatrix)
third_party/psyq/lib\libgte.a(patchgte.o)
                              third_party/psyq/lib\libgte.a(msc00.o) (_patch_gte)
third_party/psyq/lib\libgte.a(reg09.o)
                              third_party/psyq/lib\libgs.a(2d_sp0.o) (ReadGeomScreen)
third_party/psyq/lib\libgte.a(reg11.o)
                              third_party/psyq/lib\libgs.a(gs_121.o) (SetFarColor)
third_party/psyq/lib\libgte.a(reg12.o)
                              third_party/psyq/lib\libgs.a(gs_0022.o) (SetGeomOffset)
third_party/psyq/lib\libgte.a(sqrtbl.o)
                              third_party/psyq/lib\libgte.a(msc01.o) (SQRT)
third_party/psyq/lib\libgte.a(cstbl.o)
                              third_party/psyq/lib\libgte.a(fgo_01.o) (rcossin_tbl)
third_party/psyq/lib\libspu.a(s_gca.o)
                              main.o (SpuGetCommonAttr)
third_party/psyq/lib\libspu.a(s_i.o)
                              main.o (SpuInit)
third_party/psyq/lib\libspu.a(s_ini.o)
                              third_party/psyq/lib\libspu.a(s_i.o) (_SpuInit)
third_party/psyq/lib\libspu.a(s_m.o)
                              third_party/psyq/lib\libspu.a(s_ini.o) (_spu_memList)
third_party/psyq/lib\libspu.a(s_rmp0.o)
                              third_party/psyq/lib\libspu.a(s_ini.o) (_spu_rev_startaddr)
third_party/psyq/lib\libspu.a(s_sccm.o)
                              main.o (SpuSetCommonCDMix)
third_party/psyq/lib\libspu.a(s_sccr.o)
                              main.o (SpuSetCommonCDReverb)
third_party/psyq/lib\libspu.a(s_sccv.o)
                              main.o (SpuSetCommonCDVolume)
third_party/psyq/lib\libspu.a(s_scmv.o)
                              main.o (SpuSetCommonMasterVolume)
third_party/psyq/lib\libspu.a(spu.o)
                              third_party/psyq/lib\libspu.a(s_ini.o) (_spu_FiDMA)
third_party/psyq/lib\libspu.a(s_dcb.o)
                              third_party/psyq/lib\libspu.a(s_ini.o) (_SpuDataCallback)
third_party/psyq/lib\libapi.a(a07.o)
                              third_party/psyq/lib\libcd.a(event.o) (DeliverEvent)
third_party/psyq/lib\libapi.a(a08.o)
                              third_party/psyq/lib\libspu.a(s_ini.o) (OpenEvent)
third_party/psyq/lib\libapi.a(a12.o)
                              third_party/psyq/lib\libspu.a(s_ini.o) (EnableEvent)
third_party/psyq/lib\libapi.a(a22.o)
                              third_party/psyq/lib\libetc.a(pad.o) (PAD_dr)
third_party/psyq/lib\libapi.a(a23.o)
                              third_party/psyq/lib\libetc.a(intr.o) (ReturnFromException)
third_party/psyq/lib\libapi.a(a24.o)
                              third_party/psyq/lib\libetc.a(intr.o) (ResetEntryInt)
third_party/psyq/lib\libapi.a(a25.o)
                              third_party/psyq/lib\libetc.a(intr.o) (HookEntryInt)
third_party/psyq/lib\libapi.a(a36.o)
                              third_party/psyq/lib\libetc.a(intr.o) (EnterCriticalSection)
third_party/psyq/lib\libapi.a(a37.o)
                              third_party/psyq/lib\libetc.a(intr.o) (ExitCriticalSection)
third_party/psyq/lib\libapi.a(a91.o)
                              third_party/psyq/lib\libetc.a(intr.o) (ChangeClearPAD)
third_party/psyq/lib\libapi.a(c114.o)
                              third_party/psyq/lib\libetc.a(intr.o) (_96_remove)
third_party/psyq/lib\libapi.a(c68.o)
                              third_party/psyq/lib\libgte.a(patchgte.o) (FlushCache)
third_party/psyq/lib\libapi.a(c73.o)
                              third_party/psyq/lib\libgpu.a(sys.o) (GPU_cw)
third_party/psyq/lib\libapi.a(l10.o)
                              third_party/psyq/lib\libetc.a(intr.o) (ChangeClearRCnt)
third_party/psyq/lib\libapi.a(pad.o)
                              third_party/psyq/lib\libetc.a(pad.o) (PAD_init)
third_party/psyq/lib\libapi.a(patch.o)
                              third_party/psyq/lib\libapi.a(pad.o) (_patch_pad)
third_party/psyq/lib\libapi.a(a18.o)
                              third_party/psyq/lib\libapi.a(pad.o) (InitPAD2)
third_party/psyq/lib\libapi.a(a19.o)
                              third_party/psyq/lib\libapi.a(pad.o) (StartPAD2)
third_party/psyq/lib\libapi.a(a21.o)
                              third_party/psyq/lib\libapi.a(pad.o) (PAD_init2)
third_party/psyq/lib\libapi.a(chclrpad.o)
                              third_party/psyq/lib\libapi.a(pad.o) (_remove_ChgclrPAD)
third_party/psyq/lib\libapi.a(l02.o)
                              third_party/psyq/lib\libapi.a(pad.o) (SysEnqIntRP)
third_party/psyq/lib\libapi.a(l03.o)
                              third_party/psyq/lib\libapi.a(pad.o) (SysDeqIntRP)
third_party/psyq/lib\libc.a(a63.o)
                              third_party/psyq/lib\libcd.a(bios_1.o) (puts)
third_party/psyq/lib\libc.a(c19.o)
                              third_party/psyq/lib\libetc.a(intr.o) (setjmp)
third_party/psyq/lib\libc.a(c27.o)
                              third_party/psyq/lib\libgpu.a(font.o) (strlen)
third_party/psyq/lib\libc.a(c42.o)
                              third_party/psyq/lib\libgpu.a(sys.o) (memcpy)
third_party/psyq/lib\libc.a(c43.o)
                              third_party/psyq/lib\libgpu.a(font.o) (memset)

Discarded input sections

 .text          0x0000000000000000        0x0 third_party/nugget/common/crt0/crt0.o
 .bss           0x0000000000000000        0x0 third_party/nugget/common/crt0/crt0.o
 .MIPS.abiflags
                0x0000000000000000       0x18 third_party/nugget/common/crt0/crt0.o
 .text          0x0000000000000000        0x0 main.o
 .bss           0x0000000000000000        0x0 main.o
 .reginfo       0x0000000000000000       0x18 main.o
 .MIPS.abiflags
                0x0000000000000000       0x18 main.o
 .pdr           0x0000000000000000      0x160 main.o
 .sbss.balancePosition
                0x0000000000000000        0x4 main.o
 .sbss.cdInfoGetlocp
                0x0000000000000000        0x8 main.o
 .text          0x0000000000000000        0x0 tools.o
 .bss           0x0000000000000000        0x0 tools.o
 .reginfo       0x0000000000000000       0x18 tools.o
 .MIPS.abiflags
                0x0000000000000000       0x18 tools.o
 .pdr           0x0000000000000000      0x160 tools.o
 .text.drawTextAtPosition
                0x0000000000000000       0x74 tools.o
 .text          0x0000000000000000       0x80 third_party/psyq/lib\libgs.a(gs_104.o)
 .text          0x0000000000000000      0x570 third_party/psyq/lib\libgs.a(gs_107.o)
 .text          0x0000000000000000       0x90 third_party/psyq/lib\libgte.a(msc01.o)
 .text          0x0000000000000000       0x30 third_party/psyq/lib\libgte.a(mtx_11.o)

Memory Configuration

Name             Origin             Length             Attributes
loader           0x000000008000f800 0x0000000000000800
ram              0x0000000080010000 0x00000000001f0000 xrw
dcache           0x000000001f800000 0x0000000000000400
*default*        0x0000000000000000 0xffffffffffffffff

Linker script and memory map

LOAD third_party/nugget/common/crt0/crt0.o
LOAD main.o
LOAD tools.o
START GROUP
LOAD third_party/psyq/lib\libapi.a
LOAD third_party/psyq/lib\libc.a
LOAD third_party/psyq/lib\libc2.a
LOAD third_party/psyq/lib\libcard.a
LOAD third_party/psyq/lib\libcd.a
LOAD third_party/psyq/lib\libcomb.a
LOAD third_party/psyq/lib\libds.a
LOAD third_party/psyq/lib\libetc.a
LOAD third_party/psyq/lib\libgpu.a
LOAD third_party/psyq/lib\libgs.a
LOAD third_party/psyq/lib\libgte.a
LOAD third_party/psyq/lib\libgun.a
LOAD third_party/psyq/lib\libhmd.a
LOAD third_party/psyq/lib\libmath.a
LOAD third_party/psyq/lib\libmcrd.a
LOAD third_party/psyq/lib\libmcx.a
LOAD third_party/psyq/lib\libpad.a
LOAD third_party/psyq/lib\libpress.a
LOAD third_party/psyq/lib\libsio.a
LOAD third_party/psyq/lib\libsnd.a
LOAD third_party/psyq/lib\libspu.a
LOAD third_party/psyq/lib\libtap.a
END GROUP
                0x00000000800746e8                __heap_base = __bss_end
                0x0000000080010000                TLOAD_ADDR = DEFINED (TLOAD_ADDR)?TLOAD_ADDR:0x80010000
                0x0000000080200000                __ram_top = (ORIGIN (ram) + LENGTH (ram))
                0x00000000801fff00                __sp = (__ram_top - 0x100)
                0x000000001f800000                __dcache = ORIGIN (dcache)
                0x000000001f800400                __dcache_top = (ORIGIN (dcache) + LENGTH (dcache))
                0x00000000000066e8                __bss_len = (__bss_end - __bss_start)
                0x000000000000b740                __ftext_len = (__ftext_end - __ftext_start)
                0x00000000000528c0                __fdata_len = (__fdata_end - __fdata_start)
                0x0000000080200000                __stack_start = (ORIGIN (ram) + LENGTH (ram))

.PSX_EXE_Header
                0x000000008000f800      0x800
                0x000000008000f800        0x1 BYTE 0x50
                0x000000008000f801        0x1 BYTE 0x53
                0x000000008000f802        0x1 BYTE 0x2d
                0x000000008000f803        0x1 BYTE 0x58
                0x000000008000f804        0x1 BYTE 0x20
                0x000000008000f805        0x1 BYTE 0x45
                0x000000008000f806        0x1 BYTE 0x58
                0x000000008000f807        0x1 BYTE 0x45
                0x000000008000f808        0x4 LONG 0x0
                0x000000008000f80c        0x4 LONG 0x0
                0x000000008000f810        0x4 LONG 0x80010000 ABSOLUTE (_start)
                0x000000008000f814        0x4 LONG 0x0
                0x000000008000f818        0x4 LONG 0x80010000 TLOAD_ADDR
                0x000000008000f81c        0x4 LONG 0x5e000 (__ftext_len + __fdata_len)
                0x000000008000f820        0x4 LONG 0x0
                0x000000008000f824        0x4 LONG 0x0
                0x000000008000f828        0x4 LONG 0x0
                0x000000008000f82c        0x4 LONG 0x0
                0x000000008000f830        0x4 LONG 0x801fff00 DEFINED (_sp)?ABSOLUTE (_sp):0x801fff00
                0x000000008000f834        0x4 LONG 0x0
                0x0000000080010000                . = (. + 0x7c8)
 *fill*         0x000000008000f838      0x7c8 
                0x0000000080010000                __ftext_start = ABSOLUTE (.)

.text           0x0000000080010000     0xb740
 *(.start)
 .start         0x0000000080010000       0x64 third_party/nugget/common/crt0/crt0.o
                0x0000000080010000                _start
 *(.init)
 *(SORT_NONE(.fini))
 *(.text.unlikely .text.*_unlikely .text.unlikely.*)
 *(.text.exit .text.exit.*)
 *(.text.startup .text.startup.*)
 .text.startup.main
                0x0000000080010064       0x90 main.o
                0x0000000080010064                main
 *(.text.hot .text.hot.*)
 *(.text .stub .text.* .gnu.linkonce.t.*)
 .text.initSpu  0x00000000800100f4       0x9c main.o
                0x00000000800100f4                initSpu
 .text.initFont
                0x0000000080010190      0x128 main.o
                0x0000000080010190                initFont
 .text.clearVRAM
                0x00000000800102b8       0x50 main.o
                0x00000000800102b8                clearVRAM
 .text.initGraphics
                0x0000000080010308      0x128 main.o
                0x0000000080010308                initGraphics
 .text.initImage
                0x0000000080010430      0x148 main.o
                0x0000000080010430                initImage
 .text.display  0x0000000080010578      0x114 main.o
                0x0000000080010578                display
 .text.calculateCurrentTrackLength
                0x000000008001068c      0x200 main.o
                0x000000008001068c                calculateCurrentTrackLength
 .text.getTableOfContents
                0x000000008001088c      0x234 main.o
                0x000000008001088c                getTableOfContents
 .text.playerInformationLogic
                0x0000000080010ac0      0x2c4 main.o
                0x0000000080010ac0                playerInformationLogic
 .text.readControllerInput
                0x0000000080010d84      0x698 main.o
                0x0000000080010d84                readControllerInput
 .text.FntColor
                0x000000008001141c       0x74 tools.o
                0x000000008001141c                FntColor
 .text.bcdToDecimal
                0x0000000080011490       0x1c tools.o
                0x0000000080011490                bcdToDecimal
 .text.convertBcdValuesToDecimal
                0x00000000800114ac       0x5c tools.o
                0x00000000800114ac                convertBcdValuesToDecimal
 .text.isValueInArray
                0x0000000080011508       0x3c tools.o
                0x0000000080011508                isValueInArray
 .text.shuffleFunction
                0x0000000080011544      0x12c tools.o
                0x0000000080011544                shuffleFunction
 .text.balanceControl
                0x0000000080011670      0x1bc tools.o
                0x0000000080011670                balanceControl
 .text.selectCustomTracks
                0x000000008001182c      0x148 tools.o
                0x000000008001182c                selectCustomTracks
 .text.shuffleModeSelection
                0x0000000080011974      0x104 tools.o
                0x0000000080011974                shuffleModeSelection
 .text.convertToPercentage
                0x0000000080011a78       0x40 tools.o
                0x0000000080011a78                convertToPercentage
 .text.checkDriveLidStatus
                0x0000000080011ab8      0x1c8 tools.o
                0x0000000080011ab8                checkDriveLidStatus
 .text          0x0000000080011c80      0x170 third_party/psyq/lib\libapi.a(counter.o)
                0x0000000080011c80                SetRCnt
                0x0000000080011d1c                GetRCnt
                0x0000000080011d54                StartRCnt
                0x0000000080011d84                StopRCnt
                0x0000000080011db8                ResetRCnt
 .text          0x0000000080011df0       0x10 third_party/psyq/lib\libc.a(c47.o)
                0x0000000080011df0                rand
 .text          0x0000000080011e00       0x10 third_party/psyq/lib\libc.a(c48.o)
                0x0000000080011e00                srand
 .text          0x0000000080011e10       0x10 third_party/psyq/lib\libc.a(c63.o)
                0x0000000080011e10                printf
 .text          0x0000000080011e20      0x560 third_party/psyq/lib\libcd.a(cdplay.o)
                0x0000000080011e20                CdPlay
 .text          0x0000000080012380      0x150 third_party/psyq/lib\libcd.a(event.o)
                0x0000000080012380                CdInit
 .text          0x00000000800124d0       0x40 third_party/psyq/lib\libcd.a(s_011.o)
                0x00000000800124d0                CdIntstr
 .text          0x0000000080012510       0x20 third_party/psyq/lib\libcd.a(s_012.o)
                0x0000000080012510                CdSync
 .text          0x0000000080012530       0x20 third_party/psyq/lib\libcd.a(s_015.o)
                0x0000000080012530                CdReadyCallback
 .text          0x0000000080012550      0x3c0 third_party/psyq/lib\libcd.a(s_016.o)
                0x0000000080012550                CdControl
                0x000000008001268c                CdControlF
                0x00000000800127c0                CdControlB
 .text          0x0000000080012910      0x250 third_party/psyq/lib\libcd.a(toc.o)
                0x0000000080012910                CdGetToc
                0x0000000080012934                CdGetToc2
 .text          0x0000000080012b60     0x1580 third_party/psyq/lib\libcd.a(bios_1.o)
                0x00000000800130c4                CD_sync
                0x0000000080013344                CD_ready
                0x000000008001360c                CD_cw
                0x0000000080013a18                CD_vol
                0x0000000080013aa0                CD_flush
                0x0000000080013b74                CD_initvol
                0x0000000080013c64                CD_initintr
                0x0000000080013cb0                CD_init
                0x0000000080013e90                CD_datasync
                0x0000000080013ff8                CD_set_test_parmnum
 .text          0x00000000800140e0       0x20 third_party/psyq/lib\libcd.a(s_014.o)
                0x00000000800140e0                CdSyncCallback
 .text          0x0000000080014100      0x6c0 third_party/psyq/lib\libetc.a(intr.o)
                0x0000000080014100                ResetCallback
                0x0000000080014130                InterruptCallback
                0x0000000080014160                DMACallback
                0x0000000080014190                VSyncCallback
                0x00000000800141c4                VSyncCallbacks
                0x00000000800141f4                StopCallback
                0x0000000080014224                RestartCallback
                0x0000000080014254                CheckCallback
                0x0000000080014264                GetIntrMask
                0x000000008001427c                SetIntrMask
 .text          0x00000000800147c0      0x2a0 third_party/psyq/lib\libetc.a(intr_dma.o)
                0x00000000800147c0                startIntrDMA
 .text          0x0000000080014a60      0x120 third_party/psyq/lib\libetc.a(intr_vb.o)
                0x0000000080014a60                startIntrVSync
 .text          0x0000000080014b80       0x80 third_party/psyq/lib\libetc.a(pad.o)
                0x0000000080014b80                PadInit
                0x0000000080014bcc                PadRead
 .text          0x0000000080014c00       0x30 third_party/psyq/lib\libetc.a(vmode.o)
                0x0000000080014c00                SetVideoMode
                0x0000000080014c14                GetVideoMode
 .text          0x0000000080014c30      0x210 third_party/psyq/lib\libetc.a(vsync.o)
                0x0000000080014c30                VSync
 .text          0x0000000080014e40      0xa80 third_party/psyq/lib\libgpu.a(font.o)
                0x0000000080014e40                SetDumpFnt
                0x0000000080014e80                FntLoad
                0x0000000080014f20                FntOpen
                0x00000000800151dc                FntFlush
                0x00000000800154f8                FntPrint
 .text          0x00000000800158c0       0x40 third_party/psyq/lib\libgpu.a(p00.o)
                0x00000000800158c0                GetTPage
 .text          0x0000000080015900       0x40 third_party/psyq/lib\libgpu.a(p06.o)
                0x0000000080015900                AddPrim
 .text          0x0000000080015940       0x20 third_party/psyq/lib\libgpu.a(p09.o)
                0x0000000080015940                TermPrim
 .text          0x0000000080015960       0x30 third_party/psyq/lib\libgpu.a(p10.o)
                0x0000000080015960                SetSemiTrans
 .text          0x0000000080015990       0x20 third_party/psyq/lib\libgpu.a(p20.o)
                0x0000000080015990                SetSprt8
 .text          0x00000000800159b0       0x20 third_party/psyq/lib\libgpu.a(p26.o)
                0x00000000800159b0                SetTile
 .text          0x00000000800159d0       0xa0 third_party/psyq/lib\libgpu.a(p41.o)
                0x00000000800159d0                SetDrawMode
 .text          0x0000000080015a70     0x2f00 third_party/psyq/lib\libgpu.a(sys.o)
                0x0000000080015a70                ResetGraph
                0x0000000080015be4                SetGraphDebug
                0x0000000080015c40                SetGraphQueue
                0x0000000080015ce4                GetGraphDebug
                0x0000000080015cf4                DrawSyncCallback
                0x0000000080015d54                SetDispMask
                0x0000000080015dec                DrawSync
                0x0000000080015f70                ClearImage
                0x0000000080016000                ClearImage2
                0x0000000080016098                LoadImage
                0x00000000800160f8                StoreImage
                0x0000000080016158                MoveImage
                0x0000000080016210                ClearOTag
                0x00000000800162d8                ClearOTagR
                0x0000000080016384                DrawPrim
                0x00000000800163e0                DrawOTag
                0x0000000080016450                PutDrawEnv
                0x0000000080016510                DrawOTagEnv
                0x00000000800165e8                GetDrawEnv
                0x000000008001661c                PutDispEnv
                0x0000000080016b14                GetDispEnv
                0x0000000080016b48                GetODE
                0x0000000080016b78                SetDrawArea
                0x0000000080016bf8                SetDrawOffset
                0x0000000080016c38                SetDrawEnv
                0x0000000080018508                LoadImage2
                0x00000000800185f4                StoreImage2
                0x00000000800186e0                MoveImage2
                0x0000000080018824                DrawOTag2
                0x0000000080018920                _GPU_ResetCallback
 .text          0x0000000080018970       0xf0 third_party/psyq/lib\libgpu.a(e00.o)
                0x0000000080018970                LoadTPage
 .text          0x0000000080018a60       0x70 third_party/psyq/lib\libgpu.a(e02.o)
                0x0000000080018a60                LoadClut2
 .text          0x0000000080018ad0       0x20 third_party/psyq/lib\libgpu.a(p01.o)
                0x0000000080018ad0                GetClut
 .text          0x0000000080018af0      0x500 third_party/psyq/lib\libgs.a(2d_sp0.o)
                0x0000000080018af0                GsSortSprite
 .text          0x0000000080018ff0      0x550 third_party/psyq/lib\libgs.a(gs_001.o)
                0x0000000080018ff0                GsInitGraph
                0x0000000080019180                GsInitGraph2
                0x0000000080019408                GsSortClear
 .text          0x0000000080019540       0x10 third_party/psyq/lib\libgs.a(gs_0021.o)
                0x0000000080019540                GsGetActiveBuff
 .text          0x0000000080019550      0x110 third_party/psyq/lib\libgs.a(gs_0022.o)
                0x0000000080019550                GsSetDrawBuffOffset
 .text          0x0000000080019660       0x80 third_party/psyq/lib\libgs.a(gs_003.o)
                0x0000000080019660                GsSetDrawBuffClip
 .text          0x00000000800196e0       0xb0 third_party/psyq/lib\libgs.a(gs_010.o)
                0x00000000800196e0                GsSwapDispBuff
 .text          0x0000000080019790       0xa0 third_party/psyq/lib\libgs.a(gs_103.o)
                0x0000000080019790                GsDefDispBuff
 .text          0x0000000080019830       0x30 third_party/psyq/lib\libgs.a(gs_111.o)
                0x0000000080019830                GsDrawOt
 .text          0x0000000080019860       0x60 third_party/psyq/lib\libgs.a(gs_113.o)
                0x0000000080019860                GsClearOt
 .text          0x00000000800198c0       0x50 third_party/psyq/lib\libgs.a(gs_121.o)
                0x00000000800198c0                gte_init
 .text          0x0000000080019910       0xf0 third_party/psyq/lib\libgs.a(gs_122.o)
                0x0000000080019910                GsGetTimInfo
 .text          0x0000000080019a00       0x10 third_party/psyq/lib\libgs.a(gs_124.o)
                0x0000000080019a00                GsSetWorkBase
 .text          0x0000000080019a10       0xa0 third_party/psyq/lib\libgs.a(2d_com1.o)
                0x0000000080019a10                _make_packet
 .text          0x0000000080019ab0       0x80 third_party/psyq/lib\libgte.a(cmb_00.o)
                0x0000000080019ab0                RotTransPers4
 .text          0x0000000080019b30      0x290 third_party/psyq/lib\libgte.a(fgo_01.o)
                0x0000000080019b30                RotMatrix
 .text          0x0000000080019dc0       0x90 third_party/psyq/lib\libgte.a(msc00.o)
                0x0000000080019dc8                InitGeom
 .text          0x0000000080019e50       0x30 third_party/psyq/lib\libgte.a(mtx_07.o)
                0x0000000080019e50                TransMatrix
 .text          0x0000000080019e80      0x140 third_party/psyq/lib\libgte.a(mtx_08.o)
                0x0000000080019e80                ScaleMatrix
 .text          0x0000000080019fc0       0x30 third_party/psyq/lib\libgte.a(mtx_09.o)
                0x0000000080019fc0                SetRotMatrix
 .text          0x0000000080019ff0       0x20 third_party/psyq/lib\libgte.a(mtx_12.o)
                0x0000000080019ff0                SetTransMatrix
 .text          0x000000008001a010       0xe0 third_party/psyq/lib\libgte.a(patchgte.o)
                0x000000008001a010                _patch_gte
 .text          0x000000008001a0f0       0x10 third_party/psyq/lib\libgte.a(reg09.o)
                0x000000008001a0f0                ReadGeomScreen
 .text          0x000000008001a100       0x20 third_party/psyq/lib\libgte.a(reg11.o)
                0x000000008001a100                SetFarColor
 .text          0x000000008001a120       0x20 third_party/psyq/lib\libgte.a(reg12.o)
                0x000000008001a120                SetGeomOffset
 .text          0x000000008001a140      0x310 third_party/psyq/lib\libspu.a(s_gca.o)
                0x000000008001a140                SpuGetCommonAttr
 .text          0x000000008001a450       0x20 third_party/psyq/lib\libspu.a(s_i.o)
                0x000000008001a450                SpuInit
 .text          0x000000008001a470      0x160 third_party/psyq/lib\libspu.a(s_ini.o)
                0x000000008001a470                _SpuInit
                0x000000008001a558                SpuStart
 .text          0x000000008001a5d0       0x40 third_party/psyq/lib\libspu.a(s_sccm.o)
                0x000000008001a5d0                SpuSetCommonCDMix
 .text          0x000000008001a610       0x40 third_party/psyq/lib\libspu.a(s_sccr.o)
                0x000000008001a610                SpuSetCommonCDReverb
 .text          0x000000008001a650       0x20 third_party/psyq/lib\libspu.a(s_sccv.o)
                0x000000008001a650                SpuSetCommonCDVolume
 .text          0x000000008001a670       0x20 third_party/psyq/lib\libspu.a(s_scmv.o)
                0x000000008001a670                SpuSetCommonMasterVolume
 .text          0x000000008001a690      0xb40 third_party/psyq/lib\libspu.a(spu.o)
                0x000000008001a690                _spu_init
                0x000000008001aad0                _spu_FiDMA
                0x000000008001ab8c                _spu_Fr_
                0x000000008001ac34                _spu_t
                0x000000008001aeb4                _spu_Fw
                0x000000008001af38                _spu_Fr
                0x000000008001af9c                _spu_FsetRXX
                0x000000008001afe0                _spu_FsetRXXa
                0x000000008001b084                _spu_FgetRXXa
                0x000000008001b0c0                _spu_FsetPCR
                0x000000008001b168                _spu_Fw1ts
 .text          0x000000008001b1d0       0x30 third_party/psyq/lib\libspu.a(s_dcb.o)
                0x000000008001b1d0                _SpuDataCallback
 .text          0x000000008001b200       0x10 third_party/psyq/lib\libapi.a(a07.o)
                0x000000008001b200                DeliverEvent
 .text          0x000000008001b210       0x10 third_party/psyq/lib\libapi.a(a08.o)
                0x000000008001b210                OpenEvent
 .text          0x000000008001b220       0x10 third_party/psyq/lib\libapi.a(a12.o)
                0x000000008001b220                EnableEvent
 .text          0x000000008001b230       0x10 third_party/psyq/lib\libapi.a(a22.o)
                0x000000008001b230                PAD_dr
 .text          0x000000008001b240       0x10 third_party/psyq/lib\libapi.a(a23.o)
                0x000000008001b240                ReturnFromException
 .text          0x000000008001b250       0x10 third_party/psyq/lib\libapi.a(a24.o)
                0x000000008001b250                ResetEntryInt
 .text          0x000000008001b260       0x10 third_party/psyq/lib\libapi.a(a25.o)
                0x000000008001b260                HookEntryInt
 .text          0x000000008001b270       0x10 third_party/psyq/lib\libapi.a(a36.o)
                0x000000008001b270                EnterCriticalSection
 .text          0x000000008001b280       0x10 third_party/psyq/lib\libapi.a(a37.o)
                0x000000008001b280                ExitCriticalSection
 .text          0x000000008001b290       0x10 third_party/psyq/lib\libapi.a(a91.o)
                0x000000008001b290                ChangeClearPAD
 .text          0x000000008001b2a0       0x20 third_party/psyq/lib\libapi.a(c114.o)
                0x000000008001b2a8                _96_remove
 .text          0x000000008001b2c0       0x10 third_party/psyq/lib\libapi.a(c68.o)
                0x000000008001b2c0                FlushCache
 .text          0x000000008001b2d0       0x10 third_party/psyq/lib\libapi.a(c73.o)
                0x000000008001b2d0                GPU_cw
 .text          0x000000008001b2e0       0x10 third_party/psyq/lib\libapi.a(l10.o)
                0x000000008001b2e0                ChangeClearRCnt
 .text          0x000000008001b2f0      0x290 third_party/psyq/lib\libapi.a(pad.o)
                0x000000008001b2f0                SetInitPadFlag
                0x000000008001b2fc                ReadInitPadFlag
                0x000000008001b30c                PAD_init
                0x000000008001b39c                InitPAD
                0x000000008001b42c                StartPAD
 .text          0x000000008001b580       0xa0 third_party/psyq/lib\libapi.a(patch.o)
                0x000000008001b580                EnablePAD
                0x000000008001b594                DisablePAD
                0x000000008001b5a8                _patch_pad
 .text          0x000000008001b620       0x10 third_party/psyq/lib\libapi.a(a18.o)
                0x000000008001b620                InitPAD2
 .text          0x000000008001b630       0x10 third_party/psyq/lib\libapi.a(a19.o)
                0x000000008001b630                StartPAD2
 .text          0x000000008001b640       0x10 third_party/psyq/lib\libapi.a(a21.o)
                0x000000008001b640                PAD_init2
 .text          0x000000008001b650       0x70 third_party/psyq/lib\libapi.a(chclrpad.o)
                0x000000008001b650                _remove_ChgclrPAD
 .text          0x000000008001b6c0       0x10 third_party/psyq/lib\libapi.a(l02.o)
                0x000000008001b6c0                SysEnqIntRP
 .text          0x000000008001b6d0       0x10 third_party/psyq/lib\libapi.a(l03.o)
                0x000000008001b6d0                SysDeqIntRP
 .text          0x000000008001b6e0       0x20 third_party/psyq/lib\libc.a(a63.o)
                0x000000008001b6e8                puts
 .text          0x000000008001b700       0x10 third_party/psyq/lib\libc.a(c19.o)
                0x000000008001b700                setjmp
 .text          0x000000008001b710       0x10 third_party/psyq/lib\libc.a(c27.o)
                0x000000008001b710                strlen
 .text          0x000000008001b720       0x10 third_party/psyq/lib\libc.a(c42.o)
                0x000000008001b720                memcpy
 .text          0x000000008001b730       0x10 third_party/psyq/lib\libc.a(c43.o)
                0x000000008001b730                memset
                0x000000008001b740                . = ALIGN (0x10)
 *(.init)
                0x000000008001b740                . = ALIGN (0x10)
 *(.fini)
                0x000000008001b740                . = ALIGN (0x10)
                0x000000008001b740                __text_end = .
                0x000000008001b740                __ftext_end = ABSOLUTE (.)
                0x000000008001b740                __fdata_start = ABSOLUTE (.)

.rodata         0x000000008001b740      0xd30
 *(.rodata .rodata.* .rdata .rdata.* .gnu.linkonce.r.*)
 .rodata        0x000000008001b740       0x10 third_party/nugget/common/crt0/crt0.o
 .rodata.initSpu.str1.4
                0x000000008001b750       0x59 main.o
 *fill*         0x000000008001b7a9        0x3 
 .rodata.clearVRAM.str1.4
                0x000000008001b7ac        0xf main.o
 *fill*         0x000000008001b7bb        0x1 
 .rodata.initGraphics.str1.4
                0x000000008001b7bc       0xa7 main.o
 *fill*         0x000000008001b863        0x1 
 .rodata.calculateCurrentTrackLength.str1.4
                0x000000008001b864       0x47 main.o
 *fill*         0x000000008001b8ab        0x1 
 .rodata.getTableOfContents.str1.4
                0x000000008001b8ac       0x61 main.o
 *fill*         0x000000008001b90d        0x3 
 .rodata.playerInformationLogic.str1.4
                0x000000008001b910       0xf2 main.o
                                         0xf6 (size before relaxing)
 *fill*         0x000000008001ba02        0x2 
 .rodata.readControllerInput.str1.4
                0x000000008001ba04      0x1c0 main.o
 .rodata.shuffleFunction.str1.4
                0x000000008001bbc4       0x2a tools.o
                                         0x3a (size before relaxing)
 *fill*         0x000000008001bbee        0x2 
 .rodata.balanceControl.str1.4
                0x000000008001bbf0       0x22 tools.o
                                         0x2a (size before relaxing)
 *fill*         0x000000008001bc12        0x2 
 .rodata.selectCustomTracks.str1.4
                0x000000008001bc14       0x1f tools.o
                                         0x27 (size before relaxing)
 *fill*         0x000000008001bc33        0x1 
 .rodata.shuffleModeSelection.str1.4
                0x000000008001bc34       0x38 tools.o
                                         0x47 (size before relaxing)
 .rodata.checkDriveLidStatus.str1.4
                0x000000008001bc6c       0xaa tools.o
 *fill*         0x000000008001bd16        0x2 
 .rdata         0x000000008001bd18       0x90 third_party/psyq/lib\libcd.a(cdplay.o)
 .rdata         0x000000008001bda8       0x20 third_party/psyq/lib\libcd.a(event.o)
 .rdata         0x000000008001bdc8       0x10 third_party/psyq/lib\libcd.a(s_011.o)
 .rdata         0x000000008001bdd8       0x40 third_party/psyq/lib\libcd.a(toc.o)
 .rdata         0x000000008001be18      0x260 third_party/psyq/lib\libcd.a(bios_1.o)
 .rdata         0x000000008001c078       0x70 third_party/psyq/lib\libetc.a(intr.o)
 .rdata         0x000000008001c0e8       0x30 third_party/psyq/lib\libetc.a(intr_dma.o)
 .rdata         0x000000008001c118       0x10 third_party/psyq/lib\libetc.a(vsync.o)
 .rdata         0x000000008001c128       0xa0 third_party/psyq/lib\libgpu.a(font.o)
 .rdata         0x000000008001c1c8      0x220 third_party/psyq/lib\libgpu.a(sys.o)
 .rdata         0x000000008001c3e8       0x30 third_party/psyq/lib\libgs.a(2d_com1.o)
 .rdata         0x000000008001c418       0x50 third_party/psyq/lib\libspu.a(spu.o)
                0x000000008001c470                . = ALIGN (0x10)
 *fill*         0x000000008001c468        0x8 
                0x000000008001c470                __preinit_array_start = .
 *(.preinit_array)
                0x000000008001c470                __preinit_array_end = .
                0x000000008001c470                . = ALIGN (0x10)
                0x000000008001c470                __init_array_start = .
 *(SORT_BY_NAME(.init_array.*))
 *(.init_array)
                0x000000008001c470                . = ALIGN (0x10)
 *crtbegin.o(.ctors)
 *(EXCLUDE_FILE(*crtend.o) .ctors)
 *(SORT_BY_NAME(.ctors.*))
 *crtend.o(.ctors)
                0x000000008001c470                __init_array_end = .
                0x000000008001c470                . = ALIGN (0x10)
                0x000000008001c470                __fini_array_start = .
 *(.fini_array)
 *(SORT_BY_NAME(.fini_array.*))
 *crtbegin.o(.dtors)
 *(EXCLUDE_FILE(*crtend.o) .dtors)
 *(SORT_BY_NAME(.dtors.*))
 *crtend.o(.dtors)
                0x000000008001c470                __fini_array_end = .
                0x000000008001c470                __build_id = .
 *(.note.gnu.build-id)
                0x000000008001c470                __build_id_end = .

.rel.dyn        0x000000008001c470        0x0
 .rel.dyn       0x000000008001c470        0x0 third_party/psyq/lib\libgpu.a(sys.o)

.rodata1
 *(.rodata1)
                0x000000008001c470                __data_start = .

.data           0x000000008001c470    0x51b90
 *(.data .data.* .gnu.linkonce.d.*)
 .data          0x000000008001c470        0x0 third_party/nugget/common/crt0/crt0.o
 .data          0x000000008001c470        0x0 main.o
 .data.direction.4
                0x000000008001c470        0xc main.o
 .data.newVolumeLevelCd.8
                0x000000008001c47c        0x4 main.o
 .data.startBtnMenu
                0x000000008001c480    0x25814 main.o
                0x000000008001c480                startBtnMenu
 .data.background
                0x0000000080041c94    0x25814 main.o
                0x0000000080041c94                background
 .data          0x00000000800674a8        0x0 tools.o
 .data          0x00000000800674a8       0x20 third_party/psyq/lib\libapi.a(counter.o)
 .data          0x00000000800674c8      0x1b0 third_party/psyq/lib\libcd.a(cdplay.o)
 .data          0x0000000080067678       0x10 third_party/psyq/lib\libcd.a(event.o)
                0x0000000080067678                CD_cbread
                0x000000008006767c                CD_read_dma_mode
 .data          0x0000000080067688       0x80 third_party/psyq/lib\libcd.a(s_016.o)
 .data          0x0000000080067708      0x310 third_party/psyq/lib\libcd.a(bios_1.o)
                0x0000000080067710                CD_cbsync
                0x0000000080067714                CD_cbready
                0x0000000080067718                CD_debug
                0x000000008006771c                CD_status
                0x0000000080067720                CD_status1
                0x0000000080067724                CD_nopen
                0x0000000080067728                CD_pos
                0x000000008006772c                CD_mode
                0x000000008006772d                CD_com
                0x0000000080067730                DS_active
                0x0000000080067734                CD_comstr
                0x00000000800677b4                CD_intstr
 .data          0x0000000080067a18     0x1100 third_party/psyq/lib\libetc.a(intr.o)
 .data          0x0000000080068b18       0x30 third_party/psyq/lib\libetc.a(intr_dma.o)
 .data          0x0000000080068b48       0x30 third_party/psyq/lib\libetc.a(intr_vb.o)
                0x0000000080068b68                Vcount
 .data          0x0000000080068b78       0x10 third_party/psyq/lib\libetc.a(vmode.o)
 .data          0x0000000080068b88       0x20 third_party/psyq/lib\libetc.a(vsync.o)
                0x0000000080068b98                Hcount
 .data          0x0000000080068ba8      0xb90 third_party/psyq/lib\libgpu.a(font.o)
                0x0000000080068ba8                Font
 .data          0x0000000080069738      0x1a0 third_party/psyq/lib\libgpu.a(sys.o)
                0x0000000080069784                GPU_printf
                0x0000000080069788                GEnv
                0x00000000800698b0                _qin
                0x00000000800698b4                _qout
 .data          0x00000000800698d8       0x10 third_party/psyq/lib\libgs.a(global.o)
                0x00000000800698d8                GsADIVZ
                0x00000000800698dc                GsADIVW
                0x00000000800698de                GsADIVH
 .data          0x00000000800698e8       0x10 third_party/psyq/lib\libgs.a(gs_001.o)
 .data          0x00000000800698f8       0x10 third_party/psyq/lib\libgte.a(msc00.o)
 .data          0x0000000080069908      0x180 third_party/psyq/lib\libgte.a(sqrtbl.o)
                0x0000000080069908                SQRT
 .data          0x0000000080069a88     0x4000 third_party/psyq/lib\libgte.a(cstbl.o)
                0x0000000080069a88                rcossin_tbl
 .data          0x000000008006da88       0x80 third_party/psyq/lib\libspu.a(s_ini.o)
                0x000000008006da90                _spu_EVdma
                0x000000008006da94                _spu_keystat
                0x000000008006da98                _spu_trans_mode
                0x000000008006da9c                _spu_rev_flag
                0x000000008006daa0                _spu_rev_reserve_wa
                0x000000008006daa4                _spu_rev_offsetaddr
                0x000000008006daa8                _spu_rev_attr
                0x000000008006dabc                _spu_RQvoice
                0x000000008006dac0                _spu_RQmask
                0x000000008006dac4                _spu_voice_centerNote
                0x000000008006daf4                _spu_env
                0x000000008006daf8                _spu_isCalled
 .data          0x000000008006db08       0x10 third_party/psyq/lib\libspu.a(s_m.o)
                0x000000008006db08                _spu_AllocBlockNum
                0x000000008006db0c                _spu_AllocLastNum
                0x000000008006db10                _spu_memList
 .data          0x000000008006db18       0x30 third_party/psyq/lib\libspu.a(s_rmp0.o)
                0x000000008006db18                _spu_rev_startaddr
 .data          0x000000008006db48       0x60 third_party/psyq/lib\libspu.a(spu.o)
                0x000000008006db48                _spu_RXX
                0x000000008006db60                _spu_tsa
                0x000000008006db64                _spu_transMode
                0x000000008006db68                _spu_addrMode
                0x000000008006db6c                _spu_mem_mode
                0x000000008006db70                _spu_mem_mode_plus
                0x000000008006db74                _spu_mem_mode_unit
                0x000000008006db78                _spu_mem_mode_unitM
                0x000000008006db7c                _spu_inTransfer
                0x000000008006db80                _spu_transferCallback
                0x000000008006db84                _spu_IRQCallback
 .data          0x000000008006dba8       0x10 third_party/psyq/lib\libapi.a(pad.o)
 *(.data1)
 *(.sdata .sdata.* .gnu.linkonce.s.*)
 .sdata.flag    0x000000008006dbb8        0x6 main.o
                0x000000008006dbb8                flag
 *fill*         0x000000008006dbbe        0x2 50414444
 .sdata.__stacksize
                0x000000008006dbc0        0x4 main.o
                0x000000008006dbc0                __stacksize
 .sdata.__ramsize
                0x000000008006dbc4        0x4 main.o
                0x000000008006dbc4                __ramsize
 *(.sdata2 .sdata2.* .gnu.linkonce.s2.*)
 *(.got.plt)
 *(.got)
                0x000000008006e000                . = ALIGN (0x800)
 *fill*         0x000000008006dbc8      0x438 50414444
                0x000000008006e000                __data_end = .
                0x000000008006e000                __fdata_end = .
                0x000000008006e000                __bss_start = .

.sbss           0x000000008006e000     0x66e8
 *(.dynsbss)
 *(.sbss .sbss.* .gnu.linkonce.sb.*)
 .sbss.debounceTimer
                0x000000008006e000        0x4 main.o
                0x000000008006e000                debounceTimer
 .sbss.numTracks
                0x000000008006e004        0x4 main.o
                0x000000008006e004                numTracks
 .sbss.currentbuffer
                0x000000008006e008        0x4 main.o
                0x000000008006e008                currentbuffer
 .sbss.currentTrackTimeInSeconds
                0x000000008006e00c        0x4 main.o
                0x000000008006e00c                currentTrackTimeInSeconds
 .sbss.result   0x000000008006e010        0x8 main.o
                0x000000008006e010                result
 .sbss.fntColorBG
                0x000000008006e018        0x4 tools.o
                0x000000008006e018                fntColorBG
 .sbss.fntColor
                0x000000008006e01c        0x4 tools.o
                0x000000008006e01c                fntColor
 *(.scommon)
 *(.dynbss)
 *(.bss .bss.* .gnu.linkonce.b.*)
 .bss.oldTrack.0
                0x000000008006e020        0x1 main.o
 .bss.hasTrackChanged.1
                0x000000008006e021        0x1 main.o
 *fill*         0x000000008006e022        0x2 
 .bss.fontColours.5
                0x000000008006e024        0x3 main.o
 *fill*         0x000000008006e027        0x1 
 .bss.colorIndex.6
                0x000000008006e028        0x4 main.o
 .bss.pause.7   0x000000008006e02c        0x1 main.o
 *fill*         0x000000008006e02d        0x3 
 .bss.shuffledTracks
                0x000000008006e030      0x194 main.o
                0x000000008006e030                shuffledTracks
 .bss.decimalValues
                0x000000008006e1c4       0x20 main.o
                0x000000008006e1c4                decimalValues
 .bss.loc       0x000000008006e1e4      0x190 main.o
                0x000000008006e1e4                loc
 .bss.image1    0x000000008006e374       0x48 main.o
                0x000000008006e374                image1
 .bss.GPUOutputPacket
                0x000000008006e3bc      0x258 main.o
                0x000000008006e3bc                GPUOutputPacket
 .bss.OrderingTable
                0x000000008006e614       0x10 main.o
                0x000000008006e614                OrderingTable
 .bss.WorldOrderingTable
                0x000000008006e624       0x28 main.o
                0x000000008006e624                WorldOrderingTable
 *fill*         0x000000008006e64c        0x4 
 .bss           0x000000008006e650      0x1a0 third_party/psyq/lib\libcd.a(cdplay.o)
 .bss           0x000000008006e7f0       0x34 third_party/psyq/lib\libcd.a(bios_1.o)
                0x000000008006e820                StMode
 *fill*         0x000000008006e824        0x4 
 .bss           0x000000008006e828       0x14 third_party/psyq/lib\libetc.a(pad.o)
                0x000000008006e838                PadIdentifier
 *fill*         0x000000008006e83c        0x4 
 .bss           0x000000008006e840     0x4410 third_party/psyq/lib\libgpu.a(font.o)
 .bss           0x0000000080072c50     0x1850 third_party/psyq/lib\libgpu.a(sys.o)
                0x0000000080072ca0                _que
 .bss           0x00000000800744a0       0x54 third_party/psyq/lib\libgs.a(global.o)
                0x00000000800744a0                GsOUT_PACKET_P
                0x00000000800744a8                GsMATE_C
                0x00000000800744b0                GsLMODE
                0x00000000800744b8                GsLIGNR
                0x00000000800744c0                GsLIOFF
                0x00000000800744c8                GsZOVER
                0x00000000800744d0                GsBACKC
                0x00000000800744d8                GsNDIV
                0x00000000800744e0                GsTRATE
                0x00000000800744e8                GsTON
                0x00000000800744f0                GsDISPON
 *fill*         0x00000000800744f4        0x4 
 .bss           0x00000000800744f8       0xea third_party/psyq/lib\libgs.a(gs_001.o)
                0x0000000080074518                PSDIDX
                0x0000000080074520                GsDRAWENV
                0x0000000080074580                GsDISPENV
                0x0000000080074598                PSDGPU
                0x00000000800745a0                PSDBASEX
                0x00000000800745a8                PSDBASEY
                0x00000000800745b0                POSITION
                0x00000000800745b8                CLIP2
                0x00000000800745c0                PSDCNT
                0x00000000800745c8                PSDOFSX
                0x00000000800745d0                PSDOFSY
                0x00000000800745d8                GsORGOFSX
                0x00000000800745e0                GsORGOFSY
 *fill*         0x00000000800745e2        0x6 
 .bss           0x00000000800745e8       0x24 third_party/psyq/lib\libgs.a(gs_104.o)
                0x00000000800745e8                HWD0
                0x00000000800745f0                VWD0
                0x00000000800745f8                GsCLIP3near
                0x0000000080074600                GsLIGHT_MODE
                0x0000000080074608                GsCLIP3far
 *fill*         0x000000008007460c        0x4 
 .bss           0x0000000080074610       0x40 third_party/psyq/lib\libgs.a(gs_107.o)
                0x0000000080074610                GsLIGHTWSMATRIX
                0x0000000080074630                _LC
 .bss           0x0000000080074650       0x40 third_party/psyq/lib\libgs.a(gs_128.o)
                0x0000000080074650                GsIDMATRIX
                0x0000000080074670                GsIDMATRIX2
 .bss           0x0000000080074690       0x10 third_party/psyq/lib\libgte.a(patchgte.o)
 .bss           0x00000000800746a0       0x14 third_party/psyq/lib\libspu.a(spu.o)
                0x00000000800746a0                _spu_RQ
 *fill*         0x00000000800746b4        0x4 
 .bss           0x00000000800746b8       0x10 third_party/psyq/lib\libapi.a(pad.o)
                0x00000000800746b8                _apiPadPatch
 .bss           0x00000000800746c8       0x10 third_party/psyq/lib\libapi.a(patch.o)
 .bss           0x00000000800746d8       0x10 third_party/psyq/lib\libapi.a(chclrpad.o)
 *(COMMON)
                0x00000000800746e8                . = ALIGN (0x4)
                0x00000000800746e8                __bss_end = .
                0x00000000800746e8                __heap_start = __heap_base
                0x000000008000f800                . = (ADDR (.text) - 0x800)
                0x000000008000f800                __end = .

/DISCARD/
 *(.MIPS.abiflags)

/DISCARD/
 *(.rel.iplt)
 *(.rela.iplt)
 *(.rel.plt)
 *(.rela.plt)
 *(.plt)
 *(.iplt)

/DISCARD/
 *(.note.GNU-stack)
 *(.gnu_debuglink)
 *(.gnu.lto_*)

.scratchpad
 *(.scratchpad)
OUTPUT(fuckityfuckity.elf elf32-littlemips)

.reginfo        0x0000000000000000       0x18
 .reginfo       0x0000000000000000       0x18 third_party/nugget/common/crt0/crt0.o

.pdr            0x0000000000000000        0x0
 .pdr           0x0000000000000000        0x0 third_party/nugget/common/crt0/crt0.o

.gnu.attributes
                0x0000000000000000       0x10
 .gnu.attributes
                0x0000000000000000       0x10 third_party/nugget/common/crt0/crt0.o
 .gnu.attributes
                0x0000000000000010       0x10 main.o
 .gnu.attributes
                0x0000000000000020       0x10 tools.o

.mdebug.abi32   0x0000000000000000        0x0
 .mdebug.abi32  0x0000000000000000        0x0 main.o
 .mdebug.abi32  0x0000000000000000        0x0 tools.o

.comment        0x0000000000000000       0x12
 .comment       0x0000000000000000       0x12 main.o
                                         0x13 (size before relaxing)
 .comment       0x0000000000000012       0x13 tools.o

.note           0x0000000000000000     0x2dc4
 .note          0x0000000000000000       0x74 third_party/psyq/lib\libapi.a(counter.o)
 .note          0x0000000000000074       0x74 third_party/psyq/lib\libc.a(c47.o)
 .note          0x00000000000000e8       0x74 third_party/psyq/lib\libc.a(c48.o)
 .note          0x000000000000015c       0x74 third_party/psyq/lib\libc.a(c63.o)
 .note          0x00000000000001d0       0x74 third_party/psyq/lib\libcd.a(cdplay.o)
 .note          0x0000000000000244       0x74 third_party/psyq/lib\libcd.a(event.o)
 .note          0x00000000000002b8       0x74 third_party/psyq/lib\libcd.a(s_011.o)
 .note          0x000000000000032c       0x74 third_party/psyq/lib\libcd.a(s_012.o)
 .note          0x00000000000003a0       0x74 third_party/psyq/lib\libcd.a(s_015.o)
 .note          0x0000000000000414       0x74 third_party/psyq/lib\libcd.a(s_016.o)
 .note          0x0000000000000488       0x74 third_party/psyq/lib\libcd.a(toc.o)
 .note          0x00000000000004fc       0x74 third_party/psyq/lib\libcd.a(bios_1.o)
 .note          0x0000000000000570       0x74 third_party/psyq/lib\libcd.a(s_014.o)
 .note          0x00000000000005e4       0x74 third_party/psyq/lib\libetc.a(intr.o)
 .note          0x0000000000000658       0x74 third_party/psyq/lib\libetc.a(intr_dma.o)
 .note          0x00000000000006cc       0x74 third_party/psyq/lib\libetc.a(intr_vb.o)
 .note          0x0000000000000740       0x74 third_party/psyq/lib\libetc.a(pad.o)
 .note          0x00000000000007b4       0x74 third_party/psyq/lib\libetc.a(vmode.o)
 .note          0x0000000000000828       0x74 third_party/psyq/lib\libetc.a(vsync.o)
 .note          0x000000000000089c       0x74 third_party/psyq/lib\libgpu.a(font.o)
 .note          0x0000000000000910       0x74 third_party/psyq/lib\libgpu.a(p00.o)
 .note          0x0000000000000984       0x74 third_party/psyq/lib\libgpu.a(p06.o)
 .note          0x00000000000009f8       0x74 third_party/psyq/lib\libgpu.a(p09.o)
 .note          0x0000000000000a6c       0x74 third_party/psyq/lib\libgpu.a(p10.o)
 .note          0x0000000000000ae0       0x74 third_party/psyq/lib\libgpu.a(p20.o)
 .note          0x0000000000000b54       0x74 third_party/psyq/lib\libgpu.a(p26.o)
 .note          0x0000000000000bc8       0x74 third_party/psyq/lib\libgpu.a(p41.o)
 .note          0x0000000000000c3c       0x74 third_party/psyq/lib\libgpu.a(sys.o)
 .note          0x0000000000000cb0       0x74 third_party/psyq/lib\libgpu.a(e00.o)
 .note          0x0000000000000d24       0x74 third_party/psyq/lib\libgpu.a(e02.o)
 .note          0x0000000000000d98       0x74 third_party/psyq/lib\libgpu.a(p01.o)
 .note          0x0000000000000e0c       0x74 third_party/psyq/lib\libgs.a(2d_sp0.o)
 .note          0x0000000000000e80       0x74 third_party/psyq/lib\libgs.a(global.o)
 .note          0x0000000000000ef4       0x74 third_party/psyq/lib\libgs.a(gs_001.o)
 .note          0x0000000000000f68       0x74 third_party/psyq/lib\libgs.a(gs_0021.o)
 .note          0x0000000000000fdc       0x74 third_party/psyq/lib\libgs.a(gs_0022.o)
 .note          0x0000000000001050       0x74 third_party/psyq/lib\libgs.a(gs_003.o)
 .note          0x00000000000010c4       0x74 third_party/psyq/lib\libgs.a(gs_010.o)
 .note          0x0000000000001138       0x74 third_party/psyq/lib\libgs.a(gs_103.o)
 .note          0x00000000000011ac       0x74 third_party/psyq/lib\libgs.a(gs_104.o)
 .note          0x0000000000001220       0x74 third_party/psyq/lib\libgs.a(gs_107.o)
 .note          0x0000000000001294       0x74 third_party/psyq/lib\libgs.a(gs_111.o)
 .note          0x0000000000001308       0x74 third_party/psyq/lib\libgs.a(gs_113.o)
 .note          0x000000000000137c       0x74 third_party/psyq/lib\libgs.a(gs_121.o)
 .note          0x00000000000013f0       0x74 third_party/psyq/lib\libgs.a(gs_122.o)
 .note          0x0000000000001464       0x74 third_party/psyq/lib\libgs.a(gs_124.o)
 .note          0x00000000000014d8       0x74 third_party/psyq/lib\libgs.a(gs_128.o)
 .note          0x000000000000154c       0x74 third_party/psyq/lib\libgs.a(2d_com1.o)
 .note          0x00000000000015c0       0x74 third_party/psyq/lib\libgte.a(cmb_00.o)
 .note          0x0000000000001634       0x74 third_party/psyq/lib\libgte.a(fgo_01.o)
 .note          0x00000000000016a8       0x74 third_party/psyq/lib\libgte.a(msc00.o)
 .note          0x000000000000171c       0x74 third_party/psyq/lib\libgte.a(msc01.o)
 .note          0x0000000000001790       0x74 third_party/psyq/lib\libgte.a(mtx_07.o)
 .note          0x0000000000001804       0x74 third_party/psyq/lib\libgte.a(mtx_08.o)
 .note          0x0000000000001878       0x74 third_party/psyq/lib\libgte.a(mtx_09.o)
 .note          0x00000000000018ec       0x74 third_party/psyq/lib\libgte.a(mtx_11.o)
 .note          0x0000000000001960       0x74 third_party/psyq/lib\libgte.a(mtx_12.o)
 .note          0x00000000000019d4       0x74 third_party/psyq/lib\libgte.a(patchgte.o)
 .note          0x0000000000001a48       0x74 third_party/psyq/lib\libgte.a(reg09.o)
 .note          0x0000000000001abc       0x74 third_party/psyq/lib\libgte.a(reg11.o)
 .note          0x0000000000001b30       0x74 third_party/psyq/lib\libgte.a(reg12.o)
 .note          0x0000000000001ba4       0x74 third_party/psyq/lib\libgte.a(sqrtbl.o)
 .note          0x0000000000001c18       0x74 third_party/psyq/lib\libgte.a(cstbl.o)
 .note          0x0000000000001c8c       0x74 third_party/psyq/lib\libspu.a(s_gca.o)
 .note          0x0000000000001d00       0x74 third_party/psyq/lib\libspu.a(s_i.o)
 .note          0x0000000000001d74       0x74 third_party/psyq/lib\libspu.a(s_ini.o)
 .note          0x0000000000001de8       0x74 third_party/psyq/lib\libspu.a(s_m.o)
 .note          0x0000000000001e5c       0x74 third_party/psyq/lib\libspu.a(s_rmp0.o)
 .note          0x0000000000001ed0       0x74 third_party/psyq/lib\libspu.a(s_sccm.o)
 .note          0x0000000000001f44       0x74 third_party/psyq/lib\libspu.a(s_sccr.o)
 .note          0x0000000000001fb8       0x74 third_party/psyq/lib\libspu.a(s_sccv.o)
 .note          0x000000000000202c       0x74 third_party/psyq/lib\libspu.a(s_scmv.o)
 .note          0x00000000000020a0       0x74 third_party/psyq/lib\libspu.a(spu.o)
 .note          0x0000000000002114       0x74 third_party/psyq/lib\libspu.a(s_dcb.o)
 .note          0x0000000000002188       0x74 third_party/psyq/lib\libapi.a(a07.o)
 .note          0x00000000000021fc       0x74 third_party/psyq/lib\libapi.a(a08.o)
 .note          0x0000000000002270       0x74 third_party/psyq/lib\libapi.a(a12.o)
 .note          0x00000000000022e4       0x74 third_party/psyq/lib\libapi.a(a22.o)
 .note          0x0000000000002358       0x74 third_party/psyq/lib\libapi.a(a23.o)
 .note          0x00000000000023cc       0x74 third_party/psyq/lib\libapi.a(a24.o)
 .note          0x0000000000002440       0x74 third_party/psyq/lib\libapi.a(a25.o)
 .note          0x00000000000024b4       0x74 third_party/psyq/lib\libapi.a(a36.o)
 .note          0x0000000000002528       0x74 third_party/psyq/lib\libapi.a(a37.o)
 .note          0x000000000000259c       0x74 third_party/psyq/lib\libapi.a(a91.o)
 .note          0x0000000000002610       0x74 third_party/psyq/lib\libapi.a(c114.o)
 .note          0x0000000000002684       0x74 third_party/psyq/lib\libapi.a(c68.o)
 .note          0x00000000000026f8       0x74 third_party/psyq/lib\libapi.a(c73.o)
 .note          0x000000000000276c       0x74 third_party/psyq/lib\libapi.a(l10.o)
 .note          0x00000000000027e0       0x74 third_party/psyq/lib\libapi.a(pad.o)
 .note          0x0000000000002854       0x74 third_party/psyq/lib\libapi.a(patch.o)
 .note          0x00000000000028c8       0x74 third_party/psyq/lib\libapi.a(a18.o)
 .note          0x000000000000293c       0x74 third_party/psyq/lib\libapi.a(a19.o)
 .note          0x00000000000029b0       0x74 third_party/psyq/lib\libapi.a(a21.o)
 .note          0x0000000000002a24       0x74 third_party/psyq/lib\libapi.a(chclrpad.o)
 .note          0x0000000000002a98       0x74 third_party/psyq/lib\libapi.a(l02.o)
 .note          0x0000000000002b0c       0x74 third_party/psyq/lib\libapi.a(l03.o)
 .note          0x0000000000002b80       0x74 third_party/psyq/lib\libc.a(a63.o)
 .note          0x0000000000002bf4       0x74 third_party/psyq/lib\libc.a(c19.o)
 .note          0x0000000000002c68       0x74 third_party/psyq/lib\libc.a(c27.o)
 .note          0x0000000000002cdc       0x74 third_party/psyq/lib\libc.a(c42.o)
 .note          0x0000000000002d50       0x74 third_party/psyq/lib\libc.a(c43.o)

.debug_line     0x0000000000000000     0x1461
 .debug_line    0x0000000000000000       0x5b third_party/nugget/common/crt0/crt0.o
 .debug_line    0x000000000000005b      0xce3 main.o
 .debug_line    0x0000000000000d3e      0x723 tools.o

.debug_line_str
                0x0000000000000000       0x26
 .debug_line_str
                0x0000000000000000       0x26 third_party/nugget/common/crt0/crt0.o
                                         0x4c (size before relaxing)

.debug_info     0x0000000000000000     0x29af
 .debug_info    0x0000000000000000       0x24 third_party/nugget/common/crt0/crt0.o
 .debug_info    0x0000000000000024     0x1d6e main.o
 .debug_info    0x0000000000001d92      0xc1d tools.o

.debug_abbrev   0x0000000000000000      0x7ab
 .debug_abbrev  0x0000000000000000       0x14 third_party/nugget/common/crt0/crt0.o
 .debug_abbrev  0x0000000000000014      0x41f main.o
 .debug_abbrev  0x0000000000000433      0x378 tools.o

.debug_aranges  0x0000000000000000      0x100
 .debug_aranges
                0x0000000000000000       0x20 third_party/nugget/common/crt0/crt0.o
 .debug_aranges
                0x0000000000000020       0x70 main.o
 .debug_aranges
                0x0000000000000090       0x70 tools.o

.debug_str      0x0000000000000000      0x9f0
 .debug_str     0x0000000000000000       0x3b third_party/nugget/common/crt0/crt0.o
 .debug_str     0x000000000000003b      0x8c3 main.o
                                        0x938 (size before relaxing)
 .debug_str     0x00000000000008fe       0xf2 tools.o
                                        0x4ec (size before relaxing)

.debug_loclists
                0x0000000000000000      0x8e9
 .debug_loclists
                0x0000000000000000      0x56e main.o
 .debug_loclists
                0x000000000000056e      0x37b tools.o

.debug_rnglists
                0x0000000000000000      0x1bb
 .debug_rnglists
                0x0000000000000000      0x111 main.o
 .debug_rnglists
                0x0000000000000111       0xaa tools.o

.debug_frame    0x0000000000000000      0x3c0
 .debug_frame   0x0000000000000000      0x210 main.o
 .debug_frame   0x0000000000000210      0x1b0 tools.o
