Archive member included to satisfy reference by file (symbol)

third_party/psyq/lib\libapi.a(counter.o)
                              main.o (GetRCnt)
third_party/psyq/lib\libc.a(c47.o)
                              main.o (rand)
third_party/psyq/lib\libc.a(c48.o)
                              main.o (srand)
third_party/psyq/lib\libc.a(c63.o)
                              main.o (printf)
third_party/psyq/lib\libcd.a(cdplay.o)
                              main.o (CdPlay)
third_party/psyq/lib\libcd.a(event.o)
                              main.o (CdInit)
third_party/psyq/lib\libcd.a(s_011.o)
                              third_party/psyq/lib\libcd.a(cdplay.o) (CdIntstr)
third_party/psyq/lib\libcd.a(s_012.o)
                              third_party/psyq/lib\libcd.a(cdplay.o) (CdSync)
third_party/psyq/lib\libcd.a(s_015.o)
                              third_party/psyq/lib\libcd.a(cdplay.o) (CdReadyCallback)
third_party/psyq/lib\libcd.a(s_016.o)
                              third_party/psyq/lib\libcd.a(cdplay.o) (CdControl)
third_party/psyq/lib\libcd.a(toc.o)
                              tools.o (CdGetToc)
third_party/psyq/lib\libcd.a(bios_1.o)
                              third_party/psyq/lib\libcd.a(event.o) (CD_cbready)
third_party/psyq/lib\libcd.a(s_014.o)
                              third_party/psyq/lib\libcd.a(toc.o) (CdSyncCallback)
third_party/psyq/lib\libetc.a(intr.o)
                              third_party/psyq/lib\libcd.a(bios_1.o) (CheckCallback)
third_party/psyq/lib\libetc.a(intr_dma.o)
                              third_party/psyq/lib\libetc.a(intr.o) (startIntrDMA)
third_party/psyq/lib\libetc.a(intr_vb.o)
                              third_party/psyq/lib\libetc.a(intr.o) (startIntrVSync)
third_party/psyq/lib\libetc.a(pad.o)
                              main.o (PadRead)
third_party/psyq/lib\libetc.a(vmode.o)
                              main.o (SetVideoMode)
third_party/psyq/lib\libetc.a(vsync.o)
                              main.o (VSync)
third_party/psyq/lib\libgpu.a(font.o)
                              main.o (FntFlush)
third_party/psyq/lib\libgpu.a(p00.o)
                              main.o (GetTPage)
third_party/psyq/lib\libgpu.a(p06.o)
                              third_party/psyq/lib\libgpu.a(font.o) (AddPrim)
third_party/psyq/lib\libgpu.a(p09.o)
                              third_party/psyq/lib\libgpu.a(font.o) (TermPrim)
third_party/psyq/lib\libgpu.a(p10.o)
                              third_party/psyq/lib\libgpu.a(font.o) (SetSemiTrans)
third_party/psyq/lib\libgpu.a(p20.o)
                              third_party/psyq/lib\libgpu.a(font.o) (SetSprt8)
third_party/psyq/lib\libgpu.a(p26.o)
                              third_party/psyq/lib\libgpu.a(font.o) (SetTile)
third_party/psyq/lib\libgpu.a(p41.o)
                              third_party/psyq/lib\libgpu.a(font.o) (SetDrawMode)
third_party/psyq/lib\libgpu.a(sys.o)
                              main.o (ClearImage2)
third_party/psyq/lib\libgpu.a(e00.o)
                              third_party/psyq/lib\libgpu.a(font.o) (LoadTPage)
third_party/psyq/lib\libgpu.a(e02.o)
                              third_party/psyq/lib\libgpu.a(font.o) (LoadClut2)
third_party/psyq/lib\libgpu.a(p01.o)
                              third_party/psyq/lib\libgpu.a(e02.o) (GetClut)
third_party/psyq/lib\libgs.a(2d_sp0.o)
                              main.o (GsSortSprite)
third_party/psyq/lib\libgs.a(global.o)
                              third_party/psyq/lib\libgs.a(2d_sp0.o) (GsOUT_PACKET_P)
third_party/psyq/lib\libgs.a(gs_001.o)
                              third_party/psyq/lib\libgs.a(2d_sp0.o) (GsORGOFSY)
third_party/psyq/lib\libgs.a(gs_0021.o)
                              main.o (GsGetActiveBuff)
third_party/psyq/lib\libgs.a(gs_0022.o)
                              third_party/psyq/lib\libgs.a(gs_001.o) (GsSetDrawBuffOffset)
third_party/psyq/lib\libgs.a(gs_003.o)
                              third_party/psyq/lib\libgs.a(gs_001.o) (GsSetDrawBuffClip)
third_party/psyq/lib\libgs.a(gs_010.o)
                              main.o (GsSwapDispBuff)
third_party/psyq/lib\libgs.a(gs_103.o)
                              main.o (GsDefDispBuff)
third_party/psyq/lib\libgs.a(gs_104.o)
                              third_party/psyq/lib\libgs.a(gs_001.o) (HWD0)
third_party/psyq/lib\libgs.a(gs_107.o)
                              third_party/psyq/lib\libgs.a(gs_001.o) (GsLIGHTWSMATRIX)
third_party/psyq/lib\libgs.a(gs_111.o)
                              main.o (GsDrawOt)
third_party/psyq/lib\libgs.a(gs_113.o)
                              main.o (GsClearOt)
third_party/psyq/lib\libgs.a(gs_121.o)
                              third_party/psyq/lib\libgs.a(gs_001.o) (gte_init)
third_party/psyq/lib\libgs.a(gs_122.o)
                              main.o (GsGetTimInfo)
third_party/psyq/lib\libgs.a(gs_124.o)
                              main.o (GsSetWorkBase)
third_party/psyq/lib\libgs.a(gs_128.o)
                              third_party/psyq/lib\libgs.a(2d_sp0.o) (GsIDMATRIX)
third_party/psyq/lib\libgs.a(2d_com1.o)
                              third_party/psyq/lib\libgs.a(2d_sp0.o) (_make_packet)
third_party/psyq/lib\libgte.a(cmb_00.o)
                              third_party/psyq/lib\libgs.a(2d_sp0.o) (RotTransPers4)
third_party/psyq/lib\libgte.a(fgo_01.o)
                              third_party/psyq/lib\libgs.a(2d_sp0.o) (RotMatrix)
third_party/psyq/lib\libgte.a(msc00.o)
                              third_party/psyq/lib\libgs.a(gs_121.o) (InitGeom)
third_party/psyq/lib\libgte.a(msc01.o)
                              third_party/psyq/lib\libgs.a(gs_107.o) (SquareRoot0)
third_party/psyq/lib\libgte.a(mtx_07.o)
                              third_party/psyq/lib\libgs.a(2d_sp0.o) (TransMatrix)
third_party/psyq/lib\libgte.a(mtx_08.o)
                              third_party/psyq/lib\libgs.a(2d_sp0.o) (ScaleMatrix)
third_party/psyq/lib\libgte.a(mtx_09.o)
                              third_party/psyq/lib\libgs.a(2d_sp0.o) (SetRotMatrix)
third_party/psyq/lib\libgte.a(mtx_11.o)
                              third_party/psyq/lib\libgs.a(gs_107.o) (SetColorMatrix)
third_party/psyq/lib\libgte.a(mtx_12.o)
                              third_party/psyq/lib\libgs.a(2d_sp0.o) (SetTransMatrix)
third_party/psyq/lib\libgte.a(patchgte.o)
                              third_party/psyq/lib\libgte.a(msc00.o) (_patch_gte)
third_party/psyq/lib\libgte.a(reg09.o)
                              third_party/psyq/lib\libgs.a(2d_sp0.o) (ReadGeomScreen)
third_party/psyq/lib\libgte.a(reg11.o)
                              third_party/psyq/lib\libgs.a(gs_121.o) (SetFarColor)
third_party/psyq/lib\libgte.a(reg12.o)
                              third_party/psyq/lib\libgs.a(gs_0022.o) (SetGeomOffset)
third_party/psyq/lib\libgte.a(sqrtbl.o)
                              third_party/psyq/lib\libgte.a(msc01.o) (SQRT)
third_party/psyq/lib\libgte.a(cstbl.o)
                              third_party/psyq/lib\libgte.a(fgo_01.o) (rcossin_tbl)
third_party/psyq/lib\libspu.a(s_gca.o)
                              main.o (SpuGetCommonAttr)
third_party/psyq/lib\libspu.a(s_i.o)
                              main.o (SpuInit)
third_party/psyq/lib\libspu.a(s_ini.o)
                              third_party/psyq/lib\libspu.a(s_i.o) (_SpuInit)
third_party/psyq/lib\libspu.a(s_m.o)
                              third_party/psyq/lib\libspu.a(s_ini.o) (_spu_memList)
third_party/psyq/lib\libspu.a(s_rmp0.o)
                              third_party/psyq/lib\libspu.a(s_ini.o) (_spu_rev_startaddr)
third_party/psyq/lib\libspu.a(s_sccm.o)
                              main.o (SpuSetCommonCDMix)
third_party/psyq/lib\libspu.a(s_sccv.o)
                              main.o (SpuSetCommonCDVolume)
third_party/psyq/lib\libspu.a(s_scmv.o)
                              main.o (SpuSetCommonMasterVolume)
third_party/psyq/lib\libspu.a(spu.o)
                              third_party/psyq/lib\libspu.a(s_ini.o) (_spu_FiDMA)
third_party/psyq/lib\libspu.a(s_dcb.o)
                              third_party/psyq/lib\libspu.a(s_ini.o) (_SpuDataCallback)
third_party/psyq/lib\libapi.a(a07.o)
                              third_party/psyq/lib\libcd.a(event.o) (DeliverEvent)
third_party/psyq/lib\libapi.a(a08.o)
                              third_party/psyq/lib\libspu.a(s_ini.o) (OpenEvent)
third_party/psyq/lib\libapi.a(a12.o)
                              third_party/psyq/lib\libspu.a(s_ini.o) (EnableEvent)
third_party/psyq/lib\libapi.a(a22.o)
                              third_party/psyq/lib\libetc.a(pad.o) (PAD_dr)
third_party/psyq/lib\libapi.a(a23.o)
                              third_party/psyq/lib\libetc.a(intr.o) (ReturnFromException)
third_party/psyq/lib\libapi.a(a24.o)
                              third_party/psyq/lib\libetc.a(intr.o) (ResetEntryInt)
third_party/psyq/lib\libapi.a(a25.o)
                              third_party/psyq/lib\libetc.a(intr.o) (HookEntryInt)
third_party/psyq/lib\libapi.a(a36.o)
                              third_party/psyq/lib\libetc.a(intr.o) (EnterCriticalSection)
third_party/psyq/lib\libapi.a(a37.o)
                              third_party/psyq/lib\libetc.a(intr.o) (ExitCriticalSection)
third_party/psyq/lib\libapi.a(a91.o)
                              third_party/psyq/lib\libetc.a(intr.o) (ChangeClearPAD)
third_party/psyq/lib\libapi.a(c114.o)
                              third_party/psyq/lib\libetc.a(intr.o) (_96_remove)
third_party/psyq/lib\libapi.a(c68.o)
                              third_party/psyq/lib\libgte.a(patchgte.o) (FlushCache)
third_party/psyq/lib\libapi.a(c73.o)
                              third_party/psyq/lib\libgpu.a(sys.o) (GPU_cw)
third_party/psyq/lib\libapi.a(l10.o)
                              third_party/psyq/lib\libetc.a(intr.o) (ChangeClearRCnt)
third_party/psyq/lib\libapi.a(pad.o)
                              third_party/psyq/lib\libetc.a(pad.o) (PAD_init)
third_party/psyq/lib\libapi.a(patch.o)
                              third_party/psyq/lib\libapi.a(pad.o) (_patch_pad)
third_party/psyq/lib\libapi.a(a18.o)
                              third_party/psyq/lib\libapi.a(pad.o) (InitPAD2)
third_party/psyq/lib\libapi.a(a19.o)
                              third_party/psyq/lib\libapi.a(pad.o) (StartPAD2)
third_party/psyq/lib\libapi.a(a21.o)
                              third_party/psyq/lib\libapi.a(pad.o) (PAD_init2)
third_party/psyq/lib\libapi.a(chclrpad.o)
                              third_party/psyq/lib\libapi.a(pad.o) (_remove_ChgclrPAD)
third_party/psyq/lib\libapi.a(l02.o)
                              third_party/psyq/lib\libapi.a(pad.o) (SysEnqIntRP)
third_party/psyq/lib\libapi.a(l03.o)
                              third_party/psyq/lib\libapi.a(pad.o) (SysDeqIntRP)
third_party/psyq/lib\libc.a(a63.o)
                              third_party/psyq/lib\libcd.a(bios_1.o) (puts)
third_party/psyq/lib\libc.a(c19.o)
                              third_party/psyq/lib\libetc.a(intr.o) (setjmp)
third_party/psyq/lib\libc.a(c27.o)
                              third_party/psyq/lib\libgpu.a(font.o) (strlen)
third_party/psyq/lib\libc.a(c42.o)
                              third_party/psyq/lib\libgpu.a(sys.o) (memcpy)
third_party/psyq/lib\libc.a(c43.o)
                              third_party/psyq/lib\libgpu.a(font.o) (memset)

Discarded input sections

 .text          0x0000000000000000        0x0 third_party/nugget/common/crt0/crt0.o
 .bss           0x0000000000000000        0x0 third_party/nugget/common/crt0/crt0.o
 .MIPS.abiflags
                0x0000000000000000       0x18 third_party/nugget/common/crt0/crt0.o
 .text          0x0000000000000000        0x0 main.o
 .bss           0x0000000000000000        0x0 main.o
 .reginfo       0x0000000000000000       0x18 main.o
 .MIPS.abiflags
                0x0000000000000000       0x18 main.o
 .pdr           0x0000000000000000      0x180 main.o
 .sbss.image1_addr
                0x0000000000000000        0x4 main.o
 .sbss.cdInfoGetlocp
                0x0000000000000000        0x8 main.o
 .text          0x0000000000000000        0x0 tools.o
 .bss           0x0000000000000000        0x0 tools.o
 .reginfo       0x0000000000000000       0x18 tools.o
 .MIPS.abiflags
                0x0000000000000000       0x18 tools.o
 .pdr           0x0000000000000000       0xc0 tools.o
 .text.drawTextAtPosition
                0x0000000000000000       0x74 tools.o
 .text          0x0000000000000000       0x80 third_party/psyq/lib\libgs.a(gs_104.o)
 .text          0x0000000000000000      0x570 third_party/psyq/lib\libgs.a(gs_107.o)
 .text          0x0000000000000000       0x90 third_party/psyq/lib\libgte.a(msc01.o)
 .text          0x0000000000000000       0x30 third_party/psyq/lib\libgte.a(mtx_11.o)

Memory Configuration

Name             Origin             Length             Attributes
loader           0x000000008000f800 0x0000000000000800
ram              0x0000000080010000 0x00000000001f0000 xrw
dcache           0x000000001f800000 0x0000000000000400
*default*        0x0000000000000000 0xffffffffffffffff

Linker script and memory map

LOAD third_party/nugget/common/crt0/crt0.o
LOAD main.o
LOAD tools.o
START GROUP
LOAD third_party/psyq/lib\libapi.a
LOAD third_party/psyq/lib\libc.a
LOAD third_party/psyq/lib\libc2.a
LOAD third_party/psyq/lib\libcard.a
LOAD third_party/psyq/lib\libcd.a
LOAD third_party/psyq/lib\libcomb.a
LOAD third_party/psyq/lib\libds.a
LOAD third_party/psyq/lib\libetc.a
LOAD third_party/psyq/lib\libgpu.a
LOAD third_party/psyq/lib\libgs.a
LOAD third_party/psyq/lib\libgte.a
LOAD third_party/psyq/lib\libgun.a
LOAD third_party/psyq/lib\libhmd.a
LOAD third_party/psyq/lib\libmath.a
LOAD third_party/psyq/lib\libmcrd.a
LOAD third_party/psyq/lib\libmcx.a
LOAD third_party/psyq/lib\libpad.a
LOAD third_party/psyq/lib\libpress.a
LOAD third_party/psyq/lib\libsio.a
LOAD third_party/psyq/lib\libsnd.a
LOAD third_party/psyq/lib\libspu.a
LOAD third_party/psyq/lib\libtap.a
END GROUP
                0x000000008004e6e8                __heap_base = __bss_end
                0x0000000080010000                TLOAD_ADDR = DEFINED (TLOAD_ADDR)?TLOAD_ADDR:0x80010000
                0x0000000080200000                __ram_top = (ORIGIN (ram) + LENGTH (ram))
                0x00000000801fff00                __sp = (__ram_top - 0x100)
                0x000000001f800000                __dcache = ORIGIN (dcache)
                0x000000001f800400                __dcache_top = (ORIGIN (dcache) + LENGTH (dcache))
                0x00000000000066e8                __bss_len = (__bss_end - __bss_start)
                0x000000000000afe0                __ftext_len = (__ftext_end - __ftext_start)
                0x000000000002d020                __fdata_len = (__fdata_end - __fdata_start)
                0x0000000080200000                __stack_start = (ORIGIN (ram) + LENGTH (ram))

.PSX_EXE_Header
                0x000000008000f800      0x800
                0x000000008000f800        0x1 BYTE 0x50
                0x000000008000f801        0x1 BYTE 0x53
                0x000000008000f802        0x1 BYTE 0x2d
                0x000000008000f803        0x1 BYTE 0x58
                0x000000008000f804        0x1 BYTE 0x20
                0x000000008000f805        0x1 BYTE 0x45
                0x000000008000f806        0x1 BYTE 0x58
                0x000000008000f807        0x1 BYTE 0x45
                0x000000008000f808        0x4 LONG 0x0
                0x000000008000f80c        0x4 LONG 0x0
                0x000000008000f810        0x4 LONG 0x80010000 ABSOLUTE (_start)
                0x000000008000f814        0x4 LONG 0x0
                0x000000008000f818        0x4 LONG 0x80010000 TLOAD_ADDR
                0x000000008000f81c        0x4 LONG 0x38000 (__ftext_len + __fdata_len)
                0x000000008000f820        0x4 LONG 0x0
                0x000000008000f824        0x4 LONG 0x0
                0x000000008000f828        0x4 LONG 0x0
                0x000000008000f82c        0x4 LONG 0x0
                0x000000008000f830        0x4 LONG 0x801fff00 DEFINED (_sp)?ABSOLUTE (_sp):0x801fff00
                0x000000008000f834        0x4 LONG 0x0
                0x0000000080010000                . = (. + 0x7c8)
 *fill*         0x000000008000f838      0x7c8 
                0x0000000080010000                __ftext_start = ABSOLUTE (.)

.text           0x0000000080010000     0xafe0
 *(.start)
 .start         0x0000000080010000       0x64 third_party/nugget/common/crt0/crt0.o
                0x0000000080010000                _start
 *(.init)
 *(SORT_NONE(.fini))
 *(.text.unlikely .text.*_unlikely .text.unlikely.*)
 *(.text.exit .text.exit.*)
 *(.text.startup .text.startup.*)
 .text.startup.main
                0x0000000080010064       0x8c main.o
                0x0000000080010064                main
 *(.text.hot .text.hot.*)
 *(.text .stub .text.* .gnu.linkonce.t.*)
 .text.shuffleFunction
                0x00000000800100f0      0x180 main.o
                0x00000000800100f0                shuffleFunction
 .text.initSpu  0x0000000080010270       0x90 main.o
                0x0000000080010270                initSpu
 .text.initFont
                0x0000000080010300      0x128 main.o
                0x0000000080010300                initFont
 .text.clearVRAM
                0x0000000080010428       0x50 main.o
                0x0000000080010428                clearVRAM
 .text.initGraphics
                0x0000000080010478      0x130 main.o
                0x0000000080010478                initGraphics
 .text.initImage
                0x00000000800105a8      0x14c main.o
                0x00000000800105a8                initImage
 .text.display  0x00000000800106f4      0x114 main.o
                0x00000000800106f4                display
 .text.calculateCurrentTrackLength
                0x0000000080010808      0x200 main.o
                0x0000000080010808                calculateCurrentTrackLength
 .text.getTableOfContents
                0x0000000080010a08      0x234 main.o
                0x0000000080010a08                getTableOfContents
 .text.playerInformationLogic
                0x0000000080010c3c      0x20c main.o
                0x0000000080010c3c                playerInformationLogic
 .text.readControllerInput
                0x0000000080010e48      0x424 main.o
                0x0000000080010e48                readControllerInput
 .text.FntColor
                0x000000008001126c       0x74 tools.o
                0x000000008001126c                FntColor
 .text.bcdToDecimal
                0x00000000800112e0       0x1c tools.o
                0x00000000800112e0                bcdToDecimal
 .text.convertBcdValuesToDecimal
                0x00000000800112fc       0x5c tools.o
                0x00000000800112fc                convertBcdValuesToDecimal
 .text.isValueInArray
                0x0000000080011358       0x3c tools.o
                0x0000000080011358                isValueInArray
 .text.checkDriveLidStatus
                0x0000000080011394      0x1c4 tools.o
                0x0000000080011394                checkDriveLidStatus
 .text          0x0000000080011558      0x170 third_party/psyq/lib\libapi.a(counter.o)
                0x0000000080011558                SetRCnt
                0x00000000800115f4                GetRCnt
                0x000000008001162c                StartRCnt
                0x000000008001165c                StopRCnt
                0x0000000080011690                ResetRCnt
 .text          0x00000000800116c8       0x10 third_party/psyq/lib\libc.a(c47.o)
                0x00000000800116c8                rand
 .text          0x00000000800116d8       0x10 third_party/psyq/lib\libc.a(c48.o)
                0x00000000800116d8                srand
 .text          0x00000000800116e8       0x10 third_party/psyq/lib\libc.a(c63.o)
                0x00000000800116e8                printf
 .text          0x00000000800116f8      0x560 third_party/psyq/lib\libcd.a(cdplay.o)
                0x00000000800116f8                CdPlay
 .text          0x0000000080011c58      0x150 third_party/psyq/lib\libcd.a(event.o)
                0x0000000080011c58                CdInit
 .text          0x0000000080011da8       0x40 third_party/psyq/lib\libcd.a(s_011.o)
                0x0000000080011da8                CdIntstr
 .text          0x0000000080011de8       0x20 third_party/psyq/lib\libcd.a(s_012.o)
                0x0000000080011de8                CdSync
 .text          0x0000000080011e08       0x20 third_party/psyq/lib\libcd.a(s_015.o)
                0x0000000080011e08                CdReadyCallback
 .text          0x0000000080011e28      0x3c0 third_party/psyq/lib\libcd.a(s_016.o)
                0x0000000080011e28                CdControl
                0x0000000080011f64                CdControlF
                0x0000000080012098                CdControlB
 .text          0x00000000800121e8      0x250 third_party/psyq/lib\libcd.a(toc.o)
                0x00000000800121e8                CdGetToc
                0x000000008001220c                CdGetToc2
 .text          0x0000000080012438     0x1580 third_party/psyq/lib\libcd.a(bios_1.o)
                0x000000008001299c                CD_sync
                0x0000000080012c1c                CD_ready
                0x0000000080012ee4                CD_cw
                0x00000000800132f0                CD_vol
                0x0000000080013378                CD_flush
                0x000000008001344c                CD_initvol
                0x000000008001353c                CD_initintr
                0x0000000080013588                CD_init
                0x0000000080013768                CD_datasync
                0x00000000800138d0                CD_set_test_parmnum
 .text          0x00000000800139b8       0x20 third_party/psyq/lib\libcd.a(s_014.o)
                0x00000000800139b8                CdSyncCallback
 .text          0x00000000800139d8      0x6c0 third_party/psyq/lib\libetc.a(intr.o)
                0x00000000800139d8                ResetCallback
                0x0000000080013a08                InterruptCallback
                0x0000000080013a38                DMACallback
                0x0000000080013a68                VSyncCallback
                0x0000000080013a9c                VSyncCallbacks
                0x0000000080013acc                StopCallback
                0x0000000080013afc                RestartCallback
                0x0000000080013b2c                CheckCallback
                0x0000000080013b3c                GetIntrMask
                0x0000000080013b54                SetIntrMask
 .text          0x0000000080014098      0x2a0 third_party/psyq/lib\libetc.a(intr_dma.o)
                0x0000000080014098                startIntrDMA
 .text          0x0000000080014338      0x120 third_party/psyq/lib\libetc.a(intr_vb.o)
                0x0000000080014338                startIntrVSync
 .text          0x0000000080014458       0x80 third_party/psyq/lib\libetc.a(pad.o)
                0x0000000080014458                PadInit
                0x00000000800144a4                PadRead
 .text          0x00000000800144d8       0x30 third_party/psyq/lib\libetc.a(vmode.o)
                0x00000000800144d8                SetVideoMode
                0x00000000800144ec                GetVideoMode
 .text          0x0000000080014508      0x210 third_party/psyq/lib\libetc.a(vsync.o)
                0x0000000080014508                VSync
 .text          0x0000000080014718      0xa80 third_party/psyq/lib\libgpu.a(font.o)
                0x0000000080014718                SetDumpFnt
                0x0000000080014758                FntLoad
                0x00000000800147f8                FntOpen
                0x0000000080014ab4                FntFlush
                0x0000000080014dd0                FntPrint
 .text          0x0000000080015198       0x40 third_party/psyq/lib\libgpu.a(p00.o)
                0x0000000080015198                GetTPage
 .text          0x00000000800151d8       0x40 third_party/psyq/lib\libgpu.a(p06.o)
                0x00000000800151d8                AddPrim
 .text          0x0000000080015218       0x20 third_party/psyq/lib\libgpu.a(p09.o)
                0x0000000080015218                TermPrim
 .text          0x0000000080015238       0x30 third_party/psyq/lib\libgpu.a(p10.o)
                0x0000000080015238                SetSemiTrans
 .text          0x0000000080015268       0x20 third_party/psyq/lib\libgpu.a(p20.o)
                0x0000000080015268                SetSprt8
 .text          0x0000000080015288       0x20 third_party/psyq/lib\libgpu.a(p26.o)
                0x0000000080015288                SetTile
 .text          0x00000000800152a8       0xa0 third_party/psyq/lib\libgpu.a(p41.o)
                0x00000000800152a8                SetDrawMode
 .text          0x0000000080015348     0x2f00 third_party/psyq/lib\libgpu.a(sys.o)
                0x0000000080015348                ResetGraph
                0x00000000800154bc                SetGraphDebug
                0x0000000080015518                SetGraphQueue
                0x00000000800155bc                GetGraphDebug
                0x00000000800155cc                DrawSyncCallback
                0x000000008001562c                SetDispMask
                0x00000000800156c4                DrawSync
                0x0000000080015848                ClearImage
                0x00000000800158d8                ClearImage2
                0x0000000080015970                LoadImage
                0x00000000800159d0                StoreImage
                0x0000000080015a30                MoveImage
                0x0000000080015ae8                ClearOTag
                0x0000000080015bb0                ClearOTagR
                0x0000000080015c5c                DrawPrim
                0x0000000080015cb8                DrawOTag
                0x0000000080015d28                PutDrawEnv
                0x0000000080015de8                DrawOTagEnv
                0x0000000080015ec0                GetDrawEnv
                0x0000000080015ef4                PutDispEnv
                0x00000000800163ec                GetDispEnv
                0x0000000080016420                GetODE
                0x0000000080016450                SetDrawArea
                0x00000000800164d0                SetDrawOffset
                0x0000000080016510                SetDrawEnv
                0x0000000080017de0                LoadImage2
                0x0000000080017ecc                StoreImage2
                0x0000000080017fb8                MoveImage2
                0x00000000800180fc                DrawOTag2
                0x00000000800181f8                _GPU_ResetCallback
 .text          0x0000000080018248       0xf0 third_party/psyq/lib\libgpu.a(e00.o)
                0x0000000080018248                LoadTPage
 .text          0x0000000080018338       0x70 third_party/psyq/lib\libgpu.a(e02.o)
                0x0000000080018338                LoadClut2
 .text          0x00000000800183a8       0x20 third_party/psyq/lib\libgpu.a(p01.o)
                0x00000000800183a8                GetClut
 .text          0x00000000800183c8      0x500 third_party/psyq/lib\libgs.a(2d_sp0.o)
                0x00000000800183c8                GsSortSprite
 .text          0x00000000800188c8      0x550 third_party/psyq/lib\libgs.a(gs_001.o)
                0x00000000800188c8                GsInitGraph
                0x0000000080018a58                GsInitGraph2
                0x0000000080018ce0                GsSortClear
 .text          0x0000000080018e18       0x10 third_party/psyq/lib\libgs.a(gs_0021.o)
                0x0000000080018e18                GsGetActiveBuff
 .text          0x0000000080018e28      0x110 third_party/psyq/lib\libgs.a(gs_0022.o)
                0x0000000080018e28                GsSetDrawBuffOffset
 .text          0x0000000080018f38       0x80 third_party/psyq/lib\libgs.a(gs_003.o)
                0x0000000080018f38                GsSetDrawBuffClip
 .text          0x0000000080018fb8       0xb0 third_party/psyq/lib\libgs.a(gs_010.o)
                0x0000000080018fb8                GsSwapDispBuff
 .text          0x0000000080019068       0xa0 third_party/psyq/lib\libgs.a(gs_103.o)
                0x0000000080019068                GsDefDispBuff
 .text          0x0000000080019108       0x30 third_party/psyq/lib\libgs.a(gs_111.o)
                0x0000000080019108                GsDrawOt
 .text          0x0000000080019138       0x60 third_party/psyq/lib\libgs.a(gs_113.o)
                0x0000000080019138                GsClearOt
 .text          0x0000000080019198       0x50 third_party/psyq/lib\libgs.a(gs_121.o)
                0x0000000080019198                gte_init
 .text          0x00000000800191e8       0xf0 third_party/psyq/lib\libgs.a(gs_122.o)
                0x00000000800191e8                GsGetTimInfo
 .text          0x00000000800192d8       0x10 third_party/psyq/lib\libgs.a(gs_124.o)
                0x00000000800192d8                GsSetWorkBase
 .text          0x00000000800192e8       0xa0 third_party/psyq/lib\libgs.a(2d_com1.o)
                0x00000000800192e8                _make_packet
 .text          0x0000000080019388       0x80 third_party/psyq/lib\libgte.a(cmb_00.o)
                0x0000000080019388                RotTransPers4
 .text          0x0000000080019408      0x290 third_party/psyq/lib\libgte.a(fgo_01.o)
                0x0000000080019408                RotMatrix
 .text          0x0000000080019698       0x90 third_party/psyq/lib\libgte.a(msc00.o)
                0x00000000800196a0                InitGeom
 .text          0x0000000080019728       0x30 third_party/psyq/lib\libgte.a(mtx_07.o)
                0x0000000080019728                TransMatrix
 .text          0x0000000080019758      0x140 third_party/psyq/lib\libgte.a(mtx_08.o)
                0x0000000080019758                ScaleMatrix
 .text          0x0000000080019898       0x30 third_party/psyq/lib\libgte.a(mtx_09.o)
                0x0000000080019898                SetRotMatrix
 .text          0x00000000800198c8       0x20 third_party/psyq/lib\libgte.a(mtx_12.o)
                0x00000000800198c8                SetTransMatrix
 .text          0x00000000800198e8       0xe0 third_party/psyq/lib\libgte.a(patchgte.o)
                0x00000000800198e8                _patch_gte
 .text          0x00000000800199c8       0x10 third_party/psyq/lib\libgte.a(reg09.o)
                0x00000000800199c8                ReadGeomScreen
 .text          0x00000000800199d8       0x20 third_party/psyq/lib\libgte.a(reg11.o)
                0x00000000800199d8                SetFarColor
 .text          0x00000000800199f8       0x20 third_party/psyq/lib\libgte.a(reg12.o)
                0x00000000800199f8                SetGeomOffset
 .text          0x0000000080019a18      0x310 third_party/psyq/lib\libspu.a(s_gca.o)
                0x0000000080019a18                SpuGetCommonAttr
 .text          0x0000000080019d28       0x20 third_party/psyq/lib\libspu.a(s_i.o)
                0x0000000080019d28                SpuInit
 .text          0x0000000080019d48      0x160 third_party/psyq/lib\libspu.a(s_ini.o)
                0x0000000080019d48                _SpuInit
                0x0000000080019e30                SpuStart
 .text          0x0000000080019ea8       0x40 third_party/psyq/lib\libspu.a(s_sccm.o)
                0x0000000080019ea8                SpuSetCommonCDMix
 .text          0x0000000080019ee8       0x20 third_party/psyq/lib\libspu.a(s_sccv.o)
                0x0000000080019ee8                SpuSetCommonCDVolume
 .text          0x0000000080019f08       0x20 third_party/psyq/lib\libspu.a(s_scmv.o)
                0x0000000080019f08                SpuSetCommonMasterVolume
 .text          0x0000000080019f28      0xb40 third_party/psyq/lib\libspu.a(spu.o)
                0x0000000080019f28                _spu_init
                0x000000008001a368                _spu_FiDMA
                0x000000008001a424                _spu_Fr_
                0x000000008001a4cc                _spu_t
                0x000000008001a74c                _spu_Fw
                0x000000008001a7d0                _spu_Fr
                0x000000008001a834                _spu_FsetRXX
                0x000000008001a878                _spu_FsetRXXa
                0x000000008001a91c                _spu_FgetRXXa
                0x000000008001a958                _spu_FsetPCR
                0x000000008001aa00                _spu_Fw1ts
 .text          0x000000008001aa68       0x30 third_party/psyq/lib\libspu.a(s_dcb.o)
                0x000000008001aa68                _SpuDataCallback
 .text          0x000000008001aa98       0x10 third_party/psyq/lib\libapi.a(a07.o)
                0x000000008001aa98                DeliverEvent
 .text          0x000000008001aaa8       0x10 third_party/psyq/lib\libapi.a(a08.o)
                0x000000008001aaa8                OpenEvent
 .text          0x000000008001aab8       0x10 third_party/psyq/lib\libapi.a(a12.o)
                0x000000008001aab8                EnableEvent
 .text          0x000000008001aac8       0x10 third_party/psyq/lib\libapi.a(a22.o)
                0x000000008001aac8                PAD_dr
 .text          0x000000008001aad8       0x10 third_party/psyq/lib\libapi.a(a23.o)
                0x000000008001aad8                ReturnFromException
 .text          0x000000008001aae8       0x10 third_party/psyq/lib\libapi.a(a24.o)
                0x000000008001aae8                ResetEntryInt
 .text          0x000000008001aaf8       0x10 third_party/psyq/lib\libapi.a(a25.o)
                0x000000008001aaf8                HookEntryInt
 .text          0x000000008001ab08       0x10 third_party/psyq/lib\libapi.a(a36.o)
                0x000000008001ab08                EnterCriticalSection
 .text          0x000000008001ab18       0x10 third_party/psyq/lib\libapi.a(a37.o)
                0x000000008001ab18                ExitCriticalSection
 .text          0x000000008001ab28       0x10 third_party/psyq/lib\libapi.a(a91.o)
                0x000000008001ab28                ChangeClearPAD
 .text          0x000000008001ab38       0x20 third_party/psyq/lib\libapi.a(c114.o)
                0x000000008001ab40                _96_remove
 .text          0x000000008001ab58       0x10 third_party/psyq/lib\libapi.a(c68.o)
                0x000000008001ab58                FlushCache
 .text          0x000000008001ab68       0x10 third_party/psyq/lib\libapi.a(c73.o)
                0x000000008001ab68                GPU_cw
 .text          0x000000008001ab78       0x10 third_party/psyq/lib\libapi.a(l10.o)
                0x000000008001ab78                ChangeClearRCnt
 .text          0x000000008001ab88      0x290 third_party/psyq/lib\libapi.a(pad.o)
                0x000000008001ab88                SetInitPadFlag
                0x000000008001ab94                ReadInitPadFlag
                0x000000008001aba4                PAD_init
                0x000000008001ac34                InitPAD
                0x000000008001acc4                StartPAD
 .text          0x000000008001ae18       0xa0 third_party/psyq/lib\libapi.a(patch.o)
                0x000000008001ae18                EnablePAD
                0x000000008001ae2c                DisablePAD
                0x000000008001ae40                _patch_pad
 .text          0x000000008001aeb8       0x10 third_party/psyq/lib\libapi.a(a18.o)
                0x000000008001aeb8                InitPAD2
 .text          0x000000008001aec8       0x10 third_party/psyq/lib\libapi.a(a19.o)
                0x000000008001aec8                StartPAD2
 .text          0x000000008001aed8       0x10 third_party/psyq/lib\libapi.a(a21.o)
                0x000000008001aed8                PAD_init2
 .text          0x000000008001aee8       0x70 third_party/psyq/lib\libapi.a(chclrpad.o)
                0x000000008001aee8                _remove_ChgclrPAD
 .text          0x000000008001af58       0x10 third_party/psyq/lib\libapi.a(l02.o)
                0x000000008001af58                SysEnqIntRP
 .text          0x000000008001af68       0x10 third_party/psyq/lib\libapi.a(l03.o)
                0x000000008001af68                SysDeqIntRP
 .text          0x000000008001af78       0x20 third_party/psyq/lib\libc.a(a63.o)
                0x000000008001af80                puts
 .text          0x000000008001af98       0x10 third_party/psyq/lib\libc.a(c19.o)
                0x000000008001af98                setjmp
 .text          0x000000008001afa8       0x10 third_party/psyq/lib\libc.a(c27.o)
                0x000000008001afa8                strlen
 .text          0x000000008001afb8       0x10 third_party/psyq/lib\libc.a(c42.o)
                0x000000008001afb8                memcpy
 .text          0x000000008001afc8       0x10 third_party/psyq/lib\libc.a(c43.o)
                0x000000008001afc8                memset
                0x000000008001afe0                . = ALIGN (0x10)
 *fill*         0x000000008001afd8        0x8 
 *(.init)
                0x000000008001afe0                . = ALIGN (0x10)
 *(.fini)
                0x000000008001afe0                . = ALIGN (0x10)
                0x000000008001afe0                __text_end = .
                0x000000008001afe0                __ftext_end = ABSOLUTE (.)
                0x000000008001afe0                __fdata_start = ABSOLUTE (.)

.rodata         0x000000008001afe0      0xc10
 *(.rodata .rodata.* .rdata .rdata.* .gnu.linkonce.r.*)
 .rodata        0x000000008001afe0       0x10 third_party/nugget/common/crt0/crt0.o
 .rodata.shuffleFunction.str1.4
                0x000000008001aff0       0x8e main.o
 *fill*         0x000000008001b07e        0x2 
 .rodata.initSpu.str1.4
                0x000000008001b080       0x59 main.o
 *fill*         0x000000008001b0d9        0x3 
 .rodata.clearVRAM.str1.4
                0x000000008001b0dc        0xf main.o
 *fill*         0x000000008001b0eb        0x1 
 .rodata.initGraphics.str1.4
                0x000000008001b0ec       0xaa main.o
 *fill*         0x000000008001b196        0x2 
 .rodata.calculateCurrentTrackLength.str1.4
                0x000000008001b198       0x47 main.o
 *fill*         0x000000008001b1df        0x1 
 .rodata.getTableOfContents.str1.4
                0x000000008001b1e0       0x61 main.o
 *fill*         0x000000008001b241        0x3 
 .rodata.playerInformationLogic.str1.4
                0x000000008001b244       0x6a main.o
                                         0x6e (size before relaxing)
 *fill*         0x000000008001b2ae        0x2 
 .rodata.readControllerInput.str1.4
                0x000000008001b2b0      0x13f main.o
 *fill*         0x000000008001b3ef        0x1 
 .rodata.checkDriveLidStatus.str1.4
                0x000000008001b3f0       0xaa tools.o
 *fill*         0x000000008001b49a        0x6 
 .rdata         0x000000008001b4a0       0x90 third_party/psyq/lib\libcd.a(cdplay.o)
 .rdata         0x000000008001b530       0x20 third_party/psyq/lib\libcd.a(event.o)
 .rdata         0x000000008001b550       0x10 third_party/psyq/lib\libcd.a(s_011.o)
 .rdata         0x000000008001b560       0x40 third_party/psyq/lib\libcd.a(toc.o)
 .rdata         0x000000008001b5a0      0x260 third_party/psyq/lib\libcd.a(bios_1.o)
 .rdata         0x000000008001b800       0x70 third_party/psyq/lib\libetc.a(intr.o)
 .rdata         0x000000008001b870       0x30 third_party/psyq/lib\libetc.a(intr_dma.o)
 .rdata         0x000000008001b8a0       0x10 third_party/psyq/lib\libetc.a(vsync.o)
 .rdata         0x000000008001b8b0       0xa0 third_party/psyq/lib\libgpu.a(font.o)
 .rdata         0x000000008001b950      0x220 third_party/psyq/lib\libgpu.a(sys.o)
 .rdata         0x000000008001bb70       0x30 third_party/psyq/lib\libgs.a(2d_com1.o)
 .rdata         0x000000008001bba0       0x50 third_party/psyq/lib\libspu.a(spu.o)
                0x000000008001bbf0                . = ALIGN (0x10)
                0x000000008001bbf0                __preinit_array_start = .
 *(.preinit_array)
                0x000000008001bbf0                __preinit_array_end = .
                0x000000008001bbf0                . = ALIGN (0x10)
                0x000000008001bbf0                __init_array_start = .
 *(SORT_BY_NAME(.init_array.*))
 *(.init_array)
                0x000000008001bbf0                . = ALIGN (0x10)
 *crtbegin.o(.ctors)
 *(EXCLUDE_FILE(*crtend.o) .ctors)
 *(SORT_BY_NAME(.ctors.*))
 *crtend.o(.ctors)
                0x000000008001bbf0                __init_array_end = .
                0x000000008001bbf0                . = ALIGN (0x10)
                0x000000008001bbf0                __fini_array_start = .
 *(.fini_array)
 *(SORT_BY_NAME(.fini_array.*))
 *crtbegin.o(.dtors)
 *(EXCLUDE_FILE(*crtend.o) .dtors)
 *(SORT_BY_NAME(.dtors.*))
 *crtend.o(.dtors)
                0x000000008001bbf0                __fini_array_end = .
                0x000000008001bbf0                __build_id = .
 *(.note.gnu.build-id)
                0x000000008001bbf0                __build_id_end = .

.rel.dyn        0x000000008001bbf0        0x0
 .rel.dyn       0x000000008001bbf0        0x0 third_party/psyq/lib\libgpu.a(sys.o)

.rodata1
 *(.rodata1)
                0x000000008001bbf0                __data_start = .

.data           0x000000008001bbf0    0x2c410
 *(.data .data.* .gnu.linkonce.d.*)
 .data          0x000000008001bbf0        0x0 third_party/nugget/common/crt0/crt0.o
 .data          0x000000008001bbf0        0x0 main.o
 .data.direction.4
                0x000000008001bbf0        0xc main.o
 .data.newVolumeLevelCd.10
                0x000000008001bbfc        0x4 main.o
 .data.image    0x000000008001bc00    0x25814 main.o
                0x000000008001bc00                image
 .data          0x0000000080041414        0x0 tools.o
 *fill*         0x0000000080041414        0x4 50414444
 .data          0x0000000080041418       0x20 third_party/psyq/lib\libapi.a(counter.o)
 .data          0x0000000080041438      0x1b0 third_party/psyq/lib\libcd.a(cdplay.o)
 .data          0x00000000800415e8       0x10 third_party/psyq/lib\libcd.a(event.o)
                0x00000000800415e8                CD_cbread
                0x00000000800415ec                CD_read_dma_mode
 .data          0x00000000800415f8       0x80 third_party/psyq/lib\libcd.a(s_016.o)
 .data          0x0000000080041678      0x310 third_party/psyq/lib\libcd.a(bios_1.o)
                0x0000000080041680                CD_cbsync
                0x0000000080041684                CD_cbready
                0x0000000080041688                CD_debug
                0x000000008004168c                CD_status
                0x0000000080041690                CD_status1
                0x0000000080041694                CD_nopen
                0x0000000080041698                CD_pos
                0x000000008004169c                CD_mode
                0x000000008004169d                CD_com
                0x00000000800416a0                DS_active
                0x00000000800416a4                CD_comstr
                0x0000000080041724                CD_intstr
 .data          0x0000000080041988     0x1100 third_party/psyq/lib\libetc.a(intr.o)
 .data          0x0000000080042a88       0x30 third_party/psyq/lib\libetc.a(intr_dma.o)
 .data          0x0000000080042ab8       0x30 third_party/psyq/lib\libetc.a(intr_vb.o)
                0x0000000080042ad8                Vcount
 .data          0x0000000080042ae8       0x10 third_party/psyq/lib\libetc.a(vmode.o)
 .data          0x0000000080042af8       0x20 third_party/psyq/lib\libetc.a(vsync.o)
                0x0000000080042b08                Hcount
 .data          0x0000000080042b18      0xb90 third_party/psyq/lib\libgpu.a(font.o)
                0x0000000080042b18                Font
 .data          0x00000000800436a8      0x1a0 third_party/psyq/lib\libgpu.a(sys.o)
                0x00000000800436f4                GPU_printf
                0x00000000800436f8                GEnv
                0x0000000080043820                _qin
                0x0000000080043824                _qout
 .data          0x0000000080043848       0x10 third_party/psyq/lib\libgs.a(global.o)
                0x0000000080043848                GsADIVZ
                0x000000008004384c                GsADIVW
                0x000000008004384e                GsADIVH
 .data          0x0000000080043858       0x10 third_party/psyq/lib\libgs.a(gs_001.o)
 .data          0x0000000080043868       0x10 third_party/psyq/lib\libgte.a(msc00.o)
 .data          0x0000000080043878      0x180 third_party/psyq/lib\libgte.a(sqrtbl.o)
                0x0000000080043878                SQRT
 .data          0x00000000800439f8     0x4000 third_party/psyq/lib\libgte.a(cstbl.o)
                0x00000000800439f8                rcossin_tbl
 .data          0x00000000800479f8       0x80 third_party/psyq/lib\libspu.a(s_ini.o)
                0x0000000080047a00                _spu_EVdma
                0x0000000080047a04                _spu_keystat
                0x0000000080047a08                _spu_trans_mode
                0x0000000080047a0c                _spu_rev_flag
                0x0000000080047a10                _spu_rev_reserve_wa
                0x0000000080047a14                _spu_rev_offsetaddr
                0x0000000080047a18                _spu_rev_attr
                0x0000000080047a2c                _spu_RQvoice
                0x0000000080047a30                _spu_RQmask
                0x0000000080047a34                _spu_voice_centerNote
                0x0000000080047a64                _spu_env
                0x0000000080047a68                _spu_isCalled
 .data          0x0000000080047a78       0x10 third_party/psyq/lib\libspu.a(s_m.o)
                0x0000000080047a78                _spu_AllocBlockNum
                0x0000000080047a7c                _spu_AllocLastNum
                0x0000000080047a80                _spu_memList
 .data          0x0000000080047a88       0x30 third_party/psyq/lib\libspu.a(s_rmp0.o)
                0x0000000080047a88                _spu_rev_startaddr
 .data          0x0000000080047ab8       0x60 third_party/psyq/lib\libspu.a(spu.o)
                0x0000000080047ab8                _spu_RXX
                0x0000000080047ad0                _spu_tsa
                0x0000000080047ad4                _spu_transMode
                0x0000000080047ad8                _spu_addrMode
                0x0000000080047adc                _spu_mem_mode
                0x0000000080047ae0                _spu_mem_mode_plus
                0x0000000080047ae4                _spu_mem_mode_unit
                0x0000000080047ae8                _spu_mem_mode_unitM
                0x0000000080047aec                _spu_inTransfer
                0x0000000080047af0                _spu_transferCallback
                0x0000000080047af4                _spu_IRQCallback
 .data          0x0000000080047b18       0x10 third_party/psyq/lib\libapi.a(pad.o)
 *(.data1)
 *(.sdata .sdata.* .gnu.linkonce.s.*)
 .sdata.repeat  0x0000000080047b28        0x1 main.o
                0x0000000080047b28                repeat
 *fill*         0x0000000080047b29        0x3 50414444
 .sdata.__stacksize
                0x0000000080047b2c        0x4 main.o
                0x0000000080047b2c                __stacksize
 .sdata.__ramsize
                0x0000000080047b30        0x4 main.o
                0x0000000080047b30                __ramsize
 *(.sdata2 .sdata2.* .gnu.linkonce.s2.*)
 *(.got.plt)
 *(.got)
                0x0000000080048000                . = ALIGN (0x800)
 *fill*         0x0000000080047b34      0x4cc 50414444
                0x0000000080048000                __data_end = .
                0x0000000080048000                __fdata_end = .
                0x0000000080048000                __bss_start = .

.sbss           0x0000000080048000     0x66e8
 *(.dynsbss)
 *(.sbss .sbss.* .gnu.linkonce.sb.*)
 .sbss.shuffle  0x0000000080048000        0x1 main.o
                0x0000000080048000                shuffle
 *fill*         0x0000000080048001        0x3 
 .sbss.debounceTimer
                0x0000000080048004        0x4 main.o
                0x0000000080048004                debounceTimer
 .sbss.numTracks
                0x0000000080048008        0x4 main.o
                0x0000000080048008                numTracks
 .sbss.currentbuffer
                0x000000008004800c        0x4 main.o
                0x000000008004800c                currentbuffer
 .sbss.currentTrackTimeInSeconds
                0x0000000080048010        0x4 main.o
                0x0000000080048010                currentTrackTimeInSeconds
 .sbss.result   0x0000000080048014        0x8 main.o
                0x0000000080048014                result
 .sbss.fntColorBG
                0x000000008004801c        0x4 tools.o
                0x000000008004801c                fntColorBG
 .sbss.fntColor
                0x0000000080048020        0x4 tools.o
                0x0000000080048020                fntColor
 *(.scommon)
 *(.dynbss)
 *(.bss .bss.* .gnu.linkonce.b.*)
 .bss.oldTrack.0
                0x0000000080048024        0x1 main.o
 .bss.hasTrackChanged.1
                0x0000000080048025        0x1 main.o
 *fill*         0x0000000080048026        0x2 
 .bss.fontColours.5
                0x0000000080048028        0x3 main.o
 *fill*         0x000000008004802b        0x1 
 .bss.colorIndex.6
                0x000000008004802c        0x4 main.o
 .bss.mute.7    0x0000000080048030        0x1 main.o
 .bss.pause.8   0x0000000080048031        0x1 main.o
 *fill*         0x0000000080048032        0x2 
 .bss.shuffledTracks
                0x0000000080048034      0x194 main.o
                0x0000000080048034                shuffledTracks
 .bss.decimalValues
                0x00000000800481c8       0x20 main.o
                0x00000000800481c8                decimalValues
 .bss.loc       0x00000000800481e8      0x190 main.o
                0x00000000800481e8                loc
 .bss.image1    0x0000000080048378       0x48 main.o
                0x0000000080048378                image1
 .bss.GPUOutputPacket
                0x00000000800483c0      0x258 main.o
                0x00000000800483c0                GPUOutputPacket
 .bss.OrderingTable
                0x0000000080048618       0x10 main.o
                0x0000000080048618                OrderingTable
 .bss.WorldOrderingTable
                0x0000000080048628       0x28 main.o
                0x0000000080048628                WorldOrderingTable
 .bss           0x0000000080048650      0x1a0 third_party/psyq/lib\libcd.a(cdplay.o)
 .bss           0x00000000800487f0       0x34 third_party/psyq/lib\libcd.a(bios_1.o)
                0x0000000080048820                StMode
 *fill*         0x0000000080048824        0x4 
 .bss           0x0000000080048828       0x14 third_party/psyq/lib\libetc.a(pad.o)
                0x0000000080048838                PadIdentifier
 *fill*         0x000000008004883c        0x4 
 .bss           0x0000000080048840     0x4410 third_party/psyq/lib\libgpu.a(font.o)
 .bss           0x000000008004cc50     0x1850 third_party/psyq/lib\libgpu.a(sys.o)
                0x000000008004cca0                _que
 .bss           0x000000008004e4a0       0x54 third_party/psyq/lib\libgs.a(global.o)
                0x000000008004e4a0                GsOUT_PACKET_P
                0x000000008004e4a8                GsMATE_C
                0x000000008004e4b0                GsLMODE
                0x000000008004e4b8                GsLIGNR
                0x000000008004e4c0                GsLIOFF
                0x000000008004e4c8                GsZOVER
                0x000000008004e4d0                GsBACKC
                0x000000008004e4d8                GsNDIV
                0x000000008004e4e0                GsTRATE
                0x000000008004e4e8                GsTON
                0x000000008004e4f0                GsDISPON
 *fill*         0x000000008004e4f4        0x4 
 .bss           0x000000008004e4f8       0xea third_party/psyq/lib\libgs.a(gs_001.o)
                0x000000008004e518                PSDIDX
                0x000000008004e520                GsDRAWENV
                0x000000008004e580                GsDISPENV
                0x000000008004e598                PSDGPU
                0x000000008004e5a0                PSDBASEX
                0x000000008004e5a8                PSDBASEY
                0x000000008004e5b0                POSITION
                0x000000008004e5b8                CLIP2
                0x000000008004e5c0                PSDCNT
                0x000000008004e5c8                PSDOFSX
                0x000000008004e5d0                PSDOFSY
                0x000000008004e5d8                GsORGOFSX
                0x000000008004e5e0                GsORGOFSY
 *fill*         0x000000008004e5e2        0x6 
 .bss           0x000000008004e5e8       0x24 third_party/psyq/lib\libgs.a(gs_104.o)
                0x000000008004e5e8                HWD0
                0x000000008004e5f0                VWD0
                0x000000008004e5f8                GsCLIP3near
                0x000000008004e600                GsLIGHT_MODE
                0x000000008004e608                GsCLIP3far
 *fill*         0x000000008004e60c        0x4 
 .bss           0x000000008004e610       0x40 third_party/psyq/lib\libgs.a(gs_107.o)
                0x000000008004e610                GsLIGHTWSMATRIX
                0x000000008004e630                _LC
 .bss           0x000000008004e650       0x40 third_party/psyq/lib\libgs.a(gs_128.o)
                0x000000008004e650                GsIDMATRIX
                0x000000008004e670                GsIDMATRIX2
 .bss           0x000000008004e690       0x10 third_party/psyq/lib\libgte.a(patchgte.o)
 .bss           0x000000008004e6a0       0x14 third_party/psyq/lib\libspu.a(spu.o)
                0x000000008004e6a0                _spu_RQ
 *fill*         0x000000008004e6b4        0x4 
 .bss           0x000000008004e6b8       0x10 third_party/psyq/lib\libapi.a(pad.o)
                0x000000008004e6b8                _apiPadPatch
 .bss           0x000000008004e6c8       0x10 third_party/psyq/lib\libapi.a(patch.o)
 .bss           0x000000008004e6d8       0x10 third_party/psyq/lib\libapi.a(chclrpad.o)
 *(COMMON)
                0x000000008004e6e8                . = ALIGN (0x4)
                0x000000008004e6e8                __bss_end = .
                0x000000008004e6e8                __heap_start = __heap_base
                0x000000008000f800                . = (ADDR (.text) - 0x800)
                0x000000008000f800                __end = .

/DISCARD/
 *(.MIPS.abiflags)

/DISCARD/
 *(.rel.iplt)
 *(.rela.iplt)
 *(.rel.plt)
 *(.rela.plt)
 *(.plt)
 *(.iplt)

/DISCARD/
 *(.note.GNU-stack)
 *(.gnu_debuglink)
 *(.gnu.lto_*)

.scratchpad
 *(.scratchpad)
OUTPUT(fuckityfuckity.elf elf32-littlemips)

.reginfo        0x0000000000000000       0x18
 .reginfo       0x0000000000000000       0x18 third_party/nugget/common/crt0/crt0.o

.pdr            0x0000000000000000        0x0
 .pdr           0x0000000000000000        0x0 third_party/nugget/common/crt0/crt0.o

.gnu.attributes
                0x0000000000000000       0x10
 .gnu.attributes
                0x0000000000000000       0x10 third_party/nugget/common/crt0/crt0.o
 .gnu.attributes
                0x0000000000000010       0x10 main.o
 .gnu.attributes
                0x0000000000000020       0x10 tools.o

.mdebug.abi32   0x0000000000000000        0x0
 .mdebug.abi32  0x0000000000000000        0x0 main.o
 .mdebug.abi32  0x0000000000000000        0x0 tools.o

.comment        0x0000000000000000       0x12
 .comment       0x0000000000000000       0x12 main.o
                                         0x13 (size before relaxing)
 .comment       0x0000000000000012       0x13 tools.o

.note           0x0000000000000000     0x2d50
 .note          0x0000000000000000       0x74 third_party/psyq/lib\libapi.a(counter.o)
 .note          0x0000000000000074       0x74 third_party/psyq/lib\libc.a(c47.o)
 .note          0x00000000000000e8       0x74 third_party/psyq/lib\libc.a(c48.o)
 .note          0x000000000000015c       0x74 third_party/psyq/lib\libc.a(c63.o)
 .note          0x00000000000001d0       0x74 third_party/psyq/lib\libcd.a(cdplay.o)
 .note          0x0000000000000244       0x74 third_party/psyq/lib\libcd.a(event.o)
 .note          0x00000000000002b8       0x74 third_party/psyq/lib\libcd.a(s_011.o)
 .note          0x000000000000032c       0x74 third_party/psyq/lib\libcd.a(s_012.o)
 .note          0x00000000000003a0       0x74 third_party/psyq/lib\libcd.a(s_015.o)
 .note          0x0000000000000414       0x74 third_party/psyq/lib\libcd.a(s_016.o)
 .note          0x0000000000000488       0x74 third_party/psyq/lib\libcd.a(toc.o)
 .note          0x00000000000004fc       0x74 third_party/psyq/lib\libcd.a(bios_1.o)
 .note          0x0000000000000570       0x74 third_party/psyq/lib\libcd.a(s_014.o)
 .note          0x00000000000005e4       0x74 third_party/psyq/lib\libetc.a(intr.o)
 .note          0x0000000000000658       0x74 third_party/psyq/lib\libetc.a(intr_dma.o)
 .note          0x00000000000006cc       0x74 third_party/psyq/lib\libetc.a(intr_vb.o)
 .note          0x0000000000000740       0x74 third_party/psyq/lib\libetc.a(pad.o)
 .note          0x00000000000007b4       0x74 third_party/psyq/lib\libetc.a(vmode.o)
 .note          0x0000000000000828       0x74 third_party/psyq/lib\libetc.a(vsync.o)
 .note          0x000000000000089c       0x74 third_party/psyq/lib\libgpu.a(font.o)
 .note          0x0000000000000910       0x74 third_party/psyq/lib\libgpu.a(p00.o)
 .note          0x0000000000000984       0x74 third_party/psyq/lib\libgpu.a(p06.o)
 .note          0x00000000000009f8       0x74 third_party/psyq/lib\libgpu.a(p09.o)
 .note          0x0000000000000a6c       0x74 third_party/psyq/lib\libgpu.a(p10.o)
 .note          0x0000000000000ae0       0x74 third_party/psyq/lib\libgpu.a(p20.o)
 .note          0x0000000000000b54       0x74 third_party/psyq/lib\libgpu.a(p26.o)
 .note          0x0000000000000bc8       0x74 third_party/psyq/lib\libgpu.a(p41.o)
 .note          0x0000000000000c3c       0x74 third_party/psyq/lib\libgpu.a(sys.o)
 .note          0x0000000000000cb0       0x74 third_party/psyq/lib\libgpu.a(e00.o)
 .note          0x0000000000000d24       0x74 third_party/psyq/lib\libgpu.a(e02.o)
 .note          0x0000000000000d98       0x74 third_party/psyq/lib\libgpu.a(p01.o)
 .note          0x0000000000000e0c       0x74 third_party/psyq/lib\libgs.a(2d_sp0.o)
 .note          0x0000000000000e80       0x74 third_party/psyq/lib\libgs.a(global.o)
 .note          0x0000000000000ef4       0x74 third_party/psyq/lib\libgs.a(gs_001.o)
 .note          0x0000000000000f68       0x74 third_party/psyq/lib\libgs.a(gs_0021.o)
 .note          0x0000000000000fdc       0x74 third_party/psyq/lib\libgs.a(gs_0022.o)
 .note          0x0000000000001050       0x74 third_party/psyq/lib\libgs.a(gs_003.o)
 .note          0x00000000000010c4       0x74 third_party/psyq/lib\libgs.a(gs_010.o)
 .note          0x0000000000001138       0x74 third_party/psyq/lib\libgs.a(gs_103.o)
 .note          0x00000000000011ac       0x74 third_party/psyq/lib\libgs.a(gs_104.o)
 .note          0x0000000000001220       0x74 third_party/psyq/lib\libgs.a(gs_107.o)
 .note          0x0000000000001294       0x74 third_party/psyq/lib\libgs.a(gs_111.o)
 .note          0x0000000000001308       0x74 third_party/psyq/lib\libgs.a(gs_113.o)
 .note          0x000000000000137c       0x74 third_party/psyq/lib\libgs.a(gs_121.o)
 .note          0x00000000000013f0       0x74 third_party/psyq/lib\libgs.a(gs_122.o)
 .note          0x0000000000001464       0x74 third_party/psyq/lib\libgs.a(gs_124.o)
 .note          0x00000000000014d8       0x74 third_party/psyq/lib\libgs.a(gs_128.o)
 .note          0x000000000000154c       0x74 third_party/psyq/lib\libgs.a(2d_com1.o)
 .note          0x00000000000015c0       0x74 third_party/psyq/lib\libgte.a(cmb_00.o)
 .note          0x0000000000001634       0x74 third_party/psyq/lib\libgte.a(fgo_01.o)
 .note          0x00000000000016a8       0x74 third_party/psyq/lib\libgte.a(msc00.o)
 .note          0x000000000000171c       0x74 third_party/psyq/lib\libgte.a(msc01.o)
 .note          0x0000000000001790       0x74 third_party/psyq/lib\libgte.a(mtx_07.o)
 .note          0x0000000000001804       0x74 third_party/psyq/lib\libgte.a(mtx_08.o)
 .note          0x0000000000001878       0x74 third_party/psyq/lib\libgte.a(mtx_09.o)
 .note          0x00000000000018ec       0x74 third_party/psyq/lib\libgte.a(mtx_11.o)
 .note          0x0000000000001960       0x74 third_party/psyq/lib\libgte.a(mtx_12.o)
 .note          0x00000000000019d4       0x74 third_party/psyq/lib\libgte.a(patchgte.o)
 .note          0x0000000000001a48       0x74 third_party/psyq/lib\libgte.a(reg09.o)
 .note          0x0000000000001abc       0x74 third_party/psyq/lib\libgte.a(reg11.o)
 .note          0x0000000000001b30       0x74 third_party/psyq/lib\libgte.a(reg12.o)
 .note          0x0000000000001ba4       0x74 third_party/psyq/lib\libgte.a(sqrtbl.o)
 .note          0x0000000000001c18       0x74 third_party/psyq/lib\libgte.a(cstbl.o)
 .note          0x0000000000001c8c       0x74 third_party/psyq/lib\libspu.a(s_gca.o)
 .note          0x0000000000001d00       0x74 third_party/psyq/lib\libspu.a(s_i.o)
 .note          0x0000000000001d74       0x74 third_party/psyq/lib\libspu.a(s_ini.o)
 .note          0x0000000000001de8       0x74 third_party/psyq/lib\libspu.a(s_m.o)
 .note          0x0000000000001e5c       0x74 third_party/psyq/lib\libspu.a(s_rmp0.o)
 .note          0x0000000000001ed0       0x74 third_party/psyq/lib\libspu.a(s_sccm.o)
 .note          0x0000000000001f44       0x74 third_party/psyq/lib\libspu.a(s_sccv.o)
 .note          0x0000000000001fb8       0x74 third_party/psyq/lib\libspu.a(s_scmv.o)
 .note          0x000000000000202c       0x74 third_party/psyq/lib\libspu.a(spu.o)
 .note          0x00000000000020a0       0x74 third_party/psyq/lib\libspu.a(s_dcb.o)
 .note          0x0000000000002114       0x74 third_party/psyq/lib\libapi.a(a07.o)
 .note          0x0000000000002188       0x74 third_party/psyq/lib\libapi.a(a08.o)
 .note          0x00000000000021fc       0x74 third_party/psyq/lib\libapi.a(a12.o)
 .note          0x0000000000002270       0x74 third_party/psyq/lib\libapi.a(a22.o)
 .note          0x00000000000022e4       0x74 third_party/psyq/lib\libapi.a(a23.o)
 .note          0x0000000000002358       0x74 third_party/psyq/lib\libapi.a(a24.o)
 .note          0x00000000000023cc       0x74 third_party/psyq/lib\libapi.a(a25.o)
 .note          0x0000000000002440       0x74 third_party/psyq/lib\libapi.a(a36.o)
 .note          0x00000000000024b4       0x74 third_party/psyq/lib\libapi.a(a37.o)
 .note          0x0000000000002528       0x74 third_party/psyq/lib\libapi.a(a91.o)
 .note          0x000000000000259c       0x74 third_party/psyq/lib\libapi.a(c114.o)
 .note          0x0000000000002610       0x74 third_party/psyq/lib\libapi.a(c68.o)
 .note          0x0000000000002684       0x74 third_party/psyq/lib\libapi.a(c73.o)
 .note          0x00000000000026f8       0x74 third_party/psyq/lib\libapi.a(l10.o)
 .note          0x000000000000276c       0x74 third_party/psyq/lib\libapi.a(pad.o)
 .note          0x00000000000027e0       0x74 third_party/psyq/lib\libapi.a(patch.o)
 .note          0x0000000000002854       0x74 third_party/psyq/lib\libapi.a(a18.o)
 .note          0x00000000000028c8       0x74 third_party/psyq/lib\libapi.a(a19.o)
 .note          0x000000000000293c       0x74 third_party/psyq/lib\libapi.a(a21.o)
 .note          0x00000000000029b0       0x74 third_party/psyq/lib\libapi.a(chclrpad.o)
 .note          0x0000000000002a24       0x74 third_party/psyq/lib\libapi.a(l02.o)
 .note          0x0000000000002a98       0x74 third_party/psyq/lib\libapi.a(l03.o)
 .note          0x0000000000002b0c       0x74 third_party/psyq/lib\libc.a(a63.o)
 .note          0x0000000000002b80       0x74 third_party/psyq/lib\libc.a(c19.o)
 .note          0x0000000000002bf4       0x74 third_party/psyq/lib\libc.a(c27.o)
 .note          0x0000000000002c68       0x74 third_party/psyq/lib\libc.a(c42.o)
 .note          0x0000000000002cdc       0x74 third_party/psyq/lib\libc.a(c43.o)

.debug_line     0x0000000000000000      0xf81
 .debug_line    0x0000000000000000       0x5b third_party/nugget/common/crt0/crt0.o
 .debug_line    0x000000000000005b      0xbf8 main.o
 .debug_line    0x0000000000000c53      0x32e tools.o

.debug_line_str
                0x0000000000000000       0x26
 .debug_line_str
                0x0000000000000000       0x26 third_party/nugget/common/crt0/crt0.o
                                         0x4c (size before relaxing)

.debug_info     0x0000000000000000     0x22b5
 .debug_info    0x0000000000000000       0x24 third_party/nugget/common/crt0/crt0.o
 .debug_info    0x0000000000000024     0x1be9 main.o
 .debug_info    0x0000000000001c0d      0x6a8 tools.o

.debug_abbrev   0x0000000000000000      0x710
 .debug_abbrev  0x0000000000000000       0x14 third_party/nugget/common/crt0/crt0.o
 .debug_abbrev  0x0000000000000014      0x45a main.o
 .debug_abbrev  0x000000000000046e      0x2a2 tools.o

.debug_aranges  0x0000000000000000       0xe0
 .debug_aranges
                0x0000000000000000       0x20 third_party/nugget/common/crt0/crt0.o
 .debug_aranges
                0x0000000000000020       0x78 main.o
 .debug_aranges
                0x0000000000000098       0x48 tools.o

.debug_str      0x0000000000000000      0x8a5
 .debug_str     0x0000000000000000       0x3b third_party/nugget/common/crt0/crt0.o
 .debug_str     0x000000000000003b      0x811 main.o
                                        0x88b (size before relaxing)
 .debug_str     0x000000000000084c       0x59 tools.o
                                        0x33c (size before relaxing)

.debug_loclists
                0x0000000000000000      0x574
 .debug_loclists
                0x0000000000000000      0x48f main.o
 .debug_loclists
                0x000000000000048f       0xe5 tools.o

.debug_rnglists
                0x0000000000000000      0x167
 .debug_rnglists
                0x0000000000000000      0x129 main.o
 .debug_rnglists
                0x0000000000000129       0x3e tools.o

.debug_frame    0x0000000000000000      0x2fc
 .debug_frame   0x0000000000000000      0x234 main.o
 .debug_frame   0x0000000000000234       0xc8 tools.o
